Archive member included because of file (symbol)

c:/davev4/dave-4.1.2/eclipse/arm-gcc-49/bin/../lib/gcc/arm-none-eabi/4.9.3/../../../../arm-none-eabi/lib/armv7e-m/softfp\libm.a(lib_a-wf_sqrt.o)
                              Dave/Generated/CMSIS_DSP/StatisticsFunctions/arm_rms_f32.o (sqrtf)
c:/davev4/dave-4.1.2/eclipse/arm-gcc-49/bin/../lib/gcc/arm-none-eabi/4.9.3/../../../../arm-none-eabi/lib/armv7e-m/softfp\libm.a(lib_a-ef_sqrt.o)
                              c:/davev4/dave-4.1.2/eclipse/arm-gcc-49/bin/../lib/gcc/arm-none-eabi/4.9.3/../../../../arm-none-eabi/lib/armv7e-m/softfp\libm.a(lib_a-wf_sqrt.o) (__ieee754_sqrtf)
c:/davev4/dave-4.1.2/eclipse/arm-gcc-49/bin/../lib/gcc/arm-none-eabi/4.9.3/../../../../arm-none-eabi/lib/armv7e-m/softfp\libm.a(lib_a-s_lib_ver.o)
                              c:/davev4/dave-4.1.2/eclipse/arm-gcc-49/bin/../lib/gcc/arm-none-eabi/4.9.3/../../../../arm-none-eabi/lib/armv7e-m/softfp\libm.a(lib_a-wf_sqrt.o) (__fdlib_version)
c:/davev4/dave-4.1.2/eclipse/arm-gcc-49/bin/../lib/gcc/arm-none-eabi/4.9.3/../../../../arm-none-eabi/lib/armv7e-m/softfp\libm.a(lib_a-s_matherr.o)
                              c:/davev4/dave-4.1.2/eclipse/arm-gcc-49/bin/../lib/gcc/arm-none-eabi/4.9.3/../../../../arm-none-eabi/lib/armv7e-m/softfp\libm.a(lib_a-wf_sqrt.o) (matherr)
c:/davev4/dave-4.1.2/eclipse/arm-gcc-49/bin/../lib/gcc/arm-none-eabi/4.9.3/../../../../arm-none-eabi/lib/armv7e-m/softfp\libm.a(lib_a-sf_fpclassify.o)
                              c:/davev4/dave-4.1.2/eclipse/arm-gcc-49/bin/../lib/gcc/arm-none-eabi/4.9.3/../../../../arm-none-eabi/lib/armv7e-m/softfp\libm.a(lib_a-wf_sqrt.o) (__fpclassifyf)
c:/davev4/dave-4.1.2/eclipse/arm-gcc-49/bin/../lib/gcc/arm-none-eabi/4.9.3/armv7e-m/softfp\libgcc.a(_arm_addsubdf3.o)
                              Dave/Generated/CMSIS_DSP/MatrixFunctions/arm_mat_inverse_f64.o (__aeabi_dsub)
c:/davev4/dave-4.1.2/eclipse/arm-gcc-49/bin/../lib/gcc/arm-none-eabi/4.9.3/armv7e-m/softfp\libgcc.a(_arm_muldivdf3.o)
                              main.o (__aeabi_dmul)
c:/davev4/dave-4.1.2/eclipse/arm-gcc-49/bin/../lib/gcc/arm-none-eabi/4.9.3/armv7e-m/softfp\libgcc.a(_arm_cmpdf2.o)
                              Dave/Generated/CMSIS_DSP/MatrixFunctions/arm_mat_inverse_f64.o (__aeabi_dcmpeq)
c:/davev4/dave-4.1.2/eclipse/arm-gcc-49/bin/../lib/gcc/arm-none-eabi/4.9.3/armv7e-m/softfp\libgcc.a(_arm_truncdfsf2.o)
                              main.o (__aeabi_d2f)
c:/davev4/dave-4.1.2/eclipse/arm-gcc-49/bin/../lib/gcc/arm-none-eabi/4.9.3/armv7e-m/softfp\libgcc.a(_aeabi_ldivmod.o)
                              Dave/Generated/CMSIS_DSP/StatisticsFunctions/arm_mean_q31.o (__aeabi_ldivmod)
c:/davev4/dave-4.1.2/eclipse/arm-gcc-49/bin/../lib/gcc/arm-none-eabi/4.9.3/armv7e-m/softfp\libgcc.a(_aeabi_uldivmod.o)
                              Dave/Generated/TIMER/timer.o (__aeabi_uldivmod)
c:/davev4/dave-4.1.2/eclipse/arm-gcc-49/bin/../lib/gcc/arm-none-eabi/4.9.3/armv7e-m/softfp\libgcc.a(_fixsfdi.o)
                              Dave/Generated/CMSIS_DSP/SupportFunctions/arm_float_to_q31.o (__aeabi_f2lz)
c:/davev4/dave-4.1.2/eclipse/arm-gcc-49/bin/../lib/gcc/arm-none-eabi/4.9.3/armv7e-m/softfp\libgcc.a(_fixunssfdi.o)
                              c:/davev4/dave-4.1.2/eclipse/arm-gcc-49/bin/../lib/gcc/arm-none-eabi/4.9.3/armv7e-m/softfp\libgcc.a(_fixsfdi.o) (__aeabi_f2ulz)
c:/davev4/dave-4.1.2/eclipse/arm-gcc-49/bin/../lib/gcc/arm-none-eabi/4.9.3/armv7e-m/softfp\libgcc.a(bpabi.o)
                              c:/davev4/dave-4.1.2/eclipse/arm-gcc-49/bin/../lib/gcc/arm-none-eabi/4.9.3/armv7e-m/softfp\libgcc.a(_aeabi_ldivmod.o) (__gnu_ldivmod_helper)
c:/davev4/dave-4.1.2/eclipse/arm-gcc-49/bin/../lib/gcc/arm-none-eabi/4.9.3/armv7e-m/softfp\libgcc.a(_dvmd_tls.o)
                              c:/davev4/dave-4.1.2/eclipse/arm-gcc-49/bin/../lib/gcc/arm-none-eabi/4.9.3/armv7e-m/softfp\libgcc.a(_aeabi_ldivmod.o) (__aeabi_ldiv0)
c:/davev4/dave-4.1.2/eclipse/arm-gcc-49/bin/../lib/gcc/arm-none-eabi/4.9.3/armv7e-m/softfp\libgcc.a(_arm_fixunsdfsi.o)
                              c:/davev4/dave-4.1.2/eclipse/arm-gcc-49/bin/../lib/gcc/arm-none-eabi/4.9.3/armv7e-m/softfp\libgcc.a(_fixunssfdi.o) (__aeabi_d2uiz)
c:/davev4/dave-4.1.2/eclipse/arm-gcc-49/bin/../lib/gcc/arm-none-eabi/4.9.3/armv7e-m/softfp\libgcc.a(_divdi3.o)
                              c:/davev4/dave-4.1.2/eclipse/arm-gcc-49/bin/../lib/gcc/arm-none-eabi/4.9.3/armv7e-m/softfp\libgcc.a(bpabi.o) (__divdi3)
c:/davev4/dave-4.1.2/eclipse/arm-gcc-49/bin/../lib/gcc/arm-none-eabi/4.9.3/armv7e-m/softfp\libgcc.a(_udivdi3.o)
                              c:/davev4/dave-4.1.2/eclipse/arm-gcc-49/bin/../lib/gcc/arm-none-eabi/4.9.3/armv7e-m/softfp\libgcc.a(bpabi.o) (__udivdi3)
c:/davev4/dave-4.1.2/eclipse/arm-gcc-49/bin/../lib/gcc/arm-none-eabi/4.9.3/../../../../arm-none-eabi/lib/armv7e-m/softfp\libg_nano.a(lib_a-errno.o)
[...]
Memory Configuration

Name             Origin             Length             Attributes
FLASH_1_cached   0x08000000         0x00040000         xr
FLASH_1_uncached 0x0c000000         0x00040000         xr
PSRAM_1          0x1fffc000         0x00004000         !xr
DSRAM_1_system   0x20000000         0x00006000         !xr
SRAM_combined    0x1fffc000         0x0000a000         !xr
*default*        0x00000000         0xffffffff

Linker script and memory map

LOAD BGT24MTR11.o
LOAD main.o
LOAD Startup/startup_XMC4200.o
LOAD Startup/system_XMC4200.o
LOAD Libraries/XMCLib/src/xmc4_eru.o
LOAD Libraries/XMCLib/src/xmc4_flash.o
LOAD Libraries/XMCLib/src/xmc4_gpio.o
LOAD Libraries/XMCLib/src/xmc4_rtc.o
LOAD Libraries/XMCLib/src/xmc4_scu.o
LOAD Libraries/XMCLib/src/xmc4_usic.o
LOAD Libraries/XMCLib/src/xmc_can.o
LOAD Libraries/XMCLib/src/xmc_ccu4.o
LOAD Libraries/XMCLib/src/xmc_ccu8.o
LOAD Libraries/XMCLib/src/xmc_common.o
LOAD Libraries/XMCLib/src/xmc_dac.o
LOAD Libraries/XMCLib/src/xmc_dma.o
LOAD Libraries/XMCLib/src/xmc_dsd.o
LOAD Libraries/XMCLib/src/xmc_ebu.o
LOAD Libraries/XMCLib/src/xmc_eru.o
LOAD Libraries/XMCLib/src/xmc_eth_mac.o
LOAD Libraries/XMCLib/src/xmc_fce.o
LOAD Libraries/XMCLib/src/xmc_gpio.o
LOAD Libraries/XMCLib/src/xmc_hrpwm.o
LOAD Libraries/XMCLib/src/xmc_i2c.o
LOAD Libraries/XMCLib/src/xmc_ledts.o
LOAD Libraries/XMCLib/src/xmc_posif.o
LOAD Libraries/XMCLib/src/xmc_rtc.o
LOAD Libraries/XMCLib/src/xmc_sdmmc.o
LOAD Libraries/XMCLib/src/xmc_spi.o
LOAD Libraries/XMCLib/src/xmc_uart.o
LOAD Libraries/XMCLib/src/xmc_usbd.o
LOAD Libraries/XMCLib/src/xmc_usic.o
LOAD Libraries/XMCLib/src/xmc_vadc.o
LOAD Libraries/XMCLib/src/xmc_wdt.o
LOAD Libraries/Newlib/syscalls.o
LOAD Dave/Generated/TIMER/timer.o
LOAD Dave/Generated/TIMER/timer_conf.o
LOAD Dave/Generated/SPI_MASTER/spi_master.o
LOAD Dave/Generated/SPI_MASTER/spi_master_conf.o
LOAD Dave/Generated/INTERRUPT/interrupt.o
LOAD Dave/Generated/INTERRUPT/interrupt_conf.o
LOAD Dave/Generated/GLOBAL_CCU4/global_ccu4.o
LOAD Dave/Generated/GLOBAL_CCU4/global_ccu4_conf.o
LOAD Dave/Generated/GLOBAL_ADC/global_adc.o
LOAD Dave/Generated/GLOBAL_ADC/global_adc_conf.o
LOAD Dave/Generated/DIGITAL_IO/digital_io.o
LOAD Dave/Generated/DIGITAL_IO/digital_io_conf.o
LOAD Dave/Generated/DAVE.o
LOAD Dave/Generated/DAC/dac.o
LOAD Dave/Generated/DAC/dac_conf.o
LOAD Dave/Generated/CPU_CTRL_XMC4/cpu_ctrl_xmc4.o
LOAD Dave/Generated/CPU_CTRL_XMC4/cpu_ctrl_xmc4_conf.o
LOAD Dave/Generated/COUNTER/counter.o
LOAD Dave/Generated/COUNTER/counter_conf.o
LOAD Dave/Generated/CMSIS_DSP/cmsis_dsp.o
LOAD Dave/Generated/CMSIS_DSP/TransformFunctions/arm_bitreversal.o
LOAD Dave/Generated/CMSIS_DSP/TransformFunctions/arm_bitreversal2.o
LOAD Dave/Generated/CMSIS_DSP/TransformFunctions/arm_cfft_f32.o
LOAD Dave/Generated/CMSIS_DSP/TransformFunctions/arm_cfft_q15.o
LOAD Dave/Generated/CMSIS_DSP/TransformFunctions/arm_cfft_q31.o
LOAD Dave/Generated/CMSIS_DSP/TransformFunctions/arm_cfft_radix2_f32.o
LOAD Dave/Generated/CMSIS_DSP/TransformFunctions/arm_cfft_radix2_init_f32.o
LOAD Dave/Generated/CMSIS_DSP/TransformFunctions/arm_cfft_radix2_init_q15.o
LOAD Dave/Generated/CMSIS_DSP/TransformFunctions/arm_cfft_radix2_init_q31.o
LOAD Dave/Generated/CMSIS_DSP/TransformFunctions/arm_cfft_radix2_q15.o
LOAD Dave/Generated/CMSIS_DSP/TransformFunctions/arm_cfft_radix2_q31.o
LOAD Dave/Generated/CMSIS_DSP/TransformFunctions/arm_cfft_radix4_f32.o
LOAD Dave/Generated/CMSIS_DSP/TransformFunctions/arm_cfft_radix4_init_f32.o
LOAD Dave/Generated/CMSIS_DSP/TransformFunctions/arm_cfft_radix4_init_q15.o
LOAD Dave/Generated/CMSIS_DSP/TransformFunctions/arm_cfft_radix4_init_q31.o
LOAD Dave/Generated/CMSIS_DSP/TransformFunctions/arm_cfft_radix4_q15.o
LOAD Dave/Generated/CMSIS_DSP/TransformFunctions/arm_cfft_radix4_q31.o
LOAD Dave/Generated/CMSIS_DSP/TransformFunctions/arm_cfft_radix8_f32.o
LOAD Dave/Generated/CMSIS_DSP/TransformFunctions/arm_dct4_f32.o
LOAD Dave/Generated/CMSIS_DSP/TransformFunctions/arm_dct4_init_f32.o
LOAD Dave/Generated/CMSIS_DSP/TransformFunctions/arm_dct4_init_q15.o
LOAD Dave/Generated/CMSIS_DSP/TransformFunctions/arm_dct4_init_q31.o
LOAD Dave/Generated/CMSIS_DSP/TransformFunctions/arm_dct4_q15.o
LOAD Dave/Generated/CMSIS_DSP/TransformFunctions/arm_dct4_q31.o
LOAD Dave/Generated/CMSIS_DSP/TransformFunctions/arm_rfft_f32.o
LOAD Dave/Generated/CMSIS_DSP/TransformFunctions/arm_rfft_fast_f32.o
LOAD Dave/Generated/CMSIS_DSP/TransformFunctions/arm_rfft_fast_init_f32.o
LOAD Dave/Generated/CMSIS_DSP/TransformFunctions/arm_rfft_init_f32.o
LOAD Dave/Generated/CMSIS_DSP/TransformFunctions/arm_rfft_init_q15.o
LOAD Dave/Generated/CMSIS_DSP/TransformFunctions/arm_rfft_init_q31.o
LOAD Dave/Generated/CMSIS_DSP/TransformFunctions/arm_rfft_q15.o
LOAD Dave/Generated/CMSIS_DSP/TransformFunctions/arm_rfft_q31.o
LOAD Dave/Generated/CMSIS_DSP/SupportFunctions/arm_copy_f32.o
LOAD Dave/Generated/CMSIS_DSP/SupportFunctions/arm_copy_q15.o
LOAD Dave/Generated/CMSIS_DSP/SupportFunctions/arm_copy_q31.o
LOAD Dave/Generated/CMSIS_DSP/SupportFunctions/arm_copy_q7.o
LOAD Dave/Generated/CMSIS_DSP/SupportFunctions/arm_fill_f32.o
LOAD Dave/Generated/CMSIS_DSP/SupportFunctions/arm_fill_q15.o
LOAD Dave/Generated/CMSIS_DSP/SupportFunctions/arm_fill_q31.o
LOAD Dave/Generated/CMSIS_DSP/SupportFunctions/arm_fill_q7.o
LOAD Dave/Generated/CMSIS_DSP/SupportFunctions/arm_float_to_q15.o
LOAD Dave/Generated/CMSIS_DSP/SupportFunctions/arm_float_to_q31.o
LOAD Dave/Generated/CMSIS_DSP/SupportFunctions/arm_float_to_q7.o
LOAD Dave/Generated/CMSIS_DSP/SupportFunctions/arm_q15_to_float.o
LOAD Dave/Generated/CMSIS_DSP/SupportFunctions/arm_q15_to_q31.o
LOAD Dave/Generated/CMSIS_DSP/SupportFunctions/arm_q15_to_q7.o
LOAD Dave/Generated/CMSIS_DSP/SupportFunctions/arm_q31_to_float.o
LOAD Dave/Generated/CMSIS_DSP/SupportFunctions/arm_q31_to_q15.o
LOAD Dave/Generated/CMSIS_DSP/SupportFunctions/arm_q31_to_q7.o
LOAD Dave/Generated/CMSIS_DSP/SupportFunctions/arm_q7_to_float.o
LOAD Dave/Generated/CMSIS_DSP/SupportFunctions/arm_q7_to_q15.o
LOAD Dave/Generated/CMSIS_DSP/SupportFunctions/arm_q7_to_q31.o
LOAD Dave/Generated/CMSIS_DSP/StatisticsFunctions/arm_max_f32.o
LOAD Dave/Generated/CMSIS_DSP/StatisticsFunctions/arm_max_q15.o
LOAD Dave/Generated/CMSIS_DSP/StatisticsFunctions/arm_max_q31.o
LOAD Dave/Generated/CMSIS_DSP/StatisticsFunctions/arm_max_q7.o
LOAD Dave/Generated/CMSIS_DSP/StatisticsFunctions/arm_mean_f32.o
LOAD Dave/Generated/CMSIS_DSP/StatisticsFunctions/arm_mean_q15.o
LOAD Dave/Generated/CMSIS_DSP/StatisticsFunctions/arm_mean_q31.o
LOAD Dave/Generated/CMSIS_DSP/StatisticsFunctions/arm_mean_q7.o
LOAD Dave/Generated/CMSIS_DSP/StatisticsFunctions/arm_min_f32.o
LOAD Dave/Generated/CMSIS_DSP/StatisticsFunctions/arm_min_q15.o
LOAD Dave/Generated/CMSIS_DSP/StatisticsFunctions/arm_min_q31.o
LOAD Dave/Generated/CMSIS_DSP/StatisticsFunctions/arm_min_q7.o
LOAD Dave/Generated/CMSIS_DSP/StatisticsFunctions/arm_power_f32.o
LOAD Dave/Generated/CMSIS_DSP/StatisticsFunctions/arm_power_q15.o
LOAD Dave/Generated/CMSIS_DSP/StatisticsFunctions/arm_power_q31.o
LOAD Dave/Generated/CMSIS_DSP/StatisticsFunctions/arm_power_q7.o
LOAD Dave/Generated/CMSIS_DSP/StatisticsFunctions/arm_rms_f32.o
LOAD Dave/Generated/CMSIS_DSP/StatisticsFunctions/arm_rms_q15.o
LOAD Dave/Generated/CMSIS_DSP/StatisticsFunctions/arm_rms_q31.o
LOAD Dave/Generated/CMSIS_DSP/StatisticsFunctions/arm_std_f32.o
LOAD Dave/Generated/CMSIS_DSP/StatisticsFunctions/arm_std_q15.o
LOAD Dave/Generated/CMSIS_DSP/StatisticsFunctions/arm_std_q31.o
LOAD Dave/Generated/CMSIS_DSP/StatisticsFunctions/arm_var_f32.o
LOAD Dave/Generated/CMSIS_DSP/StatisticsFunctions/arm_var_q15.o
LOAD Dave/Generated/CMSIS_DSP/StatisticsFunctions/arm_var_q31.o
LOAD Dave/Generated/CMSIS_DSP/MatrixFunctions/arm_mat_add_f32.o
LOAD Dave/Generated/CMSIS_DSP/MatrixFunctions/arm_mat_add_q15.o
LOAD Dave/Generated/CMSIS_DSP/MatrixFunctions/arm_mat_add_q31.o
LOAD Dave/Generated/CMSIS_DSP/MatrixFunctions/arm_mat_cmplx_mult_f32.o
LOAD Dave/Generated/CMSIS_DSP/MatrixFunctions/arm_mat_cmplx_mult_q15.o
LOAD Dave/Generated/CMSIS_DSP/MatrixFunctions/arm_mat_cmplx_mult_q31.o
LOAD Dave/Generated/CMSIS_DSP/MatrixFunctions/arm_mat_init_f32.o
LOAD Dave/Generated/CMSIS_DSP/MatrixFunctions/arm_mat_init_q15.o
LOAD Dave/Generated/CMSIS_DSP/MatrixFunctions/arm_mat_init_q31.o
LOAD Dave/Generated/CMSIS_DSP/MatrixFunctions/arm_mat_inverse_f32.o
LOAD Dave/Generated/CMSIS_DSP/MatrixFunctions/arm_mat_inverse_f64.o
LOAD Dave/Generated/CMSIS_DSP/MatrixFunctions/arm_mat_mult_f32.o
LOAD Dave/Generated/CMSIS_DSP/MatrixFunctions/arm_mat_mult_fast_q15.o
LOAD Dave/Generated/CMSIS_DSP/MatrixFunctions/arm_mat_mult_fast_q31.o
LOAD Dave/Generated/CMSIS_DSP/MatrixFunctions/arm_mat_mult_q15.o
LOAD Dave/Generated/CMSIS_DSP/MatrixFunctions/arm_mat_mult_q31.o
LOAD Dave/Generated/CMSIS_DSP/MatrixFunctions/arm_mat_scale_f32.o
LOAD Dave/Generated/CMSIS_DSP/MatrixFunctions/arm_mat_scale_q15.o
LOAD Dave/Generated/CMSIS_DSP/MatrixFunctions/arm_mat_scale_q31.o
LOAD Dave/Generated/CMSIS_DSP/MatrixFunctions/arm_mat_sub_f32.o
LOAD Dave/Generated/CMSIS_DSP/MatrixFunctions/arm_mat_sub_q15.o
LOAD Dave/Generated/CMSIS_DSP/MatrixFunctions/arm_mat_sub_q31.o
LOAD Dave/Generated/CMSIS_DSP/MatrixFunctions/arm_mat_trans_f32.o
LOAD Dave/Generated/CMSIS_DSP/MatrixFunctions/arm_mat_trans_q15.o
LOAD Dave/Generated/CMSIS_DSP/MatrixFunctions/arm_mat_trans_q31.o
LOAD Dave/Generated/CMSIS_DSP/FilteringFunctions/arm_biquad_cascade_df1_32x64_init_q31.o
LOAD Dave/Generated/CMSIS_DSP/FilteringFunctions/arm_biquad_cascade_df1_32x64_q31.o
LOAD Dave/Generated/CMSIS_DSP/FilteringFunctions/arm_biquad_cascade_df1_f32.o
LOAD Dave/Generated/CMSIS_DSP/FilteringFunctions/arm_biquad_cascade_df1_fast_q15.o
LOAD Dave/Generated/CMSIS_DSP/FilteringFunctions/arm_biquad_cascade_df1_fast_q31.o
LOAD Dave/Generated/CMSIS_DSP/FilteringFunctions/arm_biquad_cascade_df1_init_f32.o
LOAD Dave/Generated/CMSIS_DSP/FilteringFunctions/arm_biquad_cascade_df1_init_q15.o
LOAD Dave/Generated/CMSIS_DSP/FilteringFunctions/arm_biquad_cascade_df1_init_q31.o
LOAD Dave/Generated/CMSIS_DSP/FilteringFunctions/arm_biquad_cascade_df1_q15.o
LOAD Dave/Generated/CMSIS_DSP/FilteringFunctions/arm_biquad_cascade_df1_q31.o
LOAD Dave/Generated/CMSIS_DSP/FilteringFunctions/arm_biquad_cascade_df2T_f32.o
LOAD Dave/Generated/CMSIS_DSP/FilteringFunctions/arm_biquad_cascade_df2T_f64.o
LOAD Dave/Generated/CMSIS_DSP/FilteringFunctions/arm_biquad_cascade_df2T_init_f32.o
LOAD Dave/Generated/CMSIS_DSP/FilteringFunctions/arm_biquad_cascade_df2T_init_f64.o
LOAD Dave/Generated/CMSIS_DSP/FilteringFunctions/arm_biquad_cascade_stereo_df2T_f32.o
LOAD Dave/Generated/CMSIS_DSP/FilteringFunctions/arm_biquad_cascade_stereo_df2T_init_f32.o
LOAD Dave/Generated/CMSIS_DSP/FilteringFunctions/arm_conv_f32.o
LOAD Dave/Generated/CMSIS_DSP/FilteringFunctions/arm_conv_fast_opt_q15.o
LOAD Dave/Generated/CMSIS_DSP/FilteringFunctions/arm_conv_fast_q15.o
LOAD Dave/Generated/CMSIS_DSP/FilteringFunctions/arm_conv_fast_q31.o
LOAD Dave/Generated/CMSIS_DSP/FilteringFunctions/arm_conv_opt_q15.o
LOAD Dave/Generated/CMSIS_DSP/FilteringFunctions/arm_conv_opt_q7.o
LOAD Dave/Generated/CMSIS_DSP/FilteringFunctions/arm_conv_partial_f32.o
LOAD Dave/Generated/CMSIS_DSP/FilteringFunctions/arm_conv_partial_fast_opt_q15.o
LOAD Dave/Generated/CMSIS_DSP/FilteringFunctions/arm_conv_partial_fast_q15.o
LOAD Dave/Generated/CMSIS_DSP/FilteringFunctions/arm_conv_partial_fast_q31.o
LOAD Dave/Generated/CMSIS_DSP/FilteringFunctions/arm_conv_partial_opt_q15.o
LOAD Dave/Generated/CMSIS_DSP/FilteringFunctions/arm_conv_partial_opt_q7.o
LOAD Dave/Generated/CMSIS_DSP/FilteringFunctions/arm_conv_partial_q15.o
LOAD Dave/Generated/CMSIS_DSP/FilteringFunctions/arm_conv_partial_q31.o
LOAD Dave/Generated/CMSIS_DSP/FilteringFunctions/arm_conv_partial_q7.o
LOAD Dave/Generated/CMSIS_DSP/FilteringFunctions/arm_conv_q15.o
LOAD Dave/Generated/CMSIS_DSP/FilteringFunctions/arm_conv_q31.o
LOAD Dave/Generated/CMSIS_DSP/FilteringFunctions/arm_conv_q7.o
LOAD Dave/Generated/CMSIS_DSP/FilteringFunctions/arm_correlate_f32.o
LOAD Dave/Generated/CMSIS_DSP/FilteringFunctions/arm_correlate_fast_opt_q15.o
LOAD Dave/Generated/CMSIS_DSP/FilteringFunctions/arm_correlate_fast_q15.o
LOAD Dave/Generated/CMSIS_DSP/FilteringFunctions/arm_correlate_fast_q31.o
LOAD Dave/Generated/CMSIS_DSP/FilteringFunctions/arm_correlate_opt_q15.o
LOAD Dave/Generated/CMSIS_DSP/FilteringFunctions/arm_correlate_opt_q7.o
LOAD Dave/Generated/CMSIS_DSP/FilteringFunctions/arm_correlate_q15.o
LOAD Dave/Generated/CMSIS_DSP/FilteringFunctions/arm_correlate_q31.o
LOAD Dave/Generated/CMSIS_DSP/FilteringFunctions/arm_correlate_q7.o
LOAD Dave/Generated/CMSIS_DSP/FilteringFunctions/arm_fir_decimate_f32.o
LOAD Dave/Generated/CMSIS_DSP/FilteringFunctions/arm_fir_decimate_fast_q15.o
LOAD Dave/Generated/CMSIS_DSP/FilteringFunctions/arm_fir_decimate_fast_q31.o
LOAD Dave/Generated/CMSIS_DSP/FilteringFunctions/arm_fir_decimate_init_f32.o
LOAD Dave/Generated/CMSIS_DSP/FilteringFunctions/arm_fir_decimate_init_q15.o
LOAD Dave/Generated/CMSIS_DSP/FilteringFunctions/arm_fir_decimate_init_q31.o
LOAD Dave/Generated/CMSIS_DSP/FilteringFunctions/arm_fir_decimate_q15.o
LOAD Dave/Generated/CMSIS_DSP/FilteringFunctions/arm_fir_decimate_q31.o
LOAD Dave/Generated/CMSIS_DSP/FilteringFunctions/arm_fir_f32.o
LOAD Dave/Generated/CMSIS_DSP/FilteringFunctions/arm_fir_fast_q15.o
LOAD Dave/Generated/CMSIS_DSP/FilteringFunctions/arm_fir_fast_q31.o
LOAD Dave/Generated/CMSIS_DSP/FilteringFunctions/arm_fir_init_f32.o
LOAD Dave/Generated/CMSIS_DSP/FilteringFunctions/arm_fir_init_q15.o
LOAD Dave/Generated/CMSIS_DSP/FilteringFunctions/arm_fir_init_q31.o
LOAD Dave/Generated/CMSIS_DSP/FilteringFunctions/arm_fir_init_q7.o
LOAD Dave/Generated/CMSIS_DSP/FilteringFunctions/arm_fir_interpolate_f32.o
LOAD Dave/Generated/CMSIS_DSP/FilteringFunctions/arm_fir_interpolate_init_f32.o
LOAD Dave/Generated/CMSIS_DSP/FilteringFunctions/arm_fir_interpolate_init_q15.o
LOAD Dave/Generated/CMSIS_DSP/FilteringFunctions/arm_fir_interpolate_init_q31.o
LOAD Dave/Generated/CMSIS_DSP/FilteringFunctions/arm_fir_interpolate_q15.o
LOAD Dave/Generated/CMSIS_DSP/FilteringFunctions/arm_fir_interpolate_q31.o
LOAD Dave/Generated/CMSIS_DSP/FilteringFunctions/arm_fir_lattice_f32.o
LOAD Dave/Generated/CMSIS_DSP/FilteringFunctions/arm_fir_lattice_init_f32.o
LOAD Dave/Generated/CMSIS_DSP/FilteringFunctions/arm_fir_lattice_init_q15.o
LOAD Dave/Generated/CMSIS_DSP/FilteringFunctions/arm_fir_lattice_init_q31.o
LOAD Dave/Generated/CMSIS_DSP/FilteringFunctions/arm_fir_lattice_q15.o
LOAD Dave/Generated/CMSIS_DSP/FilteringFunctions/arm_fir_lattice_q31.o
LOAD Dave/Generated/CMSIS_DSP/FilteringFunctions/arm_fir_q15.o
LOAD Dave/Generated/CMSIS_DSP/FilteringFunctions/arm_fir_q31.o
LOAD Dave/Generated/CMSIS_DSP/FilteringFunctions/arm_fir_q7.o
LOAD Dave/Generated/CMSIS_DSP/FilteringFunctions/arm_fir_sparse_f32.o
LOAD Dave/Generated/CMSIS_DSP/FilteringFunctions/arm_fir_sparse_init_f32.o
LOAD Dave/Generated/CMSIS_DSP/FilteringFunctions/arm_fir_sparse_init_q15.o
LOAD Dave/Generated/CMSIS_DSP/FilteringFunctions/arm_fir_sparse_init_q31.o
LOAD Dave/Generated/CMSIS_DSP/FilteringFunctions/arm_fir_sparse_init_q7.o
LOAD Dave/Generated/CMSIS_DSP/FilteringFunctions/arm_fir_sparse_q15.o
LOAD Dave/Generated/CMSIS_DSP/FilteringFunctions/arm_fir_sparse_q31.o
LOAD Dave/Generated/CMSIS_DSP/FilteringFunctions/arm_fir_sparse_q7.o
LOAD Dave/Generated/CMSIS_DSP/FilteringFunctions/arm_iir_lattice_f32.o
LOAD Dave/Generated/CMSIS_DSP/FilteringFunctions/arm_iir_lattice_init_f32.o
LOAD Dave/Generated/CMSIS_DSP/FilteringFunctions/arm_iir_lattice_init_q15.o
LOAD Dave/Generated/CMSIS_DSP/FilteringFunctions/arm_iir_lattice_init_q31.o
LOAD Dave/Generated/CMSIS_DSP/FilteringFunctions/arm_iir_lattice_q15.o
LOAD Dave/Generated/CMSIS_DSP/FilteringFunctions/arm_iir_lattice_q31.o
LOAD Dave/Generated/CMSIS_DSP/FilteringFunctions/arm_lms_f32.o
LOAD Dave/Generated/CMSIS_DSP/FilteringFunctions/arm_lms_init_f32.o
LOAD Dave/Generated/CMSIS_DSP/FilteringFunctions/arm_lms_init_q15.o
LOAD Dave/Generated/CMSIS_DSP/FilteringFunctions/arm_lms_init_q31.o
LOAD Dave/Generated/CMSIS_DSP/FilteringFunctions/arm_lms_norm_f32.o
LOAD Dave/Generated/CMSIS_DSP/FilteringFunctions/arm_lms_norm_init_f32.o
LOAD Dave/Generated/CMSIS_DSP/FilteringFunctions/arm_lms_norm_init_q15.o
LOAD Dave/Generated/CMSIS_DSP/FilteringFunctions/arm_lms_norm_init_q31.o
LOAD Dave/Generated/CMSIS_DSP/FilteringFunctions/arm_lms_norm_q15.o
LOAD Dave/Generated/CMSIS_DSP/FilteringFunctions/arm_lms_norm_q31.o
LOAD Dave/Generated/CMSIS_DSP/FilteringFunctions/arm_lms_q15.o
LOAD Dave/Generated/CMSIS_DSP/FilteringFunctions/arm_lms_q31.o
LOAD Dave/Generated/CMSIS_DSP/FastMathFunctions/arm_cos_f32.o
LOAD Dave/Generated/CMSIS_DSP/FastMathFunctions/arm_cos_q15.o
LOAD Dave/Generated/CMSIS_DSP/FastMathFunctions/arm_cos_q31.o
LOAD Dave/Generated/CMSIS_DSP/FastMathFunctions/arm_sin_f32.o
LOAD Dave/Generated/CMSIS_DSP/FastMathFunctions/arm_sin_q15.o
LOAD Dave/Generated/CMSIS_DSP/FastMathFunctions/arm_sin_q31.o
LOAD Dave/Generated/CMSIS_DSP/FastMathFunctions/arm_sqrt_q15.o
LOAD Dave/Generated/CMSIS_DSP/FastMathFunctions/arm_sqrt_q31.o
LOAD Dave/Generated/CMSIS_DSP/ControllerFunctions/arm_pid_init_f32.o
LOAD Dave/Generated/CMSIS_DSP/ControllerFunctions/arm_pid_init_q15.o
LOAD Dave/Generated/CMSIS_DSP/ControllerFunctions/arm_pid_init_q31.o
LOAD Dave/Generated/CMSIS_DSP/ControllerFunctions/arm_pid_reset_f32.o
LOAD Dave/Generated/CMSIS_DSP/ControllerFunctions/arm_pid_reset_q15.o
LOAD Dave/Generated/CMSIS_DSP/ControllerFunctions/arm_pid_reset_q31.o
LOAD Dave/Generated/CMSIS_DSP/ControllerFunctions/arm_sin_cos_f32.o
LOAD Dave/Generated/CMSIS_DSP/ControllerFunctions/arm_sin_cos_q31.o
LOAD Dave/Generated/CMSIS_DSP/ComplexMathFunctions/arm_cmplx_conj_f32.o
LOAD Dave/Generated/CMSIS_DSP/ComplexMathFunctions/arm_cmplx_conj_q15.o
LOAD Dave/Generated/CMSIS_DSP/ComplexMathFunctions/arm_cmplx_conj_q31.o
LOAD Dave/Generated/CMSIS_DSP/ComplexMathFunctions/arm_cmplx_dot_prod_f32.o
LOAD Dave/Generated/CMSIS_DSP/ComplexMathFunctions/arm_cmplx_dot_prod_q15.o
LOAD Dave/Generated/CMSIS_DSP/ComplexMathFunctions/arm_cmplx_dot_prod_q31.o
LOAD Dave/Generated/CMSIS_DSP/ComplexMathFunctions/arm_cmplx_mag_f32.o
LOAD Dave/Generated/CMSIS_DSP/ComplexMathFunctions/arm_cmplx_mag_q15.o
LOAD Dave/Generated/CMSIS_DSP/ComplexMathFunctions/arm_cmplx_mag_q31.o
LOAD Dave/Generated/CMSIS_DSP/ComplexMathFunctions/arm_cmplx_mag_squared_f32.o
LOAD Dave/Generated/CMSIS_DSP/ComplexMathFunctions/arm_cmplx_mag_squared_q15.o
LOAD Dave/Generated/CMSIS_DSP/ComplexMathFunctions/arm_cmplx_mag_squared_q31.o
LOAD Dave/Generated/CMSIS_DSP/ComplexMathFunctions/arm_cmplx_mult_cmplx_f32.o
LOAD Dave/Generated/CMSIS_DSP/ComplexMathFunctions/arm_cmplx_mult_cmplx_q15.o
LOAD Dave/Generated/CMSIS_DSP/ComplexMathFunctions/arm_cmplx_mult_cmplx_q31.o
LOAD Dave/Generated/CMSIS_DSP/ComplexMathFunctions/arm_cmplx_mult_real_f32.o
LOAD Dave/Generated/CMSIS_DSP/ComplexMathFunctions/arm_cmplx_mult_real_q15.o
LOAD Dave/Generated/CMSIS_DSP/ComplexMathFunctions/arm_cmplx_mult_real_q31.o
LOAD Dave/Generated/CMSIS_DSP/CommonTables/arm_common_tables.o
LOAD Dave/Generated/CMSIS_DSP/CommonTables/arm_const_structs.o
LOAD Dave/Generated/CMSIS_DSP/BasicMathFunctions/arm_abs_f32.o
LOAD Dave/Generated/CMSIS_DSP/BasicMathFunctions/arm_abs_q15.o
LOAD Dave/Generated/CMSIS_DSP/BasicMathFunctions/arm_abs_q31.o
LOAD Dave/Generated/CMSIS_DSP/BasicMathFunctions/arm_abs_q7.o
LOAD Dave/Generated/CMSIS_DSP/BasicMathFunctions/arm_add_f32.o
LOAD Dave/Generated/CMSIS_DSP/BasicMathFunctions/arm_add_q15.o
LOAD Dave/Generated/CMSIS_DSP/BasicMathFunctions/arm_add_q31.o
LOAD Dave/Generated/CMSIS_DSP/BasicMathFunctions/arm_add_q7.o
LOAD Dave/Generated/CMSIS_DSP/BasicMathFunctions/arm_dot_prod_f32.o
LOAD Dave/Generated/CMSIS_DSP/BasicMathFunctions/arm_dot_prod_q15.o
LOAD Dave/Generated/CMSIS_DSP/BasicMathFunctions/arm_dot_prod_q31.o
LOAD Dave/Generated/CMSIS_DSP/BasicMathFunctions/arm_dot_prod_q7.o
LOAD Dave/Generated/CMSIS_DSP/BasicMathFunctions/arm_mult_f32.o
LOAD Dave/Generated/CMSIS_DSP/BasicMathFunctions/arm_mult_q15.o
LOAD Dave/Generated/CMSIS_DSP/BasicMathFunctions/arm_mult_q31.o
LOAD Dave/Generated/CMSIS_DSP/BasicMathFunctions/arm_mult_q7.o
LOAD Dave/Generated/CMSIS_DSP/BasicMathFunctions/arm_negate_f32.o
LOAD Dave/Generated/CMSIS_DSP/BasicMathFunctions/arm_negate_q15.o
LOAD Dave/Generated/CMSIS_DSP/BasicMathFunctions/arm_negate_q31.o
LOAD Dave/Generated/CMSIS_DSP/BasicMathFunctions/arm_negate_q7.o
LOAD Dave/Generated/CMSIS_DSP/BasicMathFunctions/arm_offset_f32.o
LOAD Dave/Generated/CMSIS_DSP/BasicMathFunctions/arm_offset_q15.o
LOAD Dave/Generated/CMSIS_DSP/BasicMathFunctions/arm_offset_q31.o
LOAD Dave/Generated/CMSIS_DSP/BasicMathFunctions/arm_offset_q7.o
LOAD Dave/Generated/CMSIS_DSP/BasicMathFunctions/arm_scale_f32.o
LOAD Dave/Generated/CMSIS_DSP/BasicMathFunctions/arm_scale_q15.o
LOAD Dave/Generated/CMSIS_DSP/BasicMathFunctions/arm_scale_q31.o
LOAD Dave/Generated/CMSIS_DSP/BasicMathFunctions/arm_scale_q7.o
LOAD Dave/Generated/CMSIS_DSP/BasicMathFunctions/arm_shift_q15.o
LOAD Dave/Generated/CMSIS_DSP/BasicMathFunctions/arm_shift_q31.o
LOAD Dave/Generated/CMSIS_DSP/BasicMathFunctions/arm_shift_q7.o
LOAD Dave/Generated/CMSIS_DSP/BasicMathFunctions/arm_sub_f32.o
LOAD Dave/Generated/CMSIS_DSP/BasicMathFunctions/arm_sub_q15.o
LOAD Dave/Generated/CMSIS_DSP/BasicMathFunctions/arm_sub_q31.o
LOAD Dave/Generated/CMSIS_DSP/BasicMathFunctions/arm_sub_q7.o
LOAD Dave/Generated/CLOCK_XMC4/clock_xmc4.o
LOAD Dave/Generated/CLOCK_XMC4/clock_xmc4_conf.o
LOAD Dave/Generated/ANALOG_IO/analog_io.o
LOAD Dave/Generated/ANALOG_IO/analog_io_conf.o
LOAD Dave/Generated/ADC_QUEUE/adc_queue.o
LOAD Dave/Generated/ADC_QUEUE/adc_queue_conf.o
LOAD c:/davev4/dave-4.1.2/eclipse/arm-gcc-49/bin/../lib/gcc/arm-none-eabi/4.9.3/../../../../arm-none-eabi/lib/armv7e-m/softfp\libm.a
START GROUP
LOAD c:/davev4/dave-4.1.2/eclipse/arm-gcc-49/bin/../lib/gcc/arm-none-eabi/4.9.3/armv7e-m/softfp\libgcc.a
LOAD c:/davev4/dave-4.1.2/eclipse/arm-gcc-49/bin/../lib/gcc/arm-none-eabi/4.9.3/../../../../arm-none-eabi/lib/armv7e-m/softfp\libg_nano.a
LOAD c:/davev4/dave-4.1.2/eclipse/arm-gcc-49/bin/../lib/gcc/arm-none-eabi/4.9.3/../../../../arm-none-eabi/lib/armv7e-m/softfp\libc_nano.a
END GROUP
START GROUP
LOAD c:/davev4/dave-4.1.2/eclipse/arm-gcc-49/bin/../lib/gcc/arm-none-eabi/4.9.3/armv7e-m/softfp\libgcc.a
LOAD c:/davev4/dave-4.1.2/eclipse/arm-gcc-49/bin/../lib/gcc/arm-none-eabi/4.9.3/../../../../arm-none-eabi/lib/armv7e-m/softfp\libc_nano.a
END GROUP
                0x00000800                stack_size = 0x800

.text           0x08000000     0x7ec0 load address 0x0c000000
                0x08000000                sText = .
 *(.reset)
 .reset         0x08000000      0x294 Startup/startup_XMC4200.o
                0x08000000                __Vectors
                0x08000200                Reset_Handler
                0x08000290                DebugMon_Handler
                0x08000290                VADC0_C0_0_IRQHandler
                0x08000290                CAN0_4_IRQHandler
                0x08000290                USIC0_5_IRQHandler
                0x08000290                POSIF0_0_IRQHandler
                0x08000290                HardFault_Handler
                0x08000290                VADC0_G1_1_IRQHandler
                0x08000290                SysTick_Handler
                0x08000290                PendSV_Handler
                0x08000290                NMI_Handler
                0x08000290                USIC1_3_IRQHandler
                0x08000290                CCU40_2_IRQHandler
                0x08000290                SCU_0_IRQHandler
                0x08000290                ERU0_0_IRQHandler
                0x08000290                CCU41_0_IRQHandler
                0x08000290                USIC1_5_IRQHandler
                0x08000290                CCU80_1_IRQHandler
                0x08000290                HRPWM_0_IRQHandler
                0x08000290                HRPWM_1_IRQHandler
                0x08000290                UsageFault_Handler
                0x08000290                USIC0_0_IRQHandler
                0x08000290                ERU0_2_IRQHandler
                0x08000290                ERU1_1_IRQHandler
                0x08000290                ERU0_3_IRQHandler
                0x08000290                VADC0_C0_3_IRQHandler
                0x08000290                CAN0_6_IRQHandler
                0x08000290                VADC0_G0_1_IRQHandler
                0x08000290                USIC1_1_IRQHandler
                0x08000290                CCU40_0_IRQHandler
                0x08000290                CAN0_0_IRQHandler
                0x08000290                ERU1_0_IRQHandler
                0x08000290                HRPWM_3_IRQHandler
                0x08000290                Default_Handler
                0x08000290                USIC1_4_IRQHandler
                0x08000290                ERU1_3_IRQHandler
                0x08000290                USIC1_0_IRQHandler
                0x08000290                POSIF0_1_IRQHandler
                0x08000290                CCU80_3_IRQHandler
                0x08000290                CCU80_2_IRQHandler
                0x08000290                VADC0_G1_3_IRQHandler
                0x08000290                VADC0_G0_3_IRQHandler
                0x08000290                GPDMA0_0_IRQHandler
                0x08000290                PMU0_0_IRQHandler
                0x08000290                CAN0_7_IRQHandler
                0x08000290                CCU41_2_IRQHandler
                0x08000290                VADC0_C0_1_IRQHandler
                0x08000290                MemManage_Handler
                0x08000290                DAC0_0_IRQHandler
                0x08000290                SVC_Handler
                0x08000290                ERU1_2_IRQHandler
                0x08000290                CCU41_1_IRQHandler
                0x08000290                VADC0_G1_2_IRQHandler
                0x08000290                CAN0_2_IRQHandler
                0x08000290                VADC0_G0_2_IRQHandler
                0x08000290                CAN0_3_IRQHandler
                0x08000290                USIC0_3_IRQHandler
                0x08000290                HRPWM_2_IRQHandler
                0x08000290                VADC0_C0_2_IRQHandler
                0x08000290                FCE0_0_IRQHandler
                0x08000290                VADC0_G1_0_IRQHandler
                0x08000290                USB0_0_IRQHandler
                0x08000290                CAN0_5_IRQHandler
                0x08000290                CCU80_0_IRQHandler
                0x08000290                CCU40_1_IRQHandler
                0x08000290                CCU40_3_IRQHandler
                0x08000290                BusFault_Handler
                0x08000290                LEDTS0_0_IRQHandler
                0x08000290                USIC0_4_IRQHandler
                0x08000290                ERU0_1_IRQHandler
                0x08000290                USIC1_2_IRQHandler
                0x08000290                CAN0_1_IRQHandler
                0x08000290                DAC0_1_IRQHandler
 *(.text .text.* .gnu.linkonce.t.*)
 .text.BGTStartTX
                0x08000294       0x20 BGT24MTR11.o
                0x08000294                BGTStartTX
 .text.BGT_LO_Adjust
                0x080002b4       0xe8 BGT24MTR11.o
                0x080002b4                BGT_LO_Adjust
 .text.XMC_GPIO_SetOutputHigh
                0x0800039c       0x20 main.o
 .text.XMC_GPIO_SetOutputLow
                0x080003bc       0x24 main.o
 .text.XMC_GPIO_ToggleOutput
                0x080003e0       0x24 main.o
 .text.DIGITAL_IO_SetOutputHigh
                0x08000404       0x20 main.o
 .text.DIGITAL_IO_SetOutputLow
                0x08000424       0x20 main.o
 .text.DIGITAL_IO_ToggleOutput
                0x08000444       0x20 main.o
 .text.XMC_VADC_GROUP_ResultInit
                0x08000464       0x24 main.o
 .text.XMC_VADC_GROUP_GetDetailedResult
                0x08000488       0x20 main.o
 .text.XMC_VADC_GROUP_GetResult
                0x080004a8       0x24 main.o
 .text.main     0x080004cc      0x13c main.o
                0x080004cc                main
 .text.CCU41_3_IRQHandler
                0x08000608       0x38 main.o
                0x08000608                CCU41_3_IRQHandler
 .text.genHanningData
                0x08000640       0xa8 main.o
                0x08000640                genHanningData
 .text.SystemInit
                0x080006e8       0x34 Startup/system_XMC4200.o
                0x080006e8                SystemInit
 .text.SystemCoreSetup
                0x0800071c       0x70 Startup/system_XMC4200.o
                0x0800071c                SystemCoreSetup
 .text.SystemCoreClockUpdate
                0x0800078c       0xd4 Startup/system_XMC4200.o
                0x0800078c                SystemCoreClockUpdate
 .text.XMC_GPIO_Init
                0x08000860      0x134 Libraries/XMCLib/src/xmc4_gpio.o
                0x08000860                XMC_GPIO_Init
 .text.XMC_SCU_CLOCK_GetCpuClockFrequency
                0x08000994       0x18 Libraries/XMCLib/src/xmc4_scu.o
 .text.XMC_SCU_lDelay
                0x080009ac       0x44 Libraries/XMCLib/src/xmc4_scu.o
 .text.XMC_SCU_CLOCK_Init
                0x080009f0       0xbc Libraries/XMCLib/src/xmc4_scu.o
                0x080009f0                XMC_SCU_CLOCK_Init
 .text.XMC_SCU_RESET_DeassertPeripheralReset
                0x08000aac       0x3c Libraries/XMCLib/src/xmc4_scu.o
                0x08000aac                XMC_SCU_RESET_DeassertPeripheralReset
 .text.XMC_SCU_CLOCK_GetPeripheralClockFrequency
                0x08000ae8       0x20 Libraries/XMCLib/src/xmc4_scu.o
                0x08000ae8                XMC_SCU_CLOCK_GetPeripheralClockFrequency
 .text.XMC_SCU_CLOCK_SetSystemClockSource
                0x08000b08       0x28 Libraries/XMCLib/src/xmc4_scu.o
                0x08000b08                XMC_SCU_CLOCK_SetSystemClockSource
 .text.XMC_SCU_CLOCK_SetUsbClockSource
                0x08000b30       0x28 Libraries/XMCLib/src/xmc4_scu.o
                0x08000b30                XMC_SCU_CLOCK_SetUsbClockSource
 .text.XMC_SCU_CLOCK_SetWdtClockSource
                0x08000b58       0x28 Libraries/XMCLib/src/xmc4_scu.o
                0x08000b58                XMC_SCU_CLOCK_SetWdtClockSource
 .text.XMC_SCU_CLOCK_SetSystemPllClockSource
                0x08000b80       0x40 Libraries/XMCLib/src/xmc4_scu.o
                0x08000b80                XMC_SCU_CLOCK_SetSystemPllClockSource
 .text.XMC_SCU_HIB_SetRtcClockSource
                0x08000bc0       0x3c Libraries/XMCLib/src/xmc4_scu.o
                0x08000bc0                XMC_SCU_HIB_SetRtcClockSource
 .text.XMC_SCU_HIB_SetStandbyClockSource
                0x08000bfc       0x3c Libraries/XMCLib/src/xmc4_scu.o
                0x08000bfc                XMC_SCU_HIB_SetStandbyClockSource
 .text.XMC_SCU_CLOCK_SetSystemClockDivider
                0x08000c38       0x28 Libraries/XMCLib/src/xmc4_scu.o
                0x08000c38                XMC_SCU_CLOCK_SetSystemClockDivider
 .text.XMC_SCU_CLOCK_SetCcuClockDivider
                0x08000c60       0x28 Libraries/XMCLib/src/xmc4_scu.o
                0x08000c60                XMC_SCU_CLOCK_SetCcuClockDivider
 .text.XMC_SCU_CLOCK_SetCpuClockDivider
                0x08000c88       0x28 Libraries/XMCLib/src/xmc4_scu.o
                0x08000c88                XMC_SCU_CLOCK_SetCpuClockDivider
 .text.XMC_SCU_CLOCK_SetPeripheralClockDivider
                0x08000cb0       0x28 Libraries/XMCLib/src/xmc4_scu.o
                0x08000cb0                XMC_SCU_CLOCK_SetPeripheralClockDivider
 .text.XMC_SCU_CLOCK_SetUsbClockDivider
                0x08000cd8       0x28 Libraries/XMCLib/src/xmc4_scu.o
                0x08000cd8                XMC_SCU_CLOCK_SetUsbClockDivider
 .text.XMC_SCU_CLOCK_SetWdtClockDivider
                0x08000d00       0x28 Libraries/XMCLib/src/xmc4_scu.o
                0x08000d00                XMC_SCU_CLOCK_SetWdtClockDivider
 .text.XMC_SCU_CLOCK_EnableClock
                0x08000d28       0x20 Libraries/XMCLib/src/xmc4_scu.o
                0x08000d28                XMC_SCU_CLOCK_EnableClock
 .text.XMC_SCU_CLOCK_UngatePeripheralClock
                0x08000d48       0x3c Libraries/XMCLib/src/xmc4_scu.o
                0x08000d48                XMC_SCU_CLOCK_UngatePeripheralClock
 .text.XMC_SCU_CLOCK_StartUsbPll
                0x08000d84       0x74 Libraries/XMCLib/src/xmc4_scu.o
                0x08000d84                XMC_SCU_CLOCK_StartUsbPll
 .text.XMC_SCU_CLOCK_SetBackupClockCalibrationMode
                0x08000df8       0x4c Libraries/XMCLib/src/xmc4_scu.o
                0x08000df8                XMC_SCU_CLOCK_SetBackupClockCalibrationMode
 .text.XMC_SCU_HIB_EnableHibernateDomain
                0x08000e44       0x54 Libraries/XMCLib/src/xmc4_scu.o
                0x08000e44                XMC_SCU_HIB_EnableHibernateDomain
 .text.XMC_SCU_CLOCK_EnableLowPowerOscillator
                0x08000e98       0x74 Libraries/XMCLib/src/xmc4_scu.o
                0x08000e98                XMC_SCU_CLOCK_EnableLowPowerOscillator
 .text.XMC_SCU_CLOCK_EnableHighPerformanceOscillator
                0x08000f0c       0x60 Libraries/XMCLib/src/xmc4_scu.o
                0x08000f0c                XMC_SCU_CLOCK_EnableHighPerformanceOscillator
 .text.XMC_SCU_CLOCK_EnableSystemPll
                0x08000f6c       0x20 Libraries/XMCLib/src/xmc4_scu.o
                0x08000f6c                XMC_SCU_CLOCK_EnableSystemPll
 .text.XMC_SCU_CLOCK_DisableSystemPll
                0x08000f8c       0x20 Libraries/XMCLib/src/xmc4_scu.o
                0x08000f8c                XMC_SCU_CLOCK_DisableSystemPll
 .text.XMC_SCU_CLOCK_StartSystemPll
                0x08000fac      0x1a0 Libraries/XMCLib/src/xmc4_scu.o
                0x08000fac                XMC_SCU_CLOCK_StartSystemPll
 .text.XMC_SCU_CLOCK_StepSystemPllFrequency
                0x0800114c       0x2c Libraries/XMCLib/src/xmc4_scu.o
                0x0800114c                XMC_SCU_CLOCK_StepSystemPllFrequency
 .text.XMC_USIC_Enable
                0x08001178       0x48 Libraries/XMCLib/src/xmc4_usic.o
                0x08001178                XMC_USIC_Enable
 .text.XMC_CCU4_EnableModule
                0x080011c0       0x20 Libraries/XMCLib/src/xmc_ccu4.o
                0x080011c0                XMC_CCU4_EnableModule
 .text.XMC_CCU4_Init
                0x080011e0       0x38 Libraries/XMCLib/src/xmc_ccu4.o
                0x080011e0                XMC_CCU4_Init
 .text.XMC_CCU4_SLICE_CompareInit
                0x08001218       0x6c Libraries/XMCLib/src/xmc_ccu4.o
                0x08001218                XMC_CCU4_SLICE_CompareInit
 .text.XMC_CCU4_SLICE_CountConfig
                0x08001284       0x34 Libraries/XMCLib/src/xmc_ccu4.o
                0x08001284                XMC_CCU4_SLICE_CountConfig
 .text.XMC_CCU4_SLICE_GateConfig
                0x080012b8       0x34 Libraries/XMCLib/src/xmc_ccu4.o
                0x080012b8                XMC_CCU4_SLICE_GateConfig
 .text.XMC_CCU4_SLICE_DirectionConfig
                0x080012ec       0x34 Libraries/XMCLib/src/xmc_ccu4.o
                0x080012ec                XMC_CCU4_SLICE_DirectionConfig
 .text.XMC_CCU4_SLICE_ConfigureEvent
                0x08001320       0xd4 Libraries/XMCLib/src/xmc_ccu4.o
                0x08001320                XMC_CCU4_SLICE_ConfigureEvent
 .text.XMC_CCU4_SLICE_SetTimerCountingMode
                0x080013f4       0x38 Libraries/XMCLib/src/xmc_ccu4.o
                0x080013f4                XMC_CCU4_SLICE_SetTimerCountingMode
 .text.XMC_CCU4_SLICE_SetPrescaler
                0x0800142c       0x3c Libraries/XMCLib/src/xmc_ccu4.o
                0x0800142c                XMC_CCU4_SLICE_SetPrescaler
 .text.XMC_CCU4_EnableShadowTransfer
                0x08001468       0x20 Libraries/XMCLib/src/xmc_ccu4.o
                0x08001468                XMC_CCU4_EnableShadowTransfer
 .text.XMC_CCU4_SLICE_SetInterruptNode
                0x08001488       0xb0 Libraries/XMCLib/src/xmc_ccu4.o
                0x08001488                XMC_CCU4_SLICE_SetInterruptNode
 .text.XMC_CCU4_lDeassertReset
                0x08001538       0x28 Libraries/XMCLib/src/xmc_ccu4.o
                0x08001538                XMC_CCU4_lDeassertReset
 .text.XMC_CCU4_lUngateClock
                0x08001560       0x28 Libraries/XMCLib/src/xmc_ccu4.o
                0x08001560                XMC_CCU4_lUngateClock
 .text.XMC_DAC_CH_EnableOutput
                0x08001588       0x30 Libraries/XMCLib/src/xmc_dac.o
 .text.XMC_DAC_CH_EnablePatternSignOutput
                0x080015b8       0x30 Libraries/XMCLib/src/xmc_dac.o
 .text.XMC_DAC_CH_DisablePatternSignOutput
                0x080015e8       0x30 Libraries/XMCLib/src/xmc_dac.o
 .text.XMC_DAC_CH_SetRampStart
                0x08001618       0x28 Libraries/XMCLib/src/xmc_dac.o
 .text.XMC_DAC_CH_SetRampStop
                0x08001640       0x3c Libraries/XMCLib/src/xmc_dac.o
 .text.XMC_DAC_CH_SetTrigger
                0x0800167c       0x34 Libraries/XMCLib/src/xmc_dac.o
 .text.XMC_DAC_CH_SetMode
                0x080016b0       0x34 Libraries/XMCLib/src/xmc_dac.o
 .text.XMC_DAC_Enable
                0x080016e4       0x20 Libraries/XMCLib/src/xmc_dac.o
                0x080016e4                XMC_DAC_Enable
 .text.XMC_DAC_CH_Init
                0x08001704       0x48 Libraries/XMCLib/src/xmc_dac.o
                0x08001704                XMC_DAC_CH_Init
 .text.XMC_DAC_CH_SetFrequency
                0x0800174c       0x60 Libraries/XMCLib/src/xmc_dac.o
                0x0800174c                XMC_DAC_CH_SetFrequency
 .text.XMC_DAC_CH_SetRampFrequency
                0x080017ac       0x50 Libraries/XMCLib/src/xmc_dac.o
                0x080017ac                XMC_DAC_CH_SetRampFrequency
 .text.XMC_DAC_CH_StartSingleValueMode
                0x080017fc       0x24 Libraries/XMCLib/src/xmc_dac.o
                0x080017fc                XMC_DAC_CH_StartSingleValueMode
 .text.XMC_DAC_CH_StartDataMode
                0x08001820       0x60 Libraries/XMCLib/src/xmc_dac.o
                0x08001820                XMC_DAC_CH_StartDataMode
 .text.XMC_DAC_CH_StartRampMode
                0x08001880       0x88 Libraries/XMCLib/src/xmc_dac.o
                0x08001880                XMC_DAC_CH_StartRampMode
 .text.XMC_DAC_CH_StartPatternMode
                0x08001908       0x90 Libraries/XMCLib/src/xmc_dac.o
                0x08001908                XMC_DAC_CH_StartPatternMode
 .text.XMC_DAC_CH_StartNoiseMode
                0x08001998       0x60 Libraries/XMCLib/src/xmc_dac.o
                0x08001998                XMC_DAC_CH_StartNoiseMode
 .text.XMC_DAC_CH_SetPattern
                0x080019f8       0xa0 Libraries/XMCLib/src/xmc_dac.o
                0x080019f8                XMC_DAC_CH_SetPattern
 .text.XMC_GPIO_SetHardwareControl
                0x08001a98       0x44 Libraries/XMCLib/src/xmc_gpio.o
                0x08001a98                XMC_GPIO_SetHardwareControl
 .text.XMC_USIC_CH_GetTransmitBufferStatus
                0x08001adc       0x20 Libraries/XMCLib/src/xmc_spi.o
 .text.XMC_SPI_CH_ClearStatusFlag
                0x08001afc       0x20 Libraries/XMCLib/src/xmc_spi.o
 .text.XMC_SPI_CH_Init
                0x08001b1c       0x68 Libraries/XMCLib/src/xmc_spi.o
                0x08001b1c                XMC_SPI_CH_Init
 .text.XMC_SPI_CH_EnableSlaveSelect
                0x08001b84       0x2c Libraries/XMCLib/src/xmc_spi.o
                0x08001b84                XMC_SPI_CH_EnableSlaveSelect
 .text.XMC_SPI_CH_Transmit
                0x08001bb0       0x70 Libraries/XMCLib/src/xmc_spi.o
                0x08001bb0                XMC_SPI_CH_Transmit
 .text.XMC_SPI_CH_GetReceivedData
                0x08001c20       0x34 Libraries/XMCLib/src/xmc_spi.o
                0x08001c20                XMC_SPI_CH_GetReceivedData
 .text.XMC_USIC_CH_Enable
                0x08001c54       0x74 Libraries/XMCLib/src/xmc_usic.o
                0x08001c54                XMC_USIC_CH_Enable
 .text.XMC_USIC_CH_SetBaudrate
                0x08001cc8       0xe0 Libraries/XMCLib/src/xmc_usic.o
                0x08001cc8                XMC_USIC_CH_SetBaudrate
 .text.XMC_USIC_CH_TXFIFO_Configure
                0x08001da8       0x50 Libraries/XMCLib/src/xmc_usic.o
                0x08001da8                XMC_USIC_CH_TXFIFO_Configure
 .text.XMC_USIC_CH_RXFIFO_SetSizeTriggerLimit
                0x08001df8       0x44 Libraries/XMCLib/src/xmc_usic.o
                0x08001df8                XMC_USIC_CH_RXFIFO_SetSizeTriggerLimit
 .text.XMC_USIC_CH_SetInterruptNodePointer
                0x08001e3c       0x38 Libraries/XMCLib/src/xmc_usic.o
                0x08001e3c                XMC_USIC_CH_SetInterruptNodePointer
 .text.XMC_USIC_CH_TXFIFO_SetInterruptNodePointer
                0x08001e74       0x3c Libraries/XMCLib/src/xmc_usic.o
                0x08001e74                XMC_USIC_CH_TXFIFO_SetInterruptNodePointer
 .text.XMC_VADC_GROUP_ExternalMuxControlInit
                0x08001eb0       0x7c Libraries/XMCLib/src/xmc_vadc.o
 .text.XMC_VADC_GROUP_QueueEnableArbitrationSlot
                0x08001f2c       0x24 Libraries/XMCLib/src/xmc_vadc.o
 .text.XMC_VADC_GROUP_QueueDisableArbitrationSlot
                0x08001f50       0x24 Libraries/XMCLib/src/xmc_vadc.o
 .text.XMC_VADC_GLOBAL_EnableModule
                0x08001f74       0x14 Libraries/XMCLib/src/xmc_vadc.o
                0x08001f74                XMC_VADC_GLOBAL_EnableModule
 .text.XMC_VADC_GLOBAL_Init
                0x08001f88       0x54 Libraries/XMCLib/src/xmc_vadc.o
                0x08001f88                XMC_VADC_GLOBAL_Init
 .text.XMC_VADC_GLOBAL_StartupCalibration
                0x08001fdc       0x60 Libraries/XMCLib/src/xmc_vadc.o
                0x08001fdc                XMC_VADC_GLOBAL_StartupCalibration
 .text.XMC_VADC_GROUP_Init
                0x0800203c       0x68 Libraries/XMCLib/src/xmc_vadc.o
                0x0800203c                XMC_VADC_GROUP_Init
 .text.XMC_VADC_GROUP_InputClassInit
                0x080020a4       0xb8 Libraries/XMCLib/src/xmc_vadc.o
                0x080020a4                XMC_VADC_GROUP_InputClassInit
 .text.XMC_VADC_GROUP_SetPowerMode
                0x0800215c       0x38 Libraries/XMCLib/src/xmc_vadc.o
                0x0800215c                XMC_VADC_GROUP_SetPowerMode
 .text.XMC_VADC_GROUP_QueueInit
                0x08002194       0x9c Libraries/XMCLib/src/xmc_vadc.o
                0x08002194                XMC_VADC_GROUP_QueueInit
 .text.XMC_VADC_GROUP_QueueSetReqSrcEventInterruptNode
                0x08002230       0x38 Libraries/XMCLib/src/xmc_vadc.o
                0x08002230                XMC_VADC_GROUP_QueueSetReqSrcEventInterruptNode
 .text.XMC_VADC_GROUP_ChannelInit
                0x08002268       0xdc Libraries/XMCLib/src/xmc_vadc.o
                0x08002268                XMC_VADC_GROUP_ChannelInit
 .text.XMC_VADC_GROUP_ChannelGetResultRegister
                0x08002344       0x2c Libraries/XMCLib/src/xmc_vadc.o
                0x08002344                XMC_VADC_GROUP_ChannelGetResultRegister
 .text._init    0x08002370        0xc Libraries/Newlib/syscalls.o
                0x08002370                _init
 .text.XMC_CCU4_EnableClock
                0x0800237c       0x28 Dave/Generated/TIMER/timer.o
 .text.XMC_CCU4_SLICE_IsTimerRunning
                0x080023a4       0x28 Dave/Generated/TIMER/timer.o
 .text.XMC_CCU4_SLICE_StartTimer
                0x080023cc       0x18 Dave/Generated/TIMER/timer.o
 .text.XMC_CCU4_SLICE_StopTimer
                0x080023e4       0x20 Dave/Generated/TIMER/timer.o
 .text.XMC_CCU4_SLICE_ClearTimer
                0x08002404       0x20 Dave/Generated/TIMER/timer.o
 .text.XMC_CCU4_SLICE_SetTimerPeriodMatch
                0x08002424       0x1c Dave/Generated/TIMER/timer.o
 .text.XMC_CCU4_SLICE_SetTimerCompareMatch
                0x08002440       0x1c Dave/Generated/TIMER/timer.o
 .text.XMC_CCU4_SLICE_EnableEvent
                0x0800245c       0x2c Dave/Generated/TIMER/timer.o
 .text.TIMER_Init
                0x08002488       0x3c Dave/Generated/TIMER/timer.o
                0x08002488                TIMER_Init
 .text.TIMER_Start
                0x080024c4       0x3c Dave/Generated/TIMER/timer.o
                0x080024c4                TIMER_Start
 .text.TIMER_Stop
                0x08002500       0x48 Dave/Generated/TIMER/timer.o
                0x08002500                TIMER_Stop
 .text.TIMER_GetTimerStatus
                0x08002548       0x30 Dave/Generated/TIMER/timer.o
                0x08002548                TIMER_GetTimerStatus
 .text.TIMER_SetTimeInterval
                0x08002578      0x128 Dave/Generated/TIMER/timer.o
                0x08002578                TIMER_SetTimeInterval
 .text.TIMER_Clear
                0x080026a0       0x3c Dave/Generated/TIMER/timer.o
                0x080026a0                TIMER_Clear
 .text.TIMER_CCU4_lInit
                0x080026dc       0x98 Dave/Generated/TIMER/timer.o
                0x080026dc                TIMER_CCU4_lInit
 .text.TIMER_CCU4_lShadowTransfer
                0x08002774       0x3c Dave/Generated/TIMER/timer.o
                0x08002774                TIMER_CCU4_lShadowTransfer
 .text.XMC_USIC_CH_EnableEvent
                0x080027b0       0x20 Dave/Generated/SPI_MASTER/spi_master.o
 .text.XMC_USIC_CH_DisableEvent
                0x080027d0       0x24 Dave/Generated/SPI_MASTER/spi_master.o
 .text.XMC_USIC_CH_GetTransmitBufferStatus
                0x080027f4       0x20 Dave/Generated/SPI_MASTER/spi_master.o
 .text.XMC_USIC_CH_GetReceiveBufferStatus
                0x08002814       0x1c Dave/Generated/SPI_MASTER/spi_master.o
 .text.XMC_USIC_CH_TriggerServiceRequest
                0x08002830       0x28 Dave/Generated/SPI_MASTER/spi_master.o
 .text.XMC_USIC_CH_TXFIFO_EnableEvent
                0x08002858       0x24 Dave/Generated/SPI_MASTER/spi_master.o
 .text.XMC_USIC_CH_TXFIFO_DisableEvent
                0x0800287c       0x28 Dave/Generated/SPI_MASTER/spi_master.o
 .text.XMC_USIC_CH_TXFIFO_Flush
                0x080028a4       0x24 Dave/Generated/SPI_MASTER/spi_master.o
 .text.XMC_USIC_CH_TXFIFO_IsFull
                0x080028c8       0x28 Dave/Generated/SPI_MASTER/spi_master.o
 .text.XMC_USIC_CH_TXFIFO_IsEmpty
                0x080028f0       0x28 Dave/Generated/SPI_MASTER/spi_master.o
 .text.XMC_USIC_CH_RXFIFO_DisableEvent
                0x08002918       0x28 Dave/Generated/SPI_MASTER/spi_master.o
 .text.XMC_USIC_CH_RXFIFO_IsEmpty
                0x08002940       0x28 Dave/Generated/SPI_MASTER/spi_master.o
 .text.XMC_SPI_CH_Receive
                0x08002968       0x28 Dave/Generated/SPI_MASTER/spi_master.o
 .text.SPI_MASTER_Init
                0x08002990       0x34 Dave/Generated/SPI_MASTER/spi_master.o
                0x08002990                SPI_MASTER_Init
 .text.SPI_MASTER_Transmit
                0x080029c4       0xc4 Dave/Generated/SPI_MASTER/spi_master.o
                0x080029c4                SPI_MASTER_Transmit
 .text.SPI_MASTER_lFIFORead
                0x08002a88       0xb0 Dave/Generated/SPI_MASTER/spi_master.o
 .text.SPI_MASTER_lTransmitHandler
                0x08002b38      0x1ac Dave/Generated/SPI_MASTER/spi_master.o
                0x08002b38                SPI_MASTER_lTransmitHandler
 .text.SPI_MASTER_lReceiveHandler
                0x08002ce4      0x144 Dave/Generated/SPI_MASTER/spi_master.o
                0x08002ce4                SPI_MASTER_lReceiveHandler
 .text.SPI_MASTER_lReconfigureRxFIFO
                0x08002e28       0x70 Dave/Generated/SPI_MASTER/spi_master.o
 .text.NVIC_GetPriorityGrouping
                0x08002e98       0x1c Dave/Generated/SPI_MASTER/spi_master_conf.o
 .text.NVIC_EnableIRQ
                0x08002eb4       0x30 Dave/Generated/SPI_MASTER/spi_master_conf.o
 .text.NVIC_SetPriority
                0x08002ee4       0x54 Dave/Generated/SPI_MASTER/spi_master_conf.o
 .text.NVIC_EncodePriority
                0x08002f38       0x68 Dave/Generated/SPI_MASTER/spi_master_conf.o
 .text.XMC_USIC_CH_SetInputSource
                0x08002fa0       0x3c Dave/Generated/SPI_MASTER/spi_master_conf.o
 .text.XMC_USIC_CH_SetWordLength
                0x08002fdc       0x2c Dave/Generated/SPI_MASTER/spi_master_conf.o
 .text.XMC_USIC_CH_SetFrameLength
                0x08003008       0x2c Dave/Generated/SPI_MASTER/spi_master_conf.o
 .text.XMC_USIC_CH_ConfigureShiftClockOutput
                0x08003034       0x2c Dave/Generated/SPI_MASTER/spi_master_conf.o
 .text.XMC_USIC_CH_SetMode
                0x08003060       0x28 Dave/Generated/SPI_MASTER/spi_master_conf.o
 .text.XMC_SPI_CH_Start
                0x08003088       0x18 Dave/Generated/SPI_MASTER/spi_master_conf.o
 .text.XMC_SPI_CH_SetBitOrderMsbFirst
                0x080030a0       0x20 Dave/Generated/SPI_MASTER/spi_master_conf.o
 .text.XMC_SPI_CH_SetSlaveSelectDelay
                0x080030c0       0x2c Dave/Generated/SPI_MASTER/spi_master_conf.o
 .text.XMC_SPI_CH_ConfigureShiftClockOutput
                0x080030ec       0x1c Dave/Generated/SPI_MASTER/spi_master_conf.o
 .text.XMC_SPI_CH_SetWordLength
                0x08003108       0x1c Dave/Generated/SPI_MASTER/spi_master_conf.o
 .text.XMC_SPI_CH_SetFrameLength
                0x08003124       0x1c Dave/Generated/SPI_MASTER/spi_master_conf.o
 .text.XMC_SPI_CH_SetInputSource
                0x08003140       0x34 Dave/Generated/SPI_MASTER/spi_master_conf.o
 .text.SPI_BGT_lInit
                0x08003174       0xfc Dave/Generated/SPI_MASTER/spi_master_conf.o
 .text.USIC0_2_IRQHandler
                0x08003270       0x10 Dave/Generated/SPI_MASTER/spi_master_conf.o
                0x08003270                USIC0_2_IRQHandler
 .text.USIC0_1_IRQHandler
                0x08003280       0x10 Dave/Generated/SPI_MASTER/spi_master_conf.o
                0x08003280                USIC0_1_IRQHandler
 .text.NVIC_GetPriorityGrouping
                0x08003290       0x1c Dave/Generated/INTERRUPT/interrupt.o
 .text.NVIC_EnableIRQ
                0x080032ac       0x30 Dave/Generated/INTERRUPT/interrupt.o
 .text.NVIC_SetPriority
                0x080032dc       0x54 Dave/Generated/INTERRUPT/interrupt.o
 .text.NVIC_EncodePriority
                0x08003330       0x68 Dave/Generated/INTERRUPT/interrupt.o
 .text.INTERRUPT_Enable
                0x08003398       0x1c Dave/Generated/INTERRUPT/interrupt.o
 .text.INTERRUPT_Init
                0x080033b4       0x68 Dave/Generated/INTERRUPT/interrupt.o
                0x080033b4                INTERRUPT_Init
 .text.XMC_CCU4_StartPrescaler
                0x0800341c       0x20 Dave/Generated/GLOBAL_CCU4/global_ccu4.o
 .text.GLOBAL_CCU4_Init
                0x0800343c       0x40 Dave/Generated/GLOBAL_CCU4/global_ccu4.o
                0x0800343c                GLOBAL_CCU4_Init
 .text.XMC_VADC_GLOBAL_DisablePostCalibration
                0x0800347c       0x2c Dave/Generated/GLOBAL_ADC/global_adc.o
 .text.GLOBAL_ADC_Init
                0x080034a8       0xb0 Dave/Generated/GLOBAL_ADC/global_adc.o
                0x080034a8                GLOBAL_ADC_Init
 .text.DIGITAL_IO_Init
                0x08003558       0x28 Dave/Generated/DIGITAL_IO/digital_io.o
                0x08003558                DIGITAL_IO_Init
 .text.DAVE_Init
                0x08003580      0x12c Dave/Generated/DAVE.o
                0x08003580                DAVE_Init
 .text.XMC_DAC_EnableSimultaneousDataMode
                0x080036ac       0x20 Dave/Generated/DAC/dac.o
 .text.XMC_DAC_CH_Write
                0x080036cc       0x28 Dave/Generated/DAC/dac.o
 .text.XMC_DAC_CH_SetMode
                0x080036f4       0x34 Dave/Generated/DAC/dac.o
 .text.XMC_DAC_CH_EnableEvent
                0x08003728       0x30 Dave/Generated/DAC/dac.o
 .text.XMC_DAC_CH_SetOutputScale
                0x08003758       0x38 Dave/Generated/DAC/dac.o
 .text.DAC_ModeConfig
                0x08003790      0x158 Dave/Generated/DAC/dac.o
                0x08003790                DAC_ModeConfig
 .text.DAC_Init
                0x080038e8       0x74 Dave/Generated/DAC/dac.o
                0x080038e8                DAC_Init
 .text.DAC_SingleValue_SetValue_s16
                0x0800395c       0x68 Dave/Generated/DAC/dac.o
                0x0800395c                DAC_SingleValue_SetValue_s16
 .text.NVIC_SetPriorityGrouping
                0x080039c4       0x48 Dave/Generated/CPU_CTRL_XMC4/cpu_ctrl_xmc4.o
 .text.CPU_CTRL_XMC4_Init
                0x08003a0c       0x3c Dave/Generated/CPU_CTRL_XMC4/cpu_ctrl_xmc4.o
                0x08003a0c                CPU_CTRL_XMC4_Init
 .text.XMC_CCU4_EnableClock
                0x08003a48       0x28 Dave/Generated/COUNTER/counter.o
 .text.XMC_CCU4_SLICE_IsTimerRunning
                0x08003a70       0x28 Dave/Generated/COUNTER/counter.o
 .text.XMC_CCU4_SLICE_StartTimer
                0x08003a98       0x18 Dave/Generated/COUNTER/counter.o
 .text.XMC_CCU4_SLICE_ClearTimer
                0x08003ab0       0x20 Dave/Generated/COUNTER/counter.o
 .text.XMC_CCU4_SLICE_SetTimerPeriodMatch
                0x08003ad0       0x1c Dave/Generated/COUNTER/counter.o
 .text.XMC_CCU4_SLICE_SetTimerCompareMatch
                0x08003aec       0x1c Dave/Generated/COUNTER/counter.o
 .text.XMC_CCU4_SLICE_GetTimerValue
                0x08003b08       0x1c Dave/Generated/COUNTER/counter.o
 .text.XMC_CCU4_SLICE_EnableEvent
                0x08003b24       0x2c Dave/Generated/COUNTER/counter.o
 .text.COUNTER_CCU4_lInit
                0x08003b50      0x18c Dave/Generated/COUNTER/counter.o
                0x08003b50                COUNTER_CCU4_lInit
 .text.COUNTER_CC4_lStart
                0x08003cdc       0x4c Dave/Generated/COUNTER/counter.o
                0x08003cdc                COUNTER_CC4_lStart
 .text.COUNTER_CC4_lEvtConfig
                0x08003d28       0x30 Dave/Generated/COUNTER/counter.o
                0x08003d28                COUNTER_CC4_lEvtConfig
 .text.COUNTER_Init
                0x08003d58       0x2c Dave/Generated/COUNTER/counter.o
                0x08003d58                COUNTER_Init
 .text.COUNTER_GetCurrentCount
                0x08003d84       0x30 Dave/Generated/COUNTER/counter.o
                0x08003d84                COUNTER_GetCurrentCount
 .text.COUNTER_ResetCounter
                0x08003db4       0x24 Dave/Generated/COUNTER/counter.o
                0x08003db4                COUNTER_ResetCounter
 .text          0x08003dd8       0xc0 Dave/Generated/CMSIS_DSP/TransformFunctions/arm_bitreversal2.o
                0x08003dd8                arm_bitreversal_32
                0x08003e42                arm_bitreversal_16
 .text.arm_cfft_radix8by2_f32
                0x08003e98      0x3f0 Dave/Generated/CMSIS_DSP/TransformFunctions/arm_cfft_f32.o
                0x08003e98                arm_cfft_radix8by2_f32
 .text.arm_cfft_radix8by4_f32
                0x08004288      0xc64 Dave/Generated/CMSIS_DSP/TransformFunctions/arm_cfft_f32.o
                0x08004288                arm_cfft_radix8by4_f32
 .text.arm_cfft_f32
                0x08004eec      0x14c Dave/Generated/CMSIS_DSP/TransformFunctions/arm_cfft_f32.o
                0x08004eec                arm_cfft_f32
 .text.arm_radix8_butterfly_f32
                0x08005038     0x1008 Dave/Generated/CMSIS_DSP/TransformFunctions/arm_cfft_radix8_f32.o
                0x08005038                arm_radix8_butterfly_f32
 .text.stage_rfft_f32
                0x08006040      0x1c8 Dave/Generated/CMSIS_DSP/TransformFunctions/arm_rfft_fast_f32.o
                0x08006040                stage_rfft_f32
 .text.merge_rfft_f32
                0x08006208      0x190 Dave/Generated/CMSIS_DSP/TransformFunctions/arm_rfft_fast_f32.o
                0x08006208                merge_rfft_f32
 .text.arm_rfft_fast_f32
                0x08006398       0x5c Dave/Generated/CMSIS_DSP/TransformFunctions/arm_rfft_fast_f32.o
                0x08006398                arm_rfft_fast_f32
 .text.arm_rfft_fast_init_f32
                0x080063f4      0x1ac Dave/Generated/CMSIS_DSP/TransformFunctions/arm_rfft_fast_init_f32.o
                0x080063f4                arm_rfft_fast_init_f32
 .text.arm_max_f32
                0x080065a0      0x12c Dave/Generated/CMSIS_DSP/StatisticsFunctions/arm_max_f32.o
                0x080065a0                arm_max_f32
 .text.arm_mean_f32
                0x080066cc       0xdc Dave/Generated/CMSIS_DSP/StatisticsFunctions/arm_mean_f32.o
                0x080066cc                arm_mean_f32
 .text.arm_cos_f32
                0x080067a8       0xf0 Dave/Generated/CMSIS_DSP/FastMathFunctions/arm_cos_f32.o
                0x080067a8                arm_cos_f32
 .text.arm_abs_f32
                0x08006898       0xcc Dave/Generated/CMSIS_DSP/BasicMathFunctions/arm_abs_f32.o
                0x08006898                arm_abs_f32
 .text.arm_mult_f32
                0x08006964      0x104 Dave/Generated/CMSIS_DSP/BasicMathFunctions/arm_mult_f32.o
                0x08006964                arm_mult_f32
 .text.arm_offset_f32
                0x08006a68       0xe0 Dave/Generated/CMSIS_DSP/BasicMathFunctions/arm_offset_f32.o
                0x08006a68                arm_offset_f32
 .text.OSCHP_GetFrequency
                0x08006b48       0x14 Dave/Generated/CLOCK_XMC4/clock_xmc4.o
                0x08006b48                OSCHP_GetFrequency
 .text.SystemCoreClockSetup
                0x08006b5c       0x38 Dave/Generated/CLOCK_XMC4/clock_xmc4_conf.o
                0x08006b5c                SystemCoreClockSetup
 .text.NVIC_GetPriorityGrouping
                0x08006b94       0x1c Dave/Generated/ADC_QUEUE/adc_queue.o
 .text.NVIC_EnableIRQ
                0x08006bb0       0x30 Dave/Generated/ADC_QUEUE/adc_queue.o
 .text.NVIC_SetPriority
                0x08006be0       0x54 Dave/Generated/ADC_QUEUE/adc_queue.o
 .text.NVIC_EncodePriority
                0x08006c34       0x68 Dave/Generated/ADC_QUEUE/adc_queue.o
 .text.XMC_VADC_GROUP_QueueSetGatingMode
                0x08006c9c       0x38 Dave/Generated/ADC_QUEUE/adc_queue.o
 .text.XMC_VADC_GROUP_QueueFlushEntries
                0x08006cd4       0x34 Dave/Generated/ADC_QUEUE/adc_queue.o
 .text.XMC_VADC_GROUP_QueueInsertChannel
                0x08006d08       0x1c Dave/Generated/ADC_QUEUE/adc_queue.o
 .text.XMC_VADC_GROUP_QueueClearReqSrcEvent
                0x08006d24       0x24 Dave/Generated/ADC_QUEUE/adc_queue.o
 .text.ADC_QUEUE_ResetListContents
                0x08006d48       0x6c Dave/Generated/ADC_QUEUE/adc_queue.o
                0x08006d48                ADC_QUEUE_ResetListContents
 .text.ADC_QUEUE_Init
                0x08006db4       0xe8 Dave/Generated/ADC_QUEUE/adc_queue.o
                0x08006db4                ADC_QUEUE_Init
 .text.ADC_QUEUE_InsertQueueEntry
                0x08006e9c       0x70 Dave/Generated/ADC_QUEUE/adc_queue.o
                0x08006e9c                ADC_QUEUE_InsertQueueEntry
 .text.ADC_QUEUE_AllEntriesInserted
                0x08006f0c       0xac Dave/Generated/ADC_QUEUE/adc_queue.o
                0x08006f0c                ADC_QUEUE_AllEntriesInserted
 .text.ADC_QUEUE_ReqSrcEventHandler
                0x08006fb8       0x64 Dave/Generated/ADC_QUEUE/adc_queue.o
                0x08006fb8                ADC_QUEUE_ReqSrcEventHandler
 .text.VADC0_G0_0_IRQHandler
                0x0800701c       0x10 Dave/Generated/ADC_QUEUE/adc_queue_conf.o
                0x0800701c                VADC0_G0_0_IRQHandler
 .text.ADC_QUEUE_lInitializeListToDefaults
                0x0800702c       0x44 Dave/Generated/ADC_QUEUE/adc_queue_conf.o
                0x0800702c                ADC_QUEUE_lInitializeListToDefaults
 .text          0x08007070      0x370 c:/davev4/dave-4.1.2/eclipse/arm-gcc-49/bin/../lib/gcc/arm-none-eabi/4.9.3/armv7e-m/softfp\libgcc.a(_arm_addsubdf3.o)
                0x08007070                __aeabi_drsub
                0x08007078                __aeabi_dsub
                0x08007078                __subdf3
                0x0800707c                __aeabi_dadd
                0x0800707c                __adddf3
                0x080072f4                __floatunsidf
                0x080072f4                __aeabi_ui2d
                0x08007314                __floatsidf
                0x08007314                __aeabi_i2d
                0x08007338                __aeabi_f2d
                0x08007338                __extendsfdf2
                0x08007374                __floatundidf
                0x08007374                __aeabi_ul2d
                0x08007384                __floatdidf
                0x08007384                __aeabi_l2d
 .text          0x080073e0      0x424 c:/davev4/dave-4.1.2/eclipse/arm-gcc-49/bin/../lib/gcc/arm-none-eabi/4.9.3/armv7e-m/softfp\libgcc.a(_arm_muldivdf3.o)
                0x080073e0                __aeabi_dmul
                0x080073e0                __muldf3
                0x08007634                __divdf3
                0x08007634                __aeabi_ddiv
 .text          0x08007804       0xa0 c:/davev4/dave-4.1.2/eclipse/arm-gcc-49/bin/../lib/gcc/arm-none-eabi/4.9.3/armv7e-m/softfp\libgcc.a(_arm_truncdfsf2.o)
                0x08007804                __truncdfsf2
                0x08007804                __aeabi_d2f
 .text          0x080078a4       0x2c c:/davev4/dave-4.1.2/eclipse/arm-gcc-49/bin/../lib/gcc/arm-none-eabi/4.9.3/armv7e-m/softfp\libgcc.a(_aeabi_uldivmod.o)
                0x080078a4                __aeabi_uldivmod
 .text          0x080078d0       0x60 c:/davev4/dave-4.1.2/eclipse/arm-gcc-49/bin/../lib/gcc/arm-none-eabi/4.9.3/armv7e-m/softfp\libgcc.a(bpabi.o)
                0x080078d0                __gnu_ldivmod_helper
                0x08007900                __gnu_uldivmod_helper
 .text          0x08007930        0x4 c:/davev4/dave-4.1.2/eclipse/arm-gcc-49/bin/../lib/gcc/arm-none-eabi/4.9.3/armv7e-m/softfp\libgcc.a(_dvmd_tls.o)
                0x08007930                __aeabi_idiv0
                0x08007930                __aeabi_ldiv0
 .text          0x08007934      0x29c c:/davev4/dave-4.1.2/eclipse/arm-gcc-49/bin/../lib/gcc/arm-none-eabi/4.9.3/armv7e-m/softfp\libgcc.a(_divdi3.o)
                0x08007934                __divdi3
 .text          0x08007bd0      0x26c c:/davev4/dave-4.1.2/eclipse/arm-gcc-49/bin/../lib/gcc/arm-none-eabi/4.9.3/armv7e-m/softfp\libgcc.a(_udivdi3.o)
                0x08007bd0                __udivdi3
 .text.__libc_init_array
                0x08007e3c       0x4c c:/davev4/dave-4.1.2/eclipse/arm-gcc-49/bin/../lib/gcc/arm-none-eabi/4.9.3/../../../../arm-none-eabi/lib/armv7e-m/softfp\libg_nano.a(lib_a-init.o)
                0x08007e3c                __libc_init_array
 .text.memcpy   0x08007e88       0x16 c:/davev4/dave-4.1.2/eclipse/arm-gcc-49/bin/../lib/gcc/arm-none-eabi/4.9.3/../../../../arm-none-eabi/lib/armv7e-m/softfp\libg_nano.a(lib_a-memcpy.o)
                0x08007e88                memcpy
 *fill*         0x08007e9e        0x2 
 .text.memcpy.__stub
                0x08007ea0       0x20 linker stubs
 *(.glue*)
 .glue_7        0x00000000        0x0 linker stubs
 .glue_7t       0x00000000        0x0 linker stubs
 *(.v4*)
 .v4_bx         0x00000000        0x0 linker stubs
 *(.vfp11_veneer)
 .vfp11_veneer  0x00000000        0x0 linker stubs
 *(.init)
                0x08007ec0                __preinit_array_start = .
 *(.preinit_array)
                0x08007ec0                __preinit_array_end = .
                0x08007ec0                __init_array_start = .
 *(SORT(.init_array.*))
 *(.init_array)
                0x08007ec0                __init_array_end = .
 *crtbegin.o(.ctors)
 *(EXCLUDE_FILE(*crtend.o) .ctors)
 *(SORT(.ctors.*))
 *crtend.o(.ctors)
 *(.fini)
                0x08007ec0                __fini_array_start = .
 *(.fini_array)
 *(SORT(.fini_array.*))
                0x08007ec0                __fini_array_end = .
 *crtbegin.o(.dtors)
 *(EXCLUDE_FILE(*crtend.o) .dtors)
 *(SORT(.dtors.*))
 *crtend.o(.dtors)
                0x08007ec0                __extab_start = .
 *(.ARM.extab* .gnu.linkonce.armextab.*)
                0x08007ec0                . = ALIGN (0x4)
 *fill*         0x08007ec0        0x0 
                0x08007ec0                __extab_end = ABSOLUTE (.)

.iplt           0x08007ec0        0x0 load address 0x0c007ec0
 .iplt          0x00000000        0x0 BGT24MTR11.o

.ARM.exidx      0x08007ec0        0x8 load address 0x0c007ec0
                0x08007ec0                __exidx_start = .
 *(.ARM.exidx* .gnu.linkonce.armexidx.*)
 .ARM.exidx     0x08007ec0        0x8 c:/davev4/dave-4.1.2/eclipse/arm-gcc-49/bin/../lib/gcc/arm-none-eabi/4.9.3/armv7e-m/softfp\libgcc.a(_divdi3.o)
 .ARM.exidx     0x08007ec8        0x0 c:/davev4/dave-4.1.2/eclipse/arm-gcc-49/bin/../lib/gcc/arm-none-eabi/4.9.3/armv7e-m/softfp\libgcc.a(_udivdi3.o)
                                  0x8 (size before relaxing)
                0x08007ec8                . = ALIGN (0x4)
                0x08007ec8                __exidx_end = ABSOLUTE (.)

.rodata         0x08007ec8    0x13ddc load address 0x0c007ec8
 *(.rodata .rodata.*)
 .rodata.clear_peripheral_reset.6913
                0x08007ec8        0xc Libraries/XMCLib/src/xmc4_scu.o
 .rodata.clear_peripheral_gate.7027
                0x08007ed4        0xc Libraries/XMCLib/src/xmc4_scu.o
 .rodata.g_xmc_vadc_group_array
                0x08007ee0        0x8 Libraries/XMCLib/src/xmc_vadc.o
 .rodata.SPI_BGT_MOSI0
                0x08007ee8        0x8 Dave/Generated/SPI_MASTER/spi_master_conf.o
                0x08007ee8                SPI_BGT_MOSI0
 .rodata.SPI_BGT_SCLKOUT
                0x08007ef0        0x8 Dave/Generated/SPI_MASTER/spi_master_conf.o
                0x08007ef0                SPI_BGT_SCLKOUT
 .rodata.SPI_BGT_SCLKOUT_Config
                0x08007ef8       0x14 Dave/Generated/SPI_MASTER/spi_master_conf.o
                0x08007ef8                SPI_BGT_SCLKOUT_Config
 .rodata.SPI_BGT_SS_0
                0x08007f0c        0x8 Dave/Generated/SPI_MASTER/spi_master_conf.o
                0x08007f0c                SPI_BGT_SS_0
 .rodata.SPI_BGT_SS_0_Config
                0x08007f14       0x14 Dave/Generated/SPI_MASTER/spi_master_conf.o
                0x08007f14                SPI_BGT_SS_0_Config
 .rodata.SPI_BGT_Config
                0x08007f28       0x8c Dave/Generated/SPI_MASTER/spi_master_conf.o
                0x08007f28                SPI_BGT_Config
 .rodata.ONE_HZ_INT
                0x08007fb4        0x4 Dave/Generated/INTERRUPT/interrupt_conf.o
                0x08007fb4                ONE_HZ_INT
 .rodata.group_init_handle0
                0x08007fb8       0x14 Dave/Generated/GLOBAL_ADC/global_adc_conf.o
                0x08007fb8                group_init_handle0
 .rodata.group_init_handle1
                0x08007fcc       0x14 Dave/Generated/GLOBAL_ADC/global_adc_conf.o
                0x08007fcc                group_init_handle1
 .rodata.global_config
                0x08007fe0       0x18 Dave/Generated/GLOBAL_ADC/global_adc_conf.o
                0x08007fe0                global_config
 .rodata.CPU_CTRL_XMC4_0_config
                0x08007ff8        0x4 Dave/Generated/CPU_CTRL_XMC4/cpu_ctrl_xmc4_conf.o
                0x08007ff8                CPU_CTRL_XMC4_0_config
 .rodata.twiddleCoef_16
                0x08007ffc       0x80 Dave/Generated/CMSIS_DSP/CommonTables/arm_common_tables.o
                0x08007ffc                twiddleCoef_16
 .rodata.twiddleCoef_32
                0x0800807c      0x100 Dave/Generated/CMSIS_DSP/CommonTables/arm_common_tables.o
                0x0800807c                twiddleCoef_32
 .rodata.twiddleCoef_64
                0x0800817c      0x200 Dave/Generated/CMSIS_DSP/CommonTables/arm_common_tables.o
                0x0800817c                twiddleCoef_64
 .rodata.twiddleCoef_128
                0x0800837c      0x400 Dave/Generated/CMSIS_DSP/CommonTables/arm_common_tables.o
                0x0800837c                twiddleCoef_128
 .rodata.twiddleCoef_256
                0x0800877c      0x800 Dave/Generated/CMSIS_DSP/CommonTables/arm_common_tables.o
                0x0800877c                twiddleCoef_256
 .rodata.twiddleCoef_512
                0x08008f7c     0x1000 Dave/Generated/CMSIS_DSP/CommonTables/arm_common_tables.o
                0x08008f7c                twiddleCoef_512
 .rodata.twiddleCoef_1024
                0x08009f7c     0x2000 Dave/Generated/CMSIS_DSP/CommonTables/arm_common_tables.o
                0x08009f7c                twiddleCoef_1024
 .rodata.twiddleCoef_2048
                0x0800bf7c     0x4000 Dave/Generated/CMSIS_DSP/CommonTables/arm_common_tables.o
                0x0800bf7c                twiddleCoef_2048
 .rodata.armBitRevIndexTable16
                0x0800ff7c       0x28 Dave/Generated/CMSIS_DSP/CommonTables/arm_common_tables.o
                0x0800ff7c                armBitRevIndexTable16
 .rodata.armBitRevIndexTable32
                0x0800ffa4       0x60 Dave/Generated/CMSIS_DSP/CommonTables/arm_common_tables.o
                0x0800ffa4                armBitRevIndexTable32
 .rodata.armBitRevIndexTable64
                0x08010004       0x70 Dave/Generated/CMSIS_DSP/CommonTables/arm_common_tables.o
                0x08010004                armBitRevIndexTable64
 .rodata.armBitRevIndexTable128
                0x08010074      0x1a0 Dave/Generated/CMSIS_DSP/CommonTables/arm_common_tables.o
                0x08010074                armBitRevIndexTable128
 .rodata.armBitRevIndexTable256
                0x08010214      0x370 Dave/Generated/CMSIS_DSP/CommonTables/arm_common_tables.o
                0x08010214                armBitRevIndexTable256
 .rodata.armBitRevIndexTable512
                0x08010584      0x380 Dave/Generated/CMSIS_DSP/CommonTables/arm_common_tables.o
                0x08010584                armBitRevIndexTable512
 .rodata.armBitRevIndexTable1024
                0x08010904      0xe10 Dave/Generated/CMSIS_DSP/CommonTables/arm_common_tables.o
                0x08010904                armBitRevIndexTable1024
 .rodata.armBitRevIndexTable2048
                0x08011714     0x1dc0 Dave/Generated/CMSIS_DSP/CommonTables/arm_common_tables.o
                0x08011714                armBitRevIndexTable2048
 .rodata.twiddleCoef_rfft_32
                0x080134d4       0x80 Dave/Generated/CMSIS_DSP/CommonTables/arm_common_tables.o
                0x080134d4                twiddleCoef_rfft_32
 .rodata.twiddleCoef_rfft_64
                0x08013554      0x100 Dave/Generated/CMSIS_DSP/CommonTables/arm_common_tables.o
                0x08013554                twiddleCoef_rfft_64
 .rodata.twiddleCoef_rfft_128
                0x08013654      0x200 Dave/Generated/CMSIS_DSP/CommonTables/arm_common_tables.o
                0x08013654                twiddleCoef_rfft_128
 .rodata.twiddleCoef_rfft_256
                0x08013854      0x400 Dave/Generated/CMSIS_DSP/CommonTables/arm_common_tables.o
                0x08013854                twiddleCoef_rfft_256
 .rodata.twiddleCoef_rfft_512
                0x08013c54      0x800 Dave/Generated/CMSIS_DSP/CommonTables/arm_common_tables.o
                0x08013c54                twiddleCoef_rfft_512
 .rodata.twiddleCoef_rfft_1024
                0x08014454     0x1000 Dave/Generated/CMSIS_DSP/CommonTables/arm_common_tables.o
                0x08014454                twiddleCoef_rfft_1024
 .rodata.twiddleCoef_rfft_2048
                0x08015454     0x2000 Dave/Generated/CMSIS_DSP/CommonTables/arm_common_tables.o
                0x08015454                twiddleCoef_rfft_2048
 .rodata.twiddleCoef_rfft_4096
                0x08017454     0x4000 Dave/Generated/CMSIS_DSP/CommonTables/arm_common_tables.o
                0x08017454                twiddleCoef_rfft_4096
 .rodata.sinTable_f32
                0x0801b454      0x804 Dave/Generated/CMSIS_DSP/CommonTables/arm_common_tables.o
                0x0801b454                sinTable_f32
 .rodata.CLOCK_XMC4_0_CONFIG
                0x0801bc58       0x14 Dave/Generated/CLOCK_XMC4/clock_xmc4_conf.o
                0x0801bc58                CLOCK_XMC4_0_CONFIG
 .rodata.ADC_QUEUE_G0_reqsrc_config_0
                0x0801bc6c       0x10 Dave/Generated/ADC_QUEUE/adc_queue_conf.o
                0x0801bc6c                ADC_QUEUE_G0_reqsrc_config_0
 .rodata.ADC_QUEUE_G0_init_config_0
                0x0801bc7c        0xc Dave/Generated/ADC_QUEUE/adc_queue_conf.o
                0x0801bc7c                ADC_QUEUE_G0_init_config_0
 .rodata.ADC_QUEUE_G1_reqsrc_config_1
                0x0801bc88       0x10 Dave/Generated/ADC_QUEUE/adc_queue_conf.o
                0x0801bc88                ADC_QUEUE_G1_reqsrc_config_1
 .rodata.ADC_QUEUE_G1_init_config_1
                0x0801bc98        0xc Dave/Generated/ADC_QUEUE/adc_queue_conf.o
                0x0801bc98                ADC_QUEUE_G1_init_config_1
 *(.gnu.linkonce.r*)
                0x0801bcb0                . = ALIGN (0x10)
                0x0c01bcb0                __ram_load = (. | 0x4000000)

Stack           0x1fffc000      0x800
                0x1fffc800                . = (. + stack_size)
 *fill*         0x1fffc000      0x800 
                0x1fffc800                __initial_sp = .

.ram_code       0x1fffc800      0x3e8 load address 0x0c01bcb0
                0x1fffc800                __ram_code_start = .
 *(.ram_code)
 .ram_code      0x1fffc800      0x2d8 main.o
                0x1fffc800                ADC_G0_ISR
                0x1fffc974                do_rfft_i
                0x1fffca24                do_rfft_q
 .ram_code.__stub
                0x1fffcad8      0x110 linker stubs
                0x1fffcbe8                . = ALIGN (0x4)
                0x1fffcbe8                __ram_code_end = .
                0x0c01bcb0                __ram_code_load = LOADADDR (.ram_code)
                0x000003e8                __ram_code_size = (__ram_code_end - __ram_code_start)

.rel.dyn        0x1fffcbe8        0x0 load address 0x0c01c098
 .rel.iplt      0x00000000        0x0 BGT24MTR11.o

.data           0x1fffcbe8      0x268 load address 0x0c01c098
                0x1fffcbe8                __data_start = .
 *(.data)
 *(.data*)
 .data.ch_entry_G0_0
                0x1fffcbe8        0xc main.o
                0x1fffcbe8                ch_entry_G0_0
 .data.ch_entry_G1_0
                0x1fffcbf4        0xc main.o
                0x1fffcbf4                ch_entry_G1_0
 .data.ch_handle
                0x1fffcc00       0x10 main.o
 .data.ONE_HZ_TIMER_config
                0x1fffcc10        0x8 Dave/Generated/TIMER/timer_conf.o
                0x1fffcc10                ONE_HZ_TIMER_config
 .data.ONE_HZ_TIMER
                0x1fffcc18       0x28 Dave/Generated/TIMER/timer_conf.o
                0x1fffcc18                ONE_HZ_TIMER
 .data.FS_ADC   0x1fffcc40       0x28 Dave/Generated/TIMER/timer_conf.o
                0x1fffcc40                FS_ADC
 .data.SPI_BGT_MOSI0_Config
                0x1fffcc68       0x14 Dave/Generated/SPI_MASTER/spi_master_conf.o
                0x1fffcc68                SPI_BGT_MOSI0_Config
 .data.SPI_BGT_Channel_Config
                0x1fffcc7c        0x8 Dave/Generated/SPI_MASTER/spi_master_conf.o
                0x1fffcc7c                SPI_BGT_Channel_Config
 .data.SPI_BGT_runtime
                0x1fffcc84       0x24 Dave/Generated/SPI_MASTER/spi_master_conf.o
                0x1fffcc84                SPI_BGT_runtime
 .data.SPI_BGT  0x1fffcca8        0xc Dave/Generated/SPI_MASTER/spi_master_conf.o
                0x1fffcca8                SPI_BGT
 .data.GLOBAL_CCU4_0
                0x1fffccb4       0x10 Dave/Generated/GLOBAL_CCU4/global_ccu4_conf.o
                0x1fffccb4                GLOBAL_CCU4_0
 .data.group_0_config
                0x1fffccc4        0xc Dave/Generated/GLOBAL_ADC/global_adc_conf.o
                0x1fffccc4                group_0_config
 .data.group_1_config
                0x1fffccd0        0xc Dave/Generated/GLOBAL_ADC/global_adc_conf.o
                0x1fffccd0                group_1_config
 .data.GLOBAL_ADC_0
                0x1fffccdc       0x14 Dave/Generated/GLOBAL_ADC/global_adc_conf.o
                0x1fffccdc                GLOBAL_ADC_0
 .data.LED_RED_config
                0x1fffccf0        0xc Dave/Generated/DIGITAL_IO/digital_io_conf.o
                0x1fffccf0                LED_RED_config
 .data.LED_RED  0x1fffccfc        0xc Dave/Generated/DIGITAL_IO/digital_io_conf.o
                0x1fffccfc                LED_RED
 .data.LED_YELLOW_config
                0x1fffcd08        0xc Dave/Generated/DIGITAL_IO/digital_io_conf.o
                0x1fffcd08                LED_YELLOW_config
 .data.LED_YELLOW
                0x1fffcd14        0xc Dave/Generated/DIGITAL_IO/digital_io_conf.o
                0x1fffcd14                LED_YELLOW
 .data.LED_GREEN_config
                0x1fffcd20        0xc Dave/Generated/DIGITAL_IO/digital_io_conf.o
                0x1fffcd20                LED_GREEN_config
 .data.LED_GREEN
                0x1fffcd2c        0xc Dave/Generated/DIGITAL_IO/digital_io_conf.o
                0x1fffcd2c                LED_GREEN
 .data.LDO_BGT_EN_config
                0x1fffcd38        0xc Dave/Generated/DIGITAL_IO/digital_io_conf.o
                0x1fffcd38                LDO_BGT_EN_config
 .data.LDO_BGT_EN
                0x1fffcd44        0xc Dave/Generated/DIGITAL_IO/digital_io_conf.o
                0x1fffcd44                LDO_BGT_EN
 .data.Q2ONP22  0x1fffcd50        0xc Dave/Generated/DIGITAL_IO/digital_io_conf.o
                0x1fffcd50                Q2ONP22
 .data.VCOARSE_Channel_Config
                0x1fffcd5c        0x8 Dave/Generated/DAC/dac_conf.o
                0x1fffcd5c                VCOARSE_Channel_Config
 .data.VCOARSE  0x1fffcd64       0x2c Dave/Generated/DAC/dac_conf.o
                0x1fffcd64                VCOARSE
 .data.VFINE_Channel_Config
                0x1fffcd90        0x8 Dave/Generated/DAC/dac_conf.o
                0x1fffcd90                VFINE_Channel_Config
 .data.VFINE    0x1fffcd98       0x2c Dave/Generated/DAC/dac_conf.o
                0x1fffcd98                VFINE
 .data.CPU_CTRL_XMC4_0
                0x1fffcdc4        0x8 Dave/Generated/CPU_CTRL_XMC4/cpu_ctrl_xmc4_conf.o
                0x1fffcdc4                CPU_CTRL_XMC4_0
 .data.Q2_FREQ_P22_event0_config
                0x1fffcdcc        0x4 Dave/Generated/COUNTER/counter_conf.o
                0x1fffcdcc                Q2_FREQ_P22_event0_config
 .data.Q2_FREQ_P22_ccu4_config
                0x1fffcdd0       0x30 Dave/Generated/COUNTER/counter_conf.o
                0x1fffcdd0                Q2_FREQ_P22_ccu4_config
 .data.Q2_FREQ_P22
                0x1fffce00        0x8 Dave/Generated/COUNTER/counter_conf.o
                0x1fffce00                Q2_FREQ_P22
 .data.ADC_QUEUE_G0
                0x1fffce08       0x24 Dave/Generated/ADC_QUEUE/adc_queue_conf.o
                0x1fffce08                ADC_QUEUE_G0
 .data.ADC_QUEUE_G1
                0x1fffce2c       0x24 Dave/Generated/ADC_QUEUE/adc_queue_conf.o
                0x1fffce2c                ADC_QUEUE_G1
 *(*.data)
 *(.gnu.linkonce.d*)
                0x1fffce50                . = ALIGN (0x4)
                0x1fffce50                __data_end = .
                0x0c01c098                __data_load = LOADADDR (.data)
                0x00000268                __data_size = (__data_end - __data_start)

.igot.plt       0x1fffce50        0x0 load address 0x0c01c300
 .igot.plt      0x00000000        0x0 BGT24MTR11.o

.bss            0x1fffce50     0x51dc load address 0x0c01c300
                0x1fffce50                __bss_start = .
 *(.bss)
 *(.bss*)
 .bss.coarseDACVal.12311
                0x1fffce50        0x4 BGT24MTR11.o
 .bss.fineDACVal.12310
                0x1fffce54        0x4 BGT24MTR11.o
 .bss.res_handle
                0x1fffce58        0x4 main.o
                0x1fffce58                res_handle
 .bss.gBGTDataReadyFlag
                0x1fffce5c        0x1 main.o
                0x1fffce5c                gBGTDataReadyFlag
 *fill*         0x1fffce5d        0x3 
 .bss.gQ2Freq   0x1fffce60        0x4 main.o
                0x1fffce60                gQ2Freq
 .bss.maxValue  0x1fffce64        0x4 main.o
                0x1fffce64                maxValue
 .bss.Index     0x1fffce68        0x4 main.o
                0x1fffce68                Index
 .bss.idx.12335
                0x1fffce6c        0x4 main.o
 .bss.FS_ADC_config
                0x1fffce70        0x8 Dave/Generated/TIMER/timer_conf.o
                0x1fffce70                FS_ADC_config
 .bss.Q2ONP22_config
                0x1fffce78        0xc Dave/Generated/DIGITAL_IO/digital_io_conf.o
                0x1fffce78                Q2ONP22_config
 *(COMMON)
 COMMON         0x1fffce84     0x5018 main.o
                0x1fffce84                i_fftStructure
                0x1fffce9c                ifq_adc_measurements
                0x1fffde9c                ifi_adc_measurements
                0x1fffee9c                hanning_window
                0x1ffffe9c                i_fftResult
                0x20000e9c                i_adc_measurements
 COMMON         0x20001e9c       0x10 Dave/Generated/ADC_QUEUE/adc_queue.o
                0x20001e9c                adc_queue_list_ptrs
 COMMON         0x20001eac      0x180 Dave/Generated/ADC_QUEUE/adc_queue_conf.o
                0x20001eac                adc_queue_list_pos_index_1
                0x20001f0c                adc_queue_list_ch_index_1
                0x20001f6c                adc_queue_list_ch_index_0
                0x20001fcc                adc_queue_list_pos_index_0
 *(.gnu.linkonce.b*)
                0x2000202c                . = ALIGN (0x4)
                0x2000202c                __bss_end = .
                0x000051dc                __bss_size = (__bss_end - __bss_start)
                0x00000000                __shift_loc = (__bss_end >= ORIGIN (DSRAM_1_system))?0x0:(ORIGIN (DSRAM_1_system) - __bss_end)

USB_RAM         0x2000202c        0x4 load address 0x0c0214dc
                0x2000202c                USB_RAM_start = .
 *(USB_RAM)
                0x2000202c                . = ALIGN (0x4)
                0x2000202c                USB_RAM_end = .
                0x20002030                . = ALIGN (0x8)
 *fill*         0x2000202c        0x4 
                0x20002030                Heap_Bank1_Start = .
                0x00000000                USB_RAM_size = (USB_RAM_end - USB_RAM_start)

.no_init        0x20005fc0       0x20 load address 0x0c025470
                0x20005fc0                Heap_Bank1_End = .
 *(.no_init)
 .no_init       0x20005fc0       0x20 Startup/system_XMC4200.o
                0x20005fc0                SystemCoreClock
                0x20005fc4                g_chipid
                0x20005fd4                g_hrpwm_char_data
                0x00003f90                Heap_Bank1_Size = (Heap_Bank1_End - Heap_Bank1_Start)

/DISCARD/
 *(.comment)

.stab
 *(.stab)

.stabstr
 *(.stabstr)

.debug
 *(.debug)

.line
 *(.line)

.debug_srcinfo
 *(.debug_srcinfo)

.debug_sfnames
 *(.debug_sfnames)

.debug_aranges  0x00000000     0x13e8
 *(.debug_aranges)
 .debug_aranges
                0x00000000       0x30 BGT24MTR11.o
 .debug_aranges
                0x00000030       0x90 main.o
 .debug_aranges
                0x000000c0       0x20 Startup/startup_XMC4200.o
 .debug_aranges
                0x000000e0       0x48 Startup/system_XMC4200.o
 .debug_aranges
                0x00000128       0x28 Libraries/XMCLib/src/xmc4_gpio.o
 .debug_aranges
                0x00000150      0x338 Libraries/XMCLib/src/xmc4_scu.o
 .debug_aranges
                0x00000488       0x28 Libraries/XMCLib/src/xmc4_usic.o
 .debug_aranges
                0x000004b0      0x140 Libraries/XMCLib/src/xmc_ccu4.o
 .debug_aranges
                0x000005f0       0xb0 Libraries/XMCLib/src/xmc_dac.o
 .debug_aranges
                0x000006a0       0x28 Libraries/XMCLib/src/xmc_gpio.o
 .debug_aranges
                0x000006c8       0x80 Libraries/XMCLib/src/xmc_spi.o
 .debug_aranges
                0x00000748       0x68 Libraries/XMCLib/src/xmc_usic.o
 .debug_aranges
                0x000007b0      0x258 Libraries/XMCLib/src/xmc_vadc.o
 .debug_aranges
                0x00000a08       0xa0 Libraries/Newlib/syscalls.o
 .debug_aranges
                0x00000aa8       0xc8 Dave/Generated/TIMER/timer.o
 .debug_aranges
                0x00000b70       0x18 Dave/Generated/TIMER/timer_conf.o
 .debug_aranges
                0x00000b88      0x150 Dave/Generated/SPI_MASTER/spi_master.o
 .debug_aranges
                0x00000cd8       0xb0 Dave/Generated/SPI_MASTER/spi_master_conf.o
 .debug_aranges
                0x00000d88       0x50 Dave/Generated/INTERRUPT/interrupt.o
 .debug_aranges
                0x00000dd8       0x18 Dave/Generated/INTERRUPT/interrupt_conf.o
 .debug_aranges
                0x00000df0       0x30 Dave/Generated/GLOBAL_CCU4/global_ccu4.o
 .debug_aranges
                0x00000e20       0x18 Dave/Generated/GLOBAL_CCU4/global_ccu4_conf.o
 .debug_aranges
                0x00000e38       0x30 Dave/Generated/GLOBAL_ADC/global_adc.o
 .debug_aranges
                0x00000e68       0x18 Dave/Generated/GLOBAL_ADC/global_adc_conf.o
 .debug_aranges
                0x00000e80       0x28 Dave/Generated/DIGITAL_IO/digital_io.o
 .debug_aranges
                0x00000ea8       0x18 Dave/Generated/DIGITAL_IO/digital_io_conf.o
 .debug_aranges
                0x00000ec0       0x20 Dave/Generated/DAVE.o
 .debug_aranges
                0x00000ee0       0xf8 Dave/Generated/DAC/dac.o
 .debug_aranges
                0x00000fd8       0x18 Dave/Generated/DAC/dac_conf.o
 .debug_aranges
                0x00000ff0       0x30 Dave/Generated/CPU_CTRL_XMC4/cpu_ctrl_xmc4.o
 .debug_aranges
                0x00001020       0x18 Dave/Generated/CPU_CTRL_XMC4/cpu_ctrl_xmc4_conf.o
 .debug_aranges
                0x00001038       0xf0 Dave/Generated/COUNTER/counter.o
 .debug_aranges
                0x00001128       0x18 Dave/Generated/COUNTER/counter_conf.o
 .debug_aranges
                0x00001140       0x20 Dave/Generated/CMSIS_DSP/TransformFunctions/arm_bitreversal2.o
 .debug_aranges
                0x00001160       0x30 Dave/Generated/CMSIS_DSP/TransformFunctions/arm_cfft_f32.o
 .debug_aranges
                0x00001190       0x20 Dave/Generated/CMSIS_DSP/TransformFunctions/arm_cfft_radix8_f32.o
 .debug_aranges
                0x000011b0       0x30 Dave/Generated/CMSIS_DSP/TransformFunctions/arm_rfft_fast_f32.o
 .debug_aranges
                0x000011e0       0x20 Dave/Generated/CMSIS_DSP/TransformFunctions/arm_rfft_fast_init_f32.o
 .debug_aranges
                0x00001200       0x20 Dave/Generated/CMSIS_DSP/StatisticsFunctions/arm_max_f32.o
 .debug_aranges
                0x00001220       0x20 Dave/Generated/CMSIS_DSP/StatisticsFunctions/arm_mean_f32.o
 .debug_aranges
                0x00001240       0x20 Dave/Generated/CMSIS_DSP/FastMathFunctions/arm_cos_f32.o
 .debug_aranges
                0x00001260       0x18 Dave/Generated/CMSIS_DSP/CommonTables/arm_common_tables.o
 .debug_aranges
                0x00001278       0x20 Dave/Generated/CMSIS_DSP/BasicMathFunctions/arm_abs_f32.o
 .debug_aranges
                0x00001298       0x20 Dave/Generated/CMSIS_DSP/BasicMathFunctions/arm_mult_f32.o
 .debug_aranges
                0x000012b8       0x20 Dave/Generated/CMSIS_DSP/BasicMathFunctions/arm_offset_f32.o
 .debug_aranges
                0x000012d8       0x28 Dave/Generated/CLOCK_XMC4/clock_xmc4.o
 .debug_aranges
                0x00001300       0x20 Dave/Generated/CLOCK_XMC4/clock_xmc4_conf.o
 .debug_aranges
                0x00001320       0x98 Dave/Generated/ADC_QUEUE/adc_queue.o
 .debug_aranges
                0x000013b8       0x30 Dave/Generated/ADC_QUEUE/adc_queue_conf.o

.debug_pubnames
 *(.debug_pubnames)

.debug_pubtypes
 *(.debug_pubtypes)

.debug_info     0x00000000    0x21992
 *(.debug_info .gnu.linkonce.wi.*)
 .debug_info    0x00000000     0x1100 BGT24MTR11.o
 .debug_info    0x00001100     0x29ba main.o
 .debug_info    0x00003aba       0x84 Startup/startup_XMC4200.o
 .debug_info    0x00003b3e      0x969 Startup/system_XMC4200.o
 .debug_info    0x000044a7      0x422 Libraries/XMCLib/src/xmc4_gpio.o
 .debug_info    0x000048c9     0x206c Libraries/XMCLib/src/xmc4_scu.o
 .debug_info    0x00006935      0x2a8 Libraries/XMCLib/src/xmc4_usic.o
 .debug_info    0x00006bdd     0x167b Libraries/XMCLib/src/xmc_ccu4.o
 .debug_info    0x00008258      0xb18 Libraries/XMCLib/src/xmc_dac.o
 .debug_info    0x00008d70      0x3a2 Libraries/XMCLib/src/xmc_gpio.o
 .debug_info    0x00009112      0xa25 Libraries/XMCLib/src/xmc_spi.o
 .debug_info    0x00009b37      0x873 Libraries/XMCLib/src/xmc_usic.o
 .debug_info    0x0000a3aa     0x2e1d Libraries/XMCLib/src/xmc_vadc.o
 .debug_info    0x0000d1c7      0x65c Libraries/Newlib/syscalls.o
 .debug_info    0x0000d823      0xd0a Dave/Generated/TIMER/timer.o
 .debug_info    0x0000e52d      0x84c Dave/Generated/TIMER/timer_conf.o
 .debug_info    0x0000ed79     0x19c7 Dave/Generated/SPI_MASTER/spi_master.o
 .debug_info    0x00010740     0x17cc Dave/Generated/SPI_MASTER/spi_master_conf.o
 .debug_info    0x00011f0c      0x8ae Dave/Generated/INTERRUPT/interrupt.o
 .debug_info    0x000127ba      0x31e Dave/Generated/INTERRUPT/interrupt_conf.o
 .debug_info    0x00012ad8      0x3ab Dave/Generated/GLOBAL_CCU4/global_ccu4.o
 .debug_info    0x00012e83      0x2ab Dave/Generated/GLOBAL_CCU4/global_ccu4_conf.o
 .debug_info    0x0001312e      0xff0 Dave/Generated/GLOBAL_ADC/global_adc.o
 .debug_info    0x0001411e      0xfa6 Dave/Generated/GLOBAL_ADC/global_adc_conf.o
 .debug_info    0x000150c4      0x4aa Dave/Generated/DIGITAL_IO/digital_io.o
 .debug_info    0x0001556e      0x482 Dave/Generated/DIGITAL_IO/digital_io_conf.o
 .debug_info    0x000159f0     0x2e8b Dave/Generated/DAVE.o
 .debug_info    0x0001887b      0xff6 Dave/Generated/DAC/dac.o
 .debug_info    0x00019871      0x621 Dave/Generated/DAC/dac_conf.o
 .debug_info    0x00019e92      0x424 Dave/Generated/CPU_CTRL_XMC4/cpu_ctrl_xmc4.o
 .debug_info    0x0001a2b6      0x146 Dave/Generated/CPU_CTRL_XMC4/cpu_ctrl_xmc4_conf.o
 .debug_info    0x0001a3fc      0xfbd Dave/Generated/COUNTER/counter.o
 .debug_info    0x0001b3b9      0x951 Dave/Generated/COUNTER/counter_conf.o
 .debug_info    0x0001bd0a       0xa9 Dave/Generated/CMSIS_DSP/TransformFunctions/arm_bitreversal2.o
 .debug_info    0x0001bdb3      0x542 Dave/Generated/CMSIS_DSP/TransformFunctions/arm_cfft_f32.o
 .debug_info    0x0001c2f5      0x446 Dave/Generated/CMSIS_DSP/TransformFunctions/arm_cfft_radix8_f32.o
 .debug_info    0x0001c73b      0x439 Dave/Generated/CMSIS_DSP/TransformFunctions/arm_rfft_fast_f32.o
 .debug_info    0x0001cb74      0x4bf Dave/Generated/CMSIS_DSP/TransformFunctions/arm_rfft_fast_init_f32.o
 .debug_info    0x0001d033      0x168 Dave/Generated/CMSIS_DSP/StatisticsFunctions/arm_max_f32.o
 .debug_info    0x0001d19b      0x150 Dave/Generated/CMSIS_DSP/StatisticsFunctions/arm_mean_f32.o
 .debug_info    0x0001d2eb      0x182 Dave/Generated/CMSIS_DSP/FastMathFunctions/arm_cos_f32.o
 .debug_info    0x0001d46d      0x99d Dave/Generated/CMSIS_DSP/CommonTables/arm_common_tables.o
 .debug_info    0x0001de0a      0x142 Dave/Generated/CMSIS_DSP/BasicMathFunctions/arm_abs_f32.o
 .debug_info    0x0001df4c      0x1c4 Dave/Generated/CMSIS_DSP/BasicMathFunctions/arm_mult_f32.o
 .debug_info    0x0001e110      0x150 Dave/Generated/CMSIS_DSP/BasicMathFunctions/arm_offset_f32.o
 .debug_info    0x0001e260      0x170 Dave/Generated/CLOCK_XMC4/clock_xmc4.o
 .debug_info    0x0001e3d0      0x34c Dave/Generated/CLOCK_XMC4/clock_xmc4_conf.o
 .debug_info    0x0001e71c     0x1cda Dave/Generated/ADC_QUEUE/adc_queue.o
 .debug_info    0x000203f6     0x159c Dave/Generated/ADC_QUEUE/adc_queue_conf.o

.debug_abbrev   0x00000000     0x4237
 *(.debug_abbrev)
 .debug_abbrev  0x00000000      0x1c6 BGT24MTR11.o
 .debug_abbrev  0x000001c6      0x2a5 main.o
 .debug_abbrev  0x0000046b       0x14 Startup/startup_XMC4200.o
 .debug_abbrev  0x0000047f      0x192 Startup/system_XMC4200.o
 .debug_abbrev  0x00000611       0xf0 Libraries/XMCLib/src/xmc4_gpio.o
 .debug_abbrev  0x00000701      0x2cc Libraries/XMCLib/src/xmc4_scu.o
 .debug_abbrev  0x000009cd       0xdc Libraries/XMCLib/src/xmc4_usic.o
 .debug_abbrev  0x00000aa9      0x227 Libraries/XMCLib/src/xmc_ccu4.o
 .debug_abbrev  0x00000cd0      0x22b Libraries/XMCLib/src/xmc_dac.o
 .debug_abbrev  0x00000efb       0xf0 Libraries/XMCLib/src/xmc_gpio.o
 .debug_abbrev  0x00000feb      0x218 Libraries/XMCLib/src/xmc_spi.o
 .debug_abbrev  0x00001203      0x1b9 Libraries/XMCLib/src/xmc_usic.o
 .debug_abbrev  0x000013bc      0x275 Libraries/XMCLib/src/xmc_vadc.o
 .debug_abbrev  0x00001631      0x146 Libraries/Newlib/syscalls.o
 .debug_abbrev  0x00001777      0x22b Dave/Generated/TIMER/timer.o
 .debug_abbrev  0x000019a2      0x15a Dave/Generated/TIMER/timer_conf.o
 .debug_abbrev  0x00001afc      0x24c Dave/Generated/SPI_MASTER/spi_master.o
 .debug_abbrev  0x00001d48      0x234 Dave/Generated/SPI_MASTER/spi_master_conf.o
 .debug_abbrev  0x00001f7c      0x1eb Dave/Generated/INTERRUPT/interrupt.o
 .debug_abbrev  0x00002167       0x97 Dave/Generated/INTERRUPT/interrupt_conf.o
 .debug_abbrev  0x000021fe      0x16f Dave/Generated/GLOBAL_CCU4/global_ccu4.o
 .debug_abbrev  0x0000236d       0xfd Dave/Generated/GLOBAL_CCU4/global_ccu4_conf.o
 .debug_abbrev  0x0000246a      0x1e6 Dave/Generated/GLOBAL_ADC/global_adc.o
 .debug_abbrev  0x00002650      0x174 Dave/Generated/GLOBAL_ADC/global_adc_conf.o
 .debug_abbrev  0x000027c4      0x10e Dave/Generated/DIGITAL_IO/digital_io.o
 .debug_abbrev  0x000028d2       0xc3 Dave/Generated/DIGITAL_IO/digital_io_conf.o
 .debug_abbrev  0x00002995      0x1d3 Dave/Generated/DAVE.o
 .debug_abbrev  0x00002b68      0x261 Dave/Generated/DAC/dac.o
 .debug_abbrev  0x00002dc9      0x167 Dave/Generated/DAC/dac_conf.o
 .debug_abbrev  0x00002f30      0x16d Dave/Generated/CPU_CTRL_XMC4/cpu_ctrl_xmc4.o
 .debug_abbrev  0x0000309d       0x8a Dave/Generated/CPU_CTRL_XMC4/cpu_ctrl_xmc4_conf.o
 .debug_abbrev  0x00003127      0x206 Dave/Generated/COUNTER/counter.o
 .debug_abbrev  0x0000332d      0x11b Dave/Generated/COUNTER/counter_conf.o
 .debug_abbrev  0x00003448       0x14 Dave/Generated/CMSIS_DSP/TransformFunctions/arm_bitreversal2.o
 .debug_abbrev  0x0000345c      0x121 Dave/Generated/CMSIS_DSP/TransformFunctions/arm_cfft_f32.o
 .debug_abbrev  0x0000357d       0x8c Dave/Generated/CMSIS_DSP/TransformFunctions/arm_cfft_radix8_f32.o
 .debug_abbrev  0x00003609      0x10f Dave/Generated/CMSIS_DSP/TransformFunctions/arm_rfft_fast_f32.o
 .debug_abbrev  0x00003718       0xfd Dave/Generated/CMSIS_DSP/TransformFunctions/arm_rfft_fast_init_f32.o
 .debug_abbrev  0x00003815       0x96 Dave/Generated/CMSIS_DSP/StatisticsFunctions/arm_max_f32.o
 .debug_abbrev  0x000038ab       0x94 Dave/Generated/CMSIS_DSP/StatisticsFunctions/arm_mean_f32.o