Archive member included because of file (symbol)

c:/davev4-64bit/dave-4.2.6/eclipse/arm-gcc-49/bin/../lib/gcc/arm-none-eabi/4.9.3/../../../../arm-none-eabi/lib/armv7e-m\libm.a(lib_a-wf_sqrt.o)
                              ./Dave/Generated/CMSIS_DSP/StatisticsFunctions/arm_rms_f32.o (sqrtf)
c:/davev4-64bit/dave-4.2.6/eclipse/arm-gcc-49/bin/../lib/gcc/arm-none-eabi/4.9.3/../../../../arm-none-eabi/lib/armv7e-m\libm.a(lib_a-ef_sqrt.o)
                              c:/davev4-64bit/dave-4.2.6/eclipse/arm-gcc-49/bin/../lib/gcc/arm-none-eabi/4.9.3/../../../../arm-none-eabi/lib/armv7e-m\libm.a(lib_a-wf_sqrt.o) (__ieee754_sqrtf)
c:/davev4-64bit/dave-4.2.6/eclipse/arm-gcc-49/bin/../lib/gcc/arm-none-eabi/4.9.3/../../../../arm-none-eabi/lib/armv7e-m\libm.a(lib_a-s_lib_ver.o)
                              c:/davev4-64bit/dave-4.2.6/eclipse/arm-gcc-49/bin/../lib/gcc/arm-none-eabi/4.9.3/../../../../arm-none-eabi/lib/armv7e-m\libm.a(lib_a-wf_sqrt.o) (__fdlib_version)
c:/davev4-64bit/dave-4.2.6/eclipse/arm-gcc-49/bin/../lib/gcc/arm-none-eabi/4.9.3/../../../../arm-none-eabi/lib/armv7e-m\libm.a(lib_a-s_matherr.o)
                              c:/davev4-64bit/dave-4.2.6/eclipse/arm-gcc-49/bin/../lib/gcc/arm-none-eabi/4.9.3/../../../../arm-none-eabi/lib/armv7e-m\libm.a(lib_a-wf_sqrt.o) (matherr)
c:/davev4-64bit/dave-4.2.6/eclipse/arm-gcc-49/bin/../lib/gcc/arm-none-eabi/4.9.3/../../../../arm-none-eabi/lib/armv7e-m\libm.a(lib_a-sf_fpclassify.o)
                              c:/davev4-64bit/dave-4.2.6/eclipse/arm-gcc-49/bin/../lib/gcc/arm-none-eabi/4.9.3/../../../../arm-none-eabi/lib/armv7e-m\libm.a(lib_a-wf_sqrt.o) (__fpclassifyf)
c:/davev4-64bit/dave-4.2.6/eclipse/arm-gcc-49/bin/../lib/gcc/arm-none-eabi/4.9.3/armv7e-m\libgcc.a(_arm_addsubdf3.o)
                              ./Dave/Generated/CMSIS_DSP/MatrixFunctions/arm_mat_inverse_f64.o (__aeabi_dsub)
c:/davev4-64bit/dave-4.2.6/eclipse/arm-gcc-49/bin/../lib/gcc/arm-none-eabi/4.9.3/armv7e-m\libgcc.a(_arm_muldivdf3.o)
                              ./Dave/Generated/CMSIS_DSP/MatrixFunctions/arm_mat_inverse_f64.o (__aeabi_dmul)
c:/davev4-64bit/dave-4.2.6/eclipse/arm-gcc-49/bin/../lib/gcc/arm-none-eabi/4.9.3/armv7e-m\libgcc.a(_arm_cmpdf2.o)
                              ./Dave/Generated/CMSIS_DSP/MatrixFunctions/arm_mat_inverse_f64.o (__aeabi_dcmpeq)
c:/davev4-64bit/dave-4.2.6/eclipse/arm-gcc-49/bin/../lib/gcc/arm-none-eabi/4.9.3/armv7e-m\libgcc.a(_arm_truncdfsf2.o)
                              ./main.o (__aeabi_d2f)
c:/davev4-64bit/dave-4.2.6/eclipse/arm-gcc-49/bin/../lib/gcc/arm-none-eabi/4.9.3/armv7e-m\libgcc.a(_arm_addsubsf3.o)
                              ./Dave/Generated/CMSIS_DSP/TransformFunctions/arm_cfft_f32.o (__aeabi_fsub)
c:/davev4-64bit/dave-4.2.6/eclipse/arm-gcc-49/bin/../lib/gcc/arm-none-eabi/4.9.3/armv7e-m\libgcc.a(_arm_muldivsf3.o)
                              ./Libraries/XMCLib/src/xmc4_scu.o (__aeabi_fmul)
c:/davev4-64bit/dave-4.2.6/eclipse/arm-gcc-49/bin/../lib/gcc/arm-none-eabi/4.9.3/armv7e-m\libgcc.a(_arm_cmpsf2.o)
                              ./Dave/Generated/CMSIS_DSP/MatrixFunctions/arm_mat_inverse_f32.o (__aeabi_fcmpeq)
c:/davev4-64bit/dave-4.2.6/eclipse/arm-gcc-49/bin/../lib/gcc/arm-none-eabi/4.9.3/armv7e-m\libgcc.a(_arm_fixsfsi.o)
                              ./Dave/Generated/CMSIS_DSP/SupportFunctions/arm_float_to_q15.o (__aeabi_f2iz)
c:/davev4-64bit/dave-4.2.6/eclipse/arm-gcc-49/bin/../lib/gcc/arm-none-eabi/4.9.3/armv7e-m\libgcc.a(_arm_fixunssfsi.o)
                              ./Libraries/XMCLib/src/xmc4_scu.o (__aeabi_f2uiz)
c:/davev4-64bit/dave-4.2.6/eclipse/arm-gcc-49/bin/../lib/gcc/arm-none-eabi/4.9.3/armv7e-m\libgcc.a(_aeabi_ldivmod.o)
                              ./Dave/Generated/CMSIS_DSP/StatisticsFunctions/arm_mean_q31.o (__aeabi_ldivmod)
c:/davev4-64bit/dave-4.2.6/eclipse/arm-gcc-49/bin/../lib/gcc/arm-none-eabi/4.9.3/armv7e-m\libgcc.a(_aeabi_uldivmod.o)
                              ./Dave/Generated/TIMER/timer.o (__aeabi_uldivmod)
c:/davev4-64bit/dave-4.2.6/eclipse/arm-gcc-49/bin/../lib/gcc/arm-none-eabi/4.9.3/armv7e-m\libgcc.a(_fixsfdi.o)
                              ./Dave/Generated/CMSIS_DSP/SupportFunctions/arm_float_to_q31.o (__aeabi_f2lz)
c:/davev4-64bit/dave-4.2.6/eclipse/arm-gcc-49/bin/../lib/gcc/arm-none-eabi/4.9.3/armv7e-m\libgcc.a(_fixunssfdi.o)
                              c:/davev4-64bit/dave-4.2.6/eclipse/arm-gcc-49/bin/../lib/gcc/arm-none-eabi/4.9.3/armv7e-m\libgcc.a(_fixsfdi.o) (__aeabi_f2ulz)
c:/davev4-64bit/dave-4.2.6/eclipse/arm-gcc-49/bin/../lib/gcc/arm-none-eabi/4.9.3/armv7e-m\libgcc.a(bpabi.o)
                              c:/davev4-64bit/dave-4.2.6/eclipse/arm-gcc-49/bin/../lib/gcc/arm-none-eabi/4.9.3/armv7e-m\libgcc.a(_aeabi_ldivmod.o) (__gnu_ldivmod_helper)
c:/davev4-64bit/dave-4.2.6/eclipse/arm-gcc-49/bin/../lib/gcc/arm-none-eabi/4.9.3/armv7e-m\libgcc.a(_dvmd_tls.o)
[...]
Memory Configuration

Name             Origin             Length             Attributes
FLASH_1_cached   0x08000000         0x00040000         xr
FLASH_1_uncached 0x0c000000         0x00040000         xr
PSRAM_1          0x1fffc000         0x00004000         !xr
DSRAM_1_system   0x20000000         0x00006000         !xr
SRAM_combined    0x1fffc000         0x0000a000         !xr
*default*        0x00000000         0xffffffff

Linker script and memory map

LOAD ./Startup/startup_XMC4200.o
LOAD ./Startup/system_XMC4200.o
LOAD ./Libraries/XMCLib/src/xmc4_eru.o
LOAD ./Libraries/XMCLib/src/xmc4_flash.o
LOAD ./Libraries/XMCLib/src/xmc4_gpio.o
LOAD ./Libraries/XMCLib/src/xmc4_rtc.o
LOAD ./Libraries/XMCLib/src/xmc4_scu.o
LOAD ./Libraries/XMCLib/src/xmc4_usic.o
LOAD ./Libraries/XMCLib/src/xmc_can.o
LOAD ./Libraries/XMCLib/src/xmc_ccu4.o
LOAD ./Libraries/XMCLib/src/xmc_ccu8.o
LOAD ./Libraries/XMCLib/src/xmc_common.o
LOAD ./Libraries/XMCLib/src/xmc_dac.o
LOAD ./Libraries/XMCLib/src/xmc_dma.o
LOAD ./Libraries/XMCLib/src/xmc_dsd.o
LOAD ./Libraries/XMCLib/src/xmc_ebu.o
LOAD ./Libraries/XMCLib/src/xmc_eru.o
LOAD ./Libraries/XMCLib/src/xmc_eth_mac.o
LOAD ./Libraries/XMCLib/src/xmc_fce.o
LOAD ./Libraries/XMCLib/src/xmc_gpio.o
LOAD ./Libraries/XMCLib/src/xmc_hrpwm.o
LOAD ./Libraries/XMCLib/src/xmc_i2c.o
LOAD ./Libraries/XMCLib/src/xmc_ledts.o
LOAD ./Libraries/XMCLib/src/xmc_posif.o
LOAD ./Libraries/XMCLib/src/xmc_rtc.o
LOAD ./Libraries/XMCLib/src/xmc_sdmmc.o
LOAD ./Libraries/XMCLib/src/xmc_spi.o
LOAD ./Libraries/XMCLib/src/xmc_uart.o
LOAD ./Libraries/XMCLib/src/xmc_usbd.o
LOAD ./Libraries/XMCLib/src/xmc_usic.o
LOAD ./Libraries/XMCLib/src/xmc_vadc.o
LOAD ./Libraries/XMCLib/src/xmc_wdt.o
LOAD ./Libraries/Newlib/syscalls.o
LOAD ./Dave/Generated/TIMER/timer.o
LOAD ./Dave/Generated/TIMER/timer_conf.o
LOAD ./Dave/Generated/SPI_MASTER/spi_master.o
LOAD ./Dave/Generated/SPI_MASTER/spi_master_conf.o
LOAD ./Dave/Generated/INTERRUPT/interrupt.o
LOAD ./Dave/Generated/INTERRUPT/interrupt_conf.o
LOAD ./Dave/Generated/GLOBAL_DMA/global_dma.o
LOAD ./Dave/Generated/GLOBAL_DMA/global_dma_conf.o
LOAD ./Dave/Generated/GLOBAL_CCU4/global_ccu4.o
LOAD ./Dave/Generated/GLOBAL_CCU4/global_ccu4_conf.o
LOAD ./Dave/Generated/GLOBAL_ADC/global_adc.o
LOAD ./Dave/Generated/GLOBAL_ADC/global_adc_conf.o
LOAD ./Dave/Generated/DMA_CH/dma_ch.o
LOAD ./Dave/Generated/DMA_CH/dma_ch_conf.o
LOAD ./Dave/Generated/DIGITAL_IO/digital_io.o
LOAD ./Dave/Generated/DIGITAL_IO/digital_io_conf.o
LOAD ./Dave/Generated/DAC/dac.o
LOAD ./Dave/Generated/DAC/dac_conf.o
LOAD ./Dave/Generated/CPU_CTRL_XMC4/cpu_ctrl_xmc4.o
LOAD ./Dave/Generated/CPU_CTRL_XMC4/cpu_ctrl_xmc4_conf.o
LOAD ./Dave/Generated/COUNTER/counter.o
LOAD ./Dave/Generated/COUNTER/counter_conf.o
LOAD ./Dave/Generated/CMSIS_DSP/TransformFunctions/arm_bitreversal.o
LOAD ./Dave/Generated/CMSIS_DSP/TransformFunctions/arm_bitreversal2.o
LOAD ./Dave/Generated/CMSIS_DSP/TransformFunctions/arm_cfft_f32.o
LOAD ./Dave/Generated/CMSIS_DSP/TransformFunctions/arm_cfft_q15.o
LOAD ./Dave/Generated/CMSIS_DSP/TransformFunctions/arm_cfft_q31.o
LOAD ./Dave/Generated/CMSIS_DSP/TransformFunctions/arm_cfft_radix2_f32.o
LOAD ./Dave/Generated/CMSIS_DSP/TransformFunctions/arm_cfft_radix2_init_f32.o
LOAD ./Dave/Generated/CMSIS_DSP/TransformFunctions/arm_cfft_radix2_init_q15.o
LOAD ./Dave/Generated/CMSIS_DSP/TransformFunctions/arm_cfft_radix2_init_q31.o
LOAD ./Dave/Generated/CMSIS_DSP/TransformFunctions/arm_cfft_radix2_q15.o
LOAD ./Dave/Generated/CMSIS_DSP/TransformFunctions/arm_cfft_radix2_q31.o
LOAD ./Dave/Generated/CMSIS_DSP/TransformFunctions/arm_cfft_radix4_f32.o
LOAD ./Dave/Generated/CMSIS_DSP/TransformFunctions/arm_cfft_radix4_init_f32.o
LOAD ./Dave/Generated/CMSIS_DSP/TransformFunctions/arm_cfft_radix4_init_q15.o
LOAD ./Dave/Generated/CMSIS_DSP/TransformFunctions/arm_cfft_radix4_init_q31.o
LOAD ./Dave/Generated/CMSIS_DSP/TransformFunctions/arm_cfft_radix4_q15.o
LOAD ./Dave/Generated/CMSIS_DSP/TransformFunctions/arm_cfft_radix4_q31.o
LOAD ./Dave/Generated/CMSIS_DSP/TransformFunctions/arm_cfft_radix8_f32.o
LOAD ./Dave/Generated/CMSIS_DSP/TransformFunctions/arm_dct4_f32.o
LOAD ./Dave/Generated/CMSIS_DSP/TransformFunctions/arm_dct4_init_f32.o
LOAD ./Dave/Generated/CMSIS_DSP/TransformFunctions/arm_dct4_init_q15.o
LOAD ./Dave/Generated/CMSIS_DSP/TransformFunctions/arm_dct4_init_q31.o
LOAD ./Dave/Generated/CMSIS_DSP/TransformFunctions/arm_dct4_q15.o
LOAD ./Dave/Generated/CMSIS_DSP/TransformFunctions/arm_dct4_q31.o
LOAD ./Dave/Generated/CMSIS_DSP/TransformFunctions/arm_rfft_f32.o
LOAD ./Dave/Generated/CMSIS_DSP/TransformFunctions/arm_rfft_fast_f32.o
LOAD ./Dave/Generated/CMSIS_DSP/TransformFunctions/arm_rfft_fast_init_f32.o
LOAD ./Dave/Generated/CMSIS_DSP/TransformFunctions/arm_rfft_init_f32.o
LOAD ./Dave/Generated/CMSIS_DSP/TransformFunctions/arm_rfft_init_q15.o
LOAD ./Dave/Generated/CMSIS_DSP/TransformFunctions/arm_rfft_init_q31.o
LOAD ./Dave/Generated/CMSIS_DSP/TransformFunctions/arm_rfft_q15.o
LOAD ./Dave/Generated/CMSIS_DSP/TransformFunctions/arm_rfft_q31.o
LOAD ./Dave/Generated/CMSIS_DSP/SupportFunctions/arm_copy_f32.o
LOAD ./Dave/Generated/CMSIS_DSP/SupportFunctions/arm_copy_q15.o
LOAD ./Dave/Generated/CMSIS_DSP/SupportFunctions/arm_copy_q31.o
LOAD ./Dave/Generated/CMSIS_DSP/SupportFunctions/arm_copy_q7.o
LOAD ./Dave/Generated/CMSIS_DSP/SupportFunctions/arm_fill_f32.o
LOAD ./Dave/Generated/CMSIS_DSP/SupportFunctions/arm_fill_q15.o
LOAD ./Dave/Generated/CMSIS_DSP/SupportFunctions/arm_fill_q31.o
LOAD ./Dave/Generated/CMSIS_DSP/SupportFunctions/arm_fill_q7.o
LOAD ./Dave/Generated/CMSIS_DSP/SupportFunctions/arm_float_to_q15.o
LOAD ./Dave/Generated/CMSIS_DSP/SupportFunctions/arm_float_to_q31.o
LOAD ./Dave/Generated/CMSIS_DSP/SupportFunctions/arm_float_to_q7.o
LOAD ./Dave/Generated/CMSIS_DSP/SupportFunctions/arm_q15_to_float.o
LOAD ./Dave/Generated/CMSIS_DSP/SupportFunctions/arm_q15_to_q31.o
LOAD ./Dave/Generated/CMSIS_DSP/SupportFunctions/arm_q15_to_q7.o
LOAD ./Dave/Generated/CMSIS_DSP/SupportFunctions/arm_q31_to_float.o
LOAD ./Dave/Generated/CMSIS_DSP/SupportFunctions/arm_q31_to_q15.o
LOAD ./Dave/Generated/CMSIS_DSP/SupportFunctions/arm_q31_to_q7.o
LOAD ./Dave/Generated/CMSIS_DSP/SupportFunctions/arm_q7_to_float.o
LOAD ./Dave/Generated/CMSIS_DSP/SupportFunctions/arm_q7_to_q15.o
LOAD ./Dave/Generated/CMSIS_DSP/SupportFunctions/arm_q7_to_q31.o
LOAD ./Dave/Generated/CMSIS_DSP/StatisticsFunctions/arm_max_f32.o
LOAD ./Dave/Generated/CMSIS_DSP/StatisticsFunctions/arm_max_q15.o
LOAD ./Dave/Generated/CMSIS_DSP/StatisticsFunctions/arm_max_q31.o
LOAD ./Dave/Generated/CMSIS_DSP/StatisticsFunctions/arm_max_q7.o
LOAD ./Dave/Generated/CMSIS_DSP/StatisticsFunctions/arm_mean_f32.o
LOAD ./Dave/Generated/CMSIS_DSP/StatisticsFunctions/arm_mean_q15.o
LOAD ./Dave/Generated/CMSIS_DSP/StatisticsFunctions/arm_mean_q31.o
LOAD ./Dave/Generated/CMSIS_DSP/StatisticsFunctions/arm_mean_q7.o
LOAD ./Dave/Generated/CMSIS_DSP/StatisticsFunctions/arm_min_f32.o
LOAD ./Dave/Generated/CMSIS_DSP/StatisticsFunctions/arm_min_q15.o
LOAD ./Dave/Generated/CMSIS_DSP/StatisticsFunctions/arm_min_q31.o
LOAD ./Dave/Generated/CMSIS_DSP/StatisticsFunctions/arm_min_q7.o
LOAD ./Dave/Generated/CMSIS_DSP/StatisticsFunctions/arm_power_f32.o
LOAD ./Dave/Generated/CMSIS_DSP/StatisticsFunctions/arm_power_q15.o
LOAD ./Dave/Generated/CMSIS_DSP/StatisticsFunctions/arm_power_q31.o
LOAD ./Dave/Generated/CMSIS_DSP/StatisticsFunctions/arm_power_q7.o
LOAD ./Dave/Generated/CMSIS_DSP/StatisticsFunctions/arm_rms_f32.o
LOAD ./Dave/Generated/CMSIS_DSP/StatisticsFunctions/arm_rms_q15.o
LOAD ./Dave/Generated/CMSIS_DSP/StatisticsFunctions/arm_rms_q31.o
LOAD ./Dave/Generated/CMSIS_DSP/StatisticsFunctions/arm_std_f32.o
LOAD ./Dave/Generated/CMSIS_DSP/StatisticsFunctions/arm_std_q15.o
LOAD ./Dave/Generated/CMSIS_DSP/StatisticsFunctions/arm_std_q31.o
LOAD ./Dave/Generated/CMSIS_DSP/StatisticsFunctions/arm_var_f32.o
LOAD ./Dave/Generated/CMSIS_DSP/StatisticsFunctions/arm_var_q15.o
LOAD ./Dave/Generated/CMSIS_DSP/StatisticsFunctions/arm_var_q31.o
LOAD ./Dave/Generated/CMSIS_DSP/MatrixFunctions/arm_mat_add_f32.o
LOAD ./Dave/Generated/CMSIS_DSP/MatrixFunctions/arm_mat_add_q15.o
LOAD ./Dave/Generated/CMSIS_DSP/MatrixFunctions/arm_mat_add_q31.o
LOAD ./Dave/Generated/CMSIS_DSP/MatrixFunctions/arm_mat_cmplx_mult_f32.o
LOAD ./Dave/Generated/CMSIS_DSP/MatrixFunctions/arm_mat_cmplx_mult_q15.o
LOAD ./Dave/Generated/CMSIS_DSP/MatrixFunctions/arm_mat_cmplx_mult_q31.o
LOAD ./Dave/Generated/CMSIS_DSP/MatrixFunctions/arm_mat_init_f32.o
LOAD ./Dave/Generated/CMSIS_DSP/MatrixFunctions/arm_mat_init_q15.o
LOAD ./Dave/Generated/CMSIS_DSP/MatrixFunctions/arm_mat_init_q31.o
LOAD ./Dave/Generated/CMSIS_DSP/MatrixFunctions/arm_mat_inverse_f32.o
LOAD ./Dave/Generated/CMSIS_DSP/MatrixFunctions/arm_mat_inverse_f64.o
LOAD ./Dave/Generated/CMSIS_DSP/MatrixFunctions/arm_mat_mult_f32.o
LOAD ./Dave/Generated/CMSIS_DSP/MatrixFunctions/arm_mat_mult_fast_q15.o
LOAD ./Dave/Generated/CMSIS_DSP/MatrixFunctions/arm_mat_mult_fast_q31.o
LOAD ./Dave/Generated/CMSIS_DSP/MatrixFunctions/arm_mat_mult_q15.o
LOAD ./Dave/Generated/CMSIS_DSP/MatrixFunctions/arm_mat_mult_q31.o
LOAD ./Dave/Generated/CMSIS_DSP/MatrixFunctions/arm_mat_scale_f32.o
LOAD ./Dave/Generated/CMSIS_DSP/MatrixFunctions/arm_mat_scale_q15.o
LOAD ./Dave/Generated/CMSIS_DSP/MatrixFunctions/arm_mat_scale_q31.o
LOAD ./Dave/Generated/CMSIS_DSP/MatrixFunctions/arm_mat_sub_f32.o
LOAD ./Dave/Generated/CMSIS_DSP/MatrixFunctions/arm_mat_sub_q15.o
LOAD ./Dave/Generated/CMSIS_DSP/MatrixFunctions/arm_mat_sub_q31.o
LOAD ./Dave/Generated/CMSIS_DSP/MatrixFunctions/arm_mat_trans_f32.o
LOAD ./Dave/Generated/CMSIS_DSP/MatrixFunctions/arm_mat_trans_q15.o
LOAD ./Dave/Generated/CMSIS_DSP/MatrixFunctions/arm_mat_trans_q31.o
LOAD ./Dave/Generated/CMSIS_DSP/FilteringFunctions/arm_biquad_cascade_df1_32x64_init_q31.o
LOAD ./Dave/Generated/CMSIS_DSP/FilteringFunctions/arm_biquad_cascade_df1_32x64_q31.o
LOAD ./Dave/Generated/CMSIS_DSP/FilteringFunctions/arm_biquad_cascade_df1_f32.o
LOAD ./Dave/Generated/CMSIS_DSP/FilteringFunctions/arm_biquad_cascade_df1_fast_q15.o
LOAD ./Dave/Generated/CMSIS_DSP/FilteringFunctions/arm_biquad_cascade_df1_fast_q31.o
LOAD ./Dave/Generated/CMSIS_DSP/FilteringFunctions/arm_biquad_cascade_df1_init_f32.o
LOAD ./Dave/Generated/CMSIS_DSP/FilteringFunctions/arm_biquad_cascade_df1_init_q15.o
LOAD ./Dave/Generated/CMSIS_DSP/FilteringFunctions/arm_biquad_cascade_df1_init_q31.o
LOAD ./Dave/Generated/CMSIS_DSP/FilteringFunctions/arm_biquad_cascade_df1_q15.o
LOAD ./Dave/Generated/CMSIS_DSP/FilteringFunctions/arm_biquad_cascade_df1_q31.o
LOAD ./Dave/Generated/CMSIS_DSP/FilteringFunctions/arm_biquad_cascade_df2T_f32.o
LOAD ./Dave/Generated/CMSIS_DSP/FilteringFunctions/arm_biquad_cascade_df2T_f64.o
LOAD ./Dave/Generated/CMSIS_DSP/FilteringFunctions/arm_biquad_cascade_df2T_init_f32.o
LOAD ./Dave/Generated/CMSIS_DSP/FilteringFunctions/arm_biquad_cascade_df2T_init_f64.o
LOAD ./Dave/Generated/CMSIS_DSP/FilteringFunctions/arm_biquad_cascade_stereo_df2T_f32.o
LOAD ./Dave/Generated/CMSIS_DSP/FilteringFunctions/arm_biquad_cascade_stereo_df2T_init_f32.o
LOAD ./Dave/Generated/CMSIS_DSP/FilteringFunctions/arm_conv_f32.o
LOAD ./Dave/Generated/CMSIS_DSP/FilteringFunctions/arm_conv_fast_opt_q15.o
LOAD ./Dave/Generated/CMSIS_DSP/FilteringFunctions/arm_conv_fast_q15.o
LOAD ./Dave/Generated/CMSIS_DSP/FilteringFunctions/arm_conv_fast_q31.o
LOAD ./Dave/Generated/CMSIS_DSP/FilteringFunctions/arm_conv_opt_q15.o
LOAD ./Dave/Generated/CMSIS_DSP/FilteringFunctions/arm_conv_opt_q7.o
LOAD ./Dave/Generated/CMSIS_DSP/FilteringFunctions/arm_conv_partial_f32.o
LOAD ./Dave/Generated/CMSIS_DSP/FilteringFunctions/arm_conv_partial_fast_opt_q15.o
LOAD ./Dave/Generated/CMSIS_DSP/FilteringFunctions/arm_conv_partial_fast_q15.o
LOAD ./Dave/Generated/CMSIS_DSP/FilteringFunctions/arm_conv_partial_fast_q31.o
LOAD ./Dave/Generated/CMSIS_DSP/FilteringFunctions/arm_conv_partial_opt_q15.o
LOAD ./Dave/Generated/CMSIS_DSP/FilteringFunctions/arm_conv_partial_opt_q7.o
LOAD ./Dave/Generated/CMSIS_DSP/FilteringFunctions/arm_conv_partial_q15.o
LOAD ./Dave/Generated/CMSIS_DSP/FilteringFunctions/arm_conv_partial_q31.o
LOAD ./Dave/Generated/CMSIS_DSP/FilteringFunctions/arm_conv_partial_q7.o
LOAD ./Dave/Generated/CMSIS_DSP/FilteringFunctions/arm_conv_q15.o
LOAD ./Dave/Generated/CMSIS_DSP/FilteringFunctions/arm_conv_q31.o
LOAD ./Dave/Generated/CMSIS_DSP/FilteringFunctions/arm_conv_q7.o
LOAD ./Dave/Generated/CMSIS_DSP/FilteringFunctions/arm_correlate_f32.o
LOAD ./Dave/Generated/CMSIS_DSP/FilteringFunctions/arm_correlate_fast_opt_q15.o
LOAD ./Dave/Generated/CMSIS_DSP/FilteringFunctions/arm_correlate_fast_q15.o
LOAD ./Dave/Generated/CMSIS_DSP/FilteringFunctions/arm_correlate_fast_q31.o
LOAD ./Dave/Generated/CMSIS_DSP/FilteringFunctions/arm_correlate_opt_q15.o
LOAD ./Dave/Generated/CMSIS_DSP/FilteringFunctions/arm_correlate_opt_q7.o
LOAD ./Dave/Generated/CMSIS_DSP/FilteringFunctions/arm_correlate_q15.o
LOAD ./Dave/Generated/CMSIS_DSP/FilteringFunctions/arm_correlate_q31.o
LOAD ./Dave/Generated/CMSIS_DSP/FilteringFunctions/arm_correlate_q7.o
LOAD ./Dave/Generated/CMSIS_DSP/FilteringFunctions/arm_fir_decimate_f32.o
LOAD ./Dave/Generated/CMSIS_DSP/FilteringFunctions/arm_fir_decimate_fast_q15.o
LOAD ./Dave/Generated/CMSIS_DSP/FilteringFunctions/arm_fir_decimate_fast_q31.o
LOAD ./Dave/Generated/CMSIS_DSP/FilteringFunctions/arm_fir_decimate_init_f32.o
LOAD ./Dave/Generated/CMSIS_DSP/FilteringFunctions/arm_fir_decimate_init_q15.o
LOAD ./Dave/Generated/CMSIS_DSP/FilteringFunctions/arm_fir_decimate_init_q31.o
LOAD ./Dave/Generated/CMSIS_DSP/FilteringFunctions/arm_fir_decimate_q15.o
LOAD ./Dave/Generated/CMSIS_DSP/FilteringFunctions/arm_fir_decimate_q31.o
LOAD ./Dave/Generated/CMSIS_DSP/FilteringFunctions/arm_fir_f32.o
LOAD ./Dave/Generated/CMSIS_DSP/FilteringFunctions/arm_fir_fast_q15.o
LOAD ./Dave/Generated/CMSIS_DSP/FilteringFunctions/arm_fir_fast_q31.o
LOAD ./Dave/Generated/CMSIS_DSP/FilteringFunctions/arm_fir_init_f32.o
LOAD ./Dave/Generated/CMSIS_DSP/FilteringFunctions/arm_fir_init_q15.o
LOAD ./Dave/Generated/CMSIS_DSP/FilteringFunctions/arm_fir_init_q31.o
LOAD ./Dave/Generated/CMSIS_DSP/FilteringFunctions/arm_fir_init_q7.o
LOAD ./Dave/Generated/CMSIS_DSP/FilteringFunctions/arm_fir_interpolate_f32.o
LOAD ./Dave/Generated/CMSIS_DSP/FilteringFunctions/arm_fir_interpolate_init_f32.o
LOAD ./Dave/Generated/CMSIS_DSP/FilteringFunctions/arm_fir_interpolate_init_q15.o
LOAD ./Dave/Generated/CMSIS_DSP/FilteringFunctions/arm_fir_interpolate_init_q31.o
LOAD ./Dave/Generated/CMSIS_DSP/FilteringFunctions/arm_fir_interpolate_q15.o
LOAD ./Dave/Generated/CMSIS_DSP/FilteringFunctions/arm_fir_interpolate_q31.o
LOAD ./Dave/Generated/CMSIS_DSP/FilteringFunctions/arm_fir_lattice_f32.o
LOAD ./Dave/Generated/CMSIS_DSP/FilteringFunctions/arm_fir_lattice_init_f32.o
LOAD ./Dave/Generated/CMSIS_DSP/FilteringFunctions/arm_fir_lattice_init_q15.o
LOAD ./Dave/Generated/CMSIS_DSP/FilteringFunctions/arm_fir_lattice_init_q31.o
LOAD ./Dave/Generated/CMSIS_DSP/FilteringFunctions/arm_fir_lattice_q15.o
LOAD ./Dave/Generated/CMSIS_DSP/FilteringFunctions/arm_fir_lattice_q31.o
LOAD ./Dave/Generated/CMSIS_DSP/FilteringFunctions/arm_fir_q15.o
LOAD ./Dave/Generated/CMSIS_DSP/FilteringFunctions/arm_fir_q31.o
LOAD ./Dave/Generated/CMSIS_DSP/FilteringFunctions/arm_fir_q7.o
LOAD ./Dave/Generated/CMSIS_DSP/FilteringFunctions/arm_fir_sparse_f32.o
LOAD ./Dave/Generated/CMSIS_DSP/FilteringFunctions/arm_fir_sparse_init_f32.o
LOAD ./Dave/Generated/CMSIS_DSP/FilteringFunctions/arm_fir_sparse_init_q15.o
LOAD ./Dave/Generated/CMSIS_DSP/FilteringFunctions/arm_fir_sparse_init_q31.o
LOAD ./Dave/Generated/CMSIS_DSP/FilteringFunctions/arm_fir_sparse_init_q7.o
LOAD ./Dave/Generated/CMSIS_DSP/FilteringFunctions/arm_fir_sparse_q15.o
LOAD ./Dave/Generated/CMSIS_DSP/FilteringFunctions/arm_fir_sparse_q31.o
LOAD ./Dave/Generated/CMSIS_DSP/FilteringFunctions/arm_fir_sparse_q7.o
LOAD ./Dave/Generated/CMSIS_DSP/FilteringFunctions/arm_iir_lattice_f32.o
LOAD ./Dave/Generated/CMSIS_DSP/FilteringFunctions/arm_iir_lattice_init_f32.o
LOAD ./Dave/Generated/CMSIS_DSP/FilteringFunctions/arm_iir_lattice_init_q15.o
LOAD ./Dave/Generated/CMSIS_DSP/FilteringFunctions/arm_iir_lattice_init_q31.o
LOAD ./Dave/Generated/CMSIS_DSP/FilteringFunctions/arm_iir_lattice_q15.o
LOAD ./Dave/Generated/CMSIS_DSP/FilteringFunctions/arm_iir_lattice_q31.o
LOAD ./Dave/Generated/CMSIS_DSP/FilteringFunctions/arm_lms_f32.o
LOAD ./Dave/Generated/CMSIS_DSP/FilteringFunctions/arm_lms_init_f32.o
LOAD ./Dave/Generated/CMSIS_DSP/FilteringFunctions/arm_lms_init_q15.o
LOAD ./Dave/Generated/CMSIS_DSP/FilteringFunctions/arm_lms_init_q31.o
LOAD ./Dave/Generated/CMSIS_DSP/FilteringFunctions/arm_lms_norm_f32.o
LOAD ./Dave/Generated/CMSIS_DSP/FilteringFunctions/arm_lms_norm_init_f32.o
LOAD ./Dave/Generated/CMSIS_DSP/FilteringFunctions/arm_lms_norm_init_q15.o
LOAD ./Dave/Generated/CMSIS_DSP/FilteringFunctions/arm_lms_norm_init_q31.o
LOAD ./Dave/Generated/CMSIS_DSP/FilteringFunctions/arm_lms_norm_q15.o
LOAD ./Dave/Generated/CMSIS_DSP/FilteringFunctions/arm_lms_norm_q31.o
LOAD ./Dave/Generated/CMSIS_DSP/FilteringFunctions/arm_lms_q15.o
LOAD ./Dave/Generated/CMSIS_DSP/FilteringFunctions/arm_lms_q31.o
LOAD ./Dave/Generated/CMSIS_DSP/FastMathFunctions/arm_cos_f32.o
LOAD ./Dave/Generated/CMSIS_DSP/FastMathFunctions/arm_cos_q15.o
LOAD ./Dave/Generated/CMSIS_DSP/FastMathFunctions/arm_cos_q31.o
LOAD ./Dave/Generated/CMSIS_DSP/FastMathFunctions/arm_sin_f32.o
LOAD ./Dave/Generated/CMSIS_DSP/FastMathFunctions/arm_sin_q15.o
LOAD ./Dave/Generated/CMSIS_DSP/FastMathFunctions/arm_sin_q31.o
LOAD ./Dave/Generated/CMSIS_DSP/FastMathFunctions/arm_sqrt_q15.o
LOAD ./Dave/Generated/CMSIS_DSP/FastMathFunctions/arm_sqrt_q31.o
LOAD ./Dave/Generated/CMSIS_DSP/ControllerFunctions/arm_pid_init_f32.o
LOAD ./Dave/Generated/CMSIS_DSP/ControllerFunctions/arm_pid_init_q15.o
LOAD ./Dave/Generated/CMSIS_DSP/ControllerFunctions/arm_pid_init_q31.o
LOAD ./Dave/Generated/CMSIS_DSP/ControllerFunctions/arm_pid_reset_f32.o
LOAD ./Dave/Generated/CMSIS_DSP/ControllerFunctions/arm_pid_reset_q15.o
LOAD ./Dave/Generated/CMSIS_DSP/ControllerFunctions/arm_pid_reset_q31.o
LOAD ./Dave/Generated/CMSIS_DSP/ControllerFunctions/arm_sin_cos_f32.o
LOAD ./Dave/Generated/CMSIS_DSP/ControllerFunctions/arm_sin_cos_q31.o
LOAD ./Dave/Generated/CMSIS_DSP/ComplexMathFunctions/arm_cmplx_conj_f32.o
LOAD ./Dave/Generated/CMSIS_DSP/ComplexMathFunctions/arm_cmplx_conj_q15.o
LOAD ./Dave/Generated/CMSIS_DSP/ComplexMathFunctions/arm_cmplx_conj_q31.o
LOAD ./Dave/Generated/CMSIS_DSP/ComplexMathFunctions/arm_cmplx_dot_prod_f32.o
LOAD ./Dave/Generated/CMSIS_DSP/ComplexMathFunctions/arm_cmplx_dot_prod_q15.o
LOAD ./Dave/Generated/CMSIS_DSP/ComplexMathFunctions/arm_cmplx_dot_prod_q31.o
LOAD ./Dave/Generated/CMSIS_DSP/ComplexMathFunctions/arm_cmplx_mag_f32.o
LOAD ./Dave/Generated/CMSIS_DSP/ComplexMathFunctions/arm_cmplx_mag_q15.o
LOAD ./Dave/Generated/CMSIS_DSP/ComplexMathFunctions/arm_cmplx_mag_q31.o
LOAD ./Dave/Generated/CMSIS_DSP/ComplexMathFunctions/arm_cmplx_mag_squared_f32.o
LOAD ./Dave/Generated/CMSIS_DSP/ComplexMathFunctions/arm_cmplx_mag_squared_q15.o
LOAD ./Dave/Generated/CMSIS_DSP/ComplexMathFunctions/arm_cmplx_mag_squared_q31.o
LOAD ./Dave/Generated/CMSIS_DSP/ComplexMathFunctions/arm_cmplx_mult_cmplx_f32.o
LOAD ./Dave/Generated/CMSIS_DSP/ComplexMathFunctions/arm_cmplx_mult_cmplx_q15.o
LOAD ./Dave/Generated/CMSIS_DSP/ComplexMathFunctions/arm_cmplx_mult_cmplx_q31.o
LOAD ./Dave/Generated/CMSIS_DSP/ComplexMathFunctions/arm_cmplx_mult_real_f32.o
LOAD ./Dave/Generated/CMSIS_DSP/ComplexMathFunctions/arm_cmplx_mult_real_q15.o
LOAD ./Dave/Generated/CMSIS_DSP/ComplexMathFunctions/arm_cmplx_mult_real_q31.o
LOAD ./Dave/Generated/CMSIS_DSP/CommonTables/arm_common_tables.o
LOAD ./Dave/Generated/CMSIS_DSP/CommonTables/arm_const_structs.o
LOAD ./Dave/Generated/CMSIS_DSP/BasicMathFunctions/arm_abs_f32.o
LOAD ./Dave/Generated/CMSIS_DSP/BasicMathFunctions/arm_abs_q15.o
LOAD ./Dave/Generated/CMSIS_DSP/BasicMathFunctions/arm_abs_q31.o
LOAD ./Dave/Generated/CMSIS_DSP/BasicMathFunctions/arm_abs_q7.o
LOAD ./Dave/Generated/CMSIS_DSP/BasicMathFunctions/arm_add_f32.o
LOAD ./Dave/Generated/CMSIS_DSP/BasicMathFunctions/arm_add_q15.o
LOAD ./Dave/Generated/CMSIS_DSP/BasicMathFunctions/arm_add_q31.o
LOAD ./Dave/Generated/CMSIS_DSP/BasicMathFunctions/arm_add_q7.o
LOAD ./Dave/Generated/CMSIS_DSP/BasicMathFunctions/arm_dot_prod_f32.o
LOAD ./Dave/Generated/CMSIS_DSP/BasicMathFunctions/arm_dot_prod_q15.o
LOAD ./Dave/Generated/CMSIS_DSP/BasicMathFunctions/arm_dot_prod_q31.o
LOAD ./Dave/Generated/CMSIS_DSP/BasicMathFunctions/arm_dot_prod_q7.o
LOAD ./Dave/Generated/CMSIS_DSP/BasicMathFunctions/arm_mult_f32.o
LOAD ./Dave/Generated/CMSIS_DSP/BasicMathFunctions/arm_mult_q15.o
LOAD ./Dave/Generated/CMSIS_DSP/BasicMathFunctions/arm_mult_q31.o
LOAD ./Dave/Generated/CMSIS_DSP/BasicMathFunctions/arm_mult_q7.o
LOAD ./Dave/Generated/CMSIS_DSP/BasicMathFunctions/arm_negate_f32.o
LOAD ./Dave/Generated/CMSIS_DSP/BasicMathFunctions/arm_negate_q15.o
LOAD ./Dave/Generated/CMSIS_DSP/BasicMathFunctions/arm_negate_q31.o
LOAD ./Dave/Generated/CMSIS_DSP/BasicMathFunctions/arm_negate_q7.o
LOAD ./Dave/Generated/CMSIS_DSP/BasicMathFunctions/arm_offset_f32.o
LOAD ./Dave/Generated/CMSIS_DSP/BasicMathFunctions/arm_offset_q15.o
LOAD ./Dave/Generated/CMSIS_DSP/BasicMathFunctions/arm_offset_q31.o
LOAD ./Dave/Generated/CMSIS_DSP/BasicMathFunctions/arm_offset_q7.o
LOAD ./Dave/Generated/CMSIS_DSP/BasicMathFunctions/arm_scale_f32.o
LOAD ./Dave/Generated/CMSIS_DSP/BasicMathFunctions/arm_scale_q15.o
LOAD ./Dave/Generated/CMSIS_DSP/BasicMathFunctions/arm_scale_q31.o
LOAD ./Dave/Generated/CMSIS_DSP/BasicMathFunctions/arm_scale_q7.o
LOAD ./Dave/Generated/CMSIS_DSP/BasicMathFunctions/arm_shift_q15.o
LOAD ./Dave/Generated/CMSIS_DSP/BasicMathFunctions/arm_shift_q31.o
LOAD ./Dave/Generated/CMSIS_DSP/BasicMathFunctions/arm_shift_q7.o
LOAD ./Dave/Generated/CMSIS_DSP/BasicMathFunctions/arm_sub_f32.o
LOAD ./Dave/Generated/CMSIS_DSP/BasicMathFunctions/arm_sub_q15.o
LOAD ./Dave/Generated/CMSIS_DSP/BasicMathFunctions/arm_sub_q31.o
LOAD ./Dave/Generated/CMSIS_DSP/BasicMathFunctions/arm_sub_q7.o
LOAD ./Dave/Generated/CMSIS_DSP/cmsis_dsp.o
LOAD ./Dave/Generated/CLOCK_XMC4/clock_xmc4.o
LOAD ./Dave/Generated/CLOCK_XMC4/clock_xmc4_conf.o
LOAD ./Dave/Generated/ADC_MEASUREMENT/adc_measurement.o
LOAD ./Dave/Generated/ADC_MEASUREMENT/adc_measurement_conf.o
LOAD ./Dave/Generated/DAVE.o
LOAD ./BGT24MTR11.o
LOAD ./main.o
LOAD c:/davev4-64bit/dave-4.2.6/eclipse/arm-gcc-49/bin/../lib/gcc/arm-none-eabi/4.9.3/../../../../arm-none-eabi/lib/armv7e-m\libm.a
START GROUP
LOAD c:/davev4-64bit/dave-4.2.6/eclipse/arm-gcc-49/bin/../lib/gcc/arm-none-eabi/4.9.3/armv7e-m\libgcc.a
LOAD c:/davev4-64bit/dave-4.2.6/eclipse/arm-gcc-49/bin/../lib/gcc/arm-none-eabi/4.9.3/../../../../arm-none-eabi/lib/armv7e-m\libg_nano.a
LOAD c:/davev4-64bit/dave-4.2.6/eclipse/arm-gcc-49/bin/../lib/gcc/arm-none-eabi/4.9.3/../../../../arm-none-eabi/lib/armv7e-m\libc_nano.a
END GROUP
START GROUP
LOAD c:/davev4-64bit/dave-4.2.6/eclipse/arm-gcc-49/bin/../lib/gcc/arm-none-eabi/4.9.3/armv7e-m\libgcc.a
LOAD c:/davev4-64bit/dave-4.2.6/eclipse/arm-gcc-49/bin/../lib/gcc/arm-none-eabi/4.9.3/../../../../arm-none-eabi/lib/armv7e-m\libc_nano.a
END GROUP
                0x00000800                stack_size = 0x800

.text           0x08000000     0x9748 load address 0x0c000000
                0x08000000                sText = .
 *(.reset)
 .reset         0x08000000      0x294 ./Startup/startup_XMC4200.o
                0x08000000                __Vectors
                0x08000200                Reset_Handler
                0x08000290                DebugMon_Handler
                0x08000290                VADC0_C0_0_IRQHandler
                0x08000290                CAN0_4_IRQHandler
                0x08000290                USIC0_5_IRQHandler
                0x08000290                POSIF0_0_IRQHandler
                0x08000290                HardFault_Handler
                0x08000290                VADC0_G1_1_IRQHandler
                0x08000290                SysTick_Handler
                0x08000290                PendSV_Handler
                0x08000290                NMI_Handler
                0x08000290                USIC1_3_IRQHandler
                0x08000290                CCU40_2_IRQHandler
                0x08000290                SCU_0_IRQHandler
                0x08000290                ERU0_0_IRQHandler
                0x08000290                CCU41_0_IRQHandler
                0x08000290                USIC1_5_IRQHandler
                0x08000290                CCU80_1_IRQHandler
                0x08000290                HRPWM_0_IRQHandler
                0x08000290                HRPWM_1_IRQHandler
                0x08000290                UsageFault_Handler
                0x08000290                USIC0_0_IRQHandler
                0x08000290                ERU0_2_IRQHandler
                0x08000290                ERU1_1_IRQHandler
                0x08000290                ERU0_3_IRQHandler
                0x08000290                VADC0_C0_3_IRQHandler
                0x08000290                CAN0_6_IRQHandler
                0x08000290                VADC0_G0_1_IRQHandler
                0x08000290                USIC1_1_IRQHandler
                0x08000290                CCU40_0_IRQHandler
                0x08000290                CAN0_0_IRQHandler
                0x08000290                ERU1_0_IRQHandler
                0x08000290                HRPWM_3_IRQHandler
                0x08000290                Default_Handler
                0x08000290                USIC1_4_IRQHandler
                0x08000290                ERU1_3_IRQHandler
                0x08000290                USIC1_0_IRQHandler
                0x08000290                POSIF0_1_IRQHandler
                0x08000290                VADC0_G0_0_IRQHandler
                0x08000290                CCU80_3_IRQHandler
                0x08000290                CCU80_2_IRQHandler
                0x08000290                VADC0_G1_3_IRQHandler
                0x08000290                VADC0_G0_3_IRQHandler
                0x08000290                PMU0_0_IRQHandler
                0x08000290                CAN0_7_IRQHandler
                0x08000290                CCU41_2_IRQHandler
                0x08000290                VADC0_C0_1_IRQHandler
                0x08000290                MemManage_Handler
                0x08000290                DAC0_0_IRQHandler
                0x08000290                SVC_Handler
                0x08000290                ERU1_2_IRQHandler
                0x08000290                CCU41_1_IRQHandler
                0x08000290                VADC0_G1_2_IRQHandler
                0x08000290                CAN0_2_IRQHandler
                0x08000290                VADC0_G0_2_IRQHandler
                0x08000290                CAN0_3_IRQHandler
                0x08000290                HRPWM_2_IRQHandler
                0x08000290                VADC0_C0_2_IRQHandler
                0x08000290                FCE0_0_IRQHandler
                0x08000290                VADC0_G1_0_IRQHandler
                0x08000290                USB0_0_IRQHandler
                0x08000290                CAN0_5_IRQHandler
                0x08000290                CCU80_0_IRQHandler
                0x08000290                CCU40_1_IRQHandler
                0x08000290                CCU40_3_IRQHandler
                0x08000290                BusFault_Handler
                0x08000290                LEDTS0_0_IRQHandler
                0x08000290                USIC0_4_IRQHandler
                0x08000290                ERU0_1_IRQHandler
                0x08000290                USIC1_2_IRQHandler
                0x08000290                CAN0_1_IRQHandler
                0x08000290                USIC0_2_IRQHandler
                0x08000290                DAC0_1_IRQHandler
 *(.text .text.* .gnu.linkonce.t.*)
 .text.SystemInit
                0x08000294       0x34 ./Startup/system_XMC4200.o
                0x08000294                SystemInit
 .text.SystemCoreSetup
                0x080002c8       0x60 ./Startup/system_XMC4200.o
                0x080002c8                SystemCoreSetup
 .text.SystemCoreClockUpdate
                0x08000328       0xd4 ./Startup/system_XMC4200.o
                0x08000328                SystemCoreClockUpdate
 .text.XMC_GPIO_Init
                0x080003fc      0x134 ./Libraries/XMCLib/src/xmc4_gpio.o
                0x080003fc                XMC_GPIO_Init
 .text.XMC_SCU_CLOCK_GetCpuClockFrequency
                0x08000530       0x18 ./Libraries/XMCLib/src/xmc4_scu.o
 .text.XMC_SCU_lDelay
                0x08000548       0x44 ./Libraries/XMCLib/src/xmc4_scu.o
 .text.XMC_SCU_CLOCK_Init
                0x0800058c       0xbc ./Libraries/XMCLib/src/xmc4_scu.o
                0x0800058c                XMC_SCU_CLOCK_Init
 .text.XMC_SCU_RESET_DeassertPeripheralReset
                0x08000648       0x3c ./Libraries/XMCLib/src/xmc4_scu.o
                0x08000648                XMC_SCU_RESET_DeassertPeripheralReset
 .text.XMC_SCU_RESET_IsPeripheralResetAsserted
                0x08000684       0x40 ./Libraries/XMCLib/src/xmc4_scu.o
                0x08000684                XMC_SCU_RESET_IsPeripheralResetAsserted
 .text.XMC_SCU_CLOCK_GetPeripheralClockFrequency
                0x080006c4       0x20 ./Libraries/XMCLib/src/xmc4_scu.o
                0x080006c4                XMC_SCU_CLOCK_GetPeripheralClockFrequency
 .text.XMC_SCU_CLOCK_SetSystemClockSource
                0x080006e4       0x28 ./Libraries/XMCLib/src/xmc4_scu.o
                0x080006e4                XMC_SCU_CLOCK_SetSystemClockSource
 .text.XMC_SCU_CLOCK_SetUsbClockSource
                0x0800070c       0x28 ./Libraries/XMCLib/src/xmc4_scu.o
                0x0800070c                XMC_SCU_CLOCK_SetUsbClockSource
 .text.XMC_SCU_CLOCK_SetWdtClockSource
                0x08000734       0x28 ./Libraries/XMCLib/src/xmc4_scu.o
                0x08000734                XMC_SCU_CLOCK_SetWdtClockSource
 .text.XMC_SCU_CLOCK_SetSystemPllClockSource
                0x0800075c       0x40 ./Libraries/XMCLib/src/xmc4_scu.o
                0x0800075c                XMC_SCU_CLOCK_SetSystemPllClockSource
 .text.XMC_SCU_HIB_SetRtcClockSource
                0x0800079c       0x3c ./Libraries/XMCLib/src/xmc4_scu.o
                0x0800079c                XMC_SCU_HIB_SetRtcClockSource
 .text.XMC_SCU_HIB_SetStandbyClockSource
                0x080007d8       0x3c ./Libraries/XMCLib/src/xmc4_scu.o
                0x080007d8                XMC_SCU_HIB_SetStandbyClockSource
 .text.XMC_SCU_CLOCK_SetSystemClockDivider
                0x08000814       0x28 ./Libraries/XMCLib/src/xmc4_scu.o
                0x08000814                XMC_SCU_CLOCK_SetSystemClockDivider
 .text.XMC_SCU_CLOCK_SetCcuClockDivider
                0x0800083c       0x28 ./Libraries/XMCLib/src/xmc4_scu.o
                0x0800083c                XMC_SCU_CLOCK_SetCcuClockDivider
 .text.XMC_SCU_CLOCK_SetCpuClockDivider
                0x08000864       0x28 ./Libraries/XMCLib/src/xmc4_scu.o
                0x08000864                XMC_SCU_CLOCK_SetCpuClockDivider
 .text.XMC_SCU_CLOCK_SetPeripheralClockDivider
                0x0800088c       0x28 ./Libraries/XMCLib/src/xmc4_scu.o
                0x0800088c                XMC_SCU_CLOCK_SetPeripheralClockDivider
 .text.XMC_SCU_CLOCK_SetUsbClockDivider
                0x080008b4       0x28 ./Libraries/XMCLib/src/xmc4_scu.o
                0x080008b4                XMC_SCU_CLOCK_SetUsbClockDivider
 .text.XMC_SCU_CLOCK_SetWdtClockDivider
                0x080008dc       0x28 ./Libraries/XMCLib/src/xmc4_scu.o
                0x080008dc                XMC_SCU_CLOCK_SetWdtClockDivider
 .text.XMC_SCU_CLOCK_EnableClock
                0x08000904       0x20 ./Libraries/XMCLib/src/xmc4_scu.o
                0x08000904                XMC_SCU_CLOCK_EnableClock
 .text.XMC_SCU_CLOCK_UngatePeripheralClock
                0x08000924       0x3c ./Libraries/XMCLib/src/xmc4_scu.o
                0x08000924                XMC_SCU_CLOCK_UngatePeripheralClock
 .text.XMC_SCU_CLOCK_IsPeripheralClockGated
                0x08000960       0x40 ./Libraries/XMCLib/src/xmc4_scu.o
                0x08000960                XMC_SCU_CLOCK_IsPeripheralClockGated
 .text.XMC_SCU_CLOCK_StartUsbPll
                0x080009a0       0x74 ./Libraries/XMCLib/src/xmc4_scu.o
                0x080009a0                XMC_SCU_CLOCK_StartUsbPll
 .text.XMC_SCU_CLOCK_SetBackupClockCalibrationMode
                0x08000a14       0x4c ./Libraries/XMCLib/src/xmc4_scu.o
                0x08000a14                XMC_SCU_CLOCK_SetBackupClockCalibrationMode
 .text.XMC_SCU_HIB_EnableHibernateDomain
                0x08000a60       0x54 ./Libraries/XMCLib/src/xmc4_scu.o
                0x08000a60                XMC_SCU_HIB_EnableHibernateDomain
 .text.XMC_SCU_CLOCK_EnableLowPowerOscillator
                0x08000ab4       0x74 ./Libraries/XMCLib/src/xmc4_scu.o
                0x08000ab4                XMC_SCU_CLOCK_EnableLowPowerOscillator
 .text.XMC_SCU_CLOCK_EnableHighPerformanceOscillator
                0x08000b28       0x60 ./Libraries/XMCLib/src/xmc4_scu.o
                0x08000b28                XMC_SCU_CLOCK_EnableHighPerformanceOscillator
 .text.XMC_SCU_CLOCK_EnableSystemPll
                0x08000b88       0x20 ./Libraries/XMCLib/src/xmc4_scu.o
                0x08000b88                XMC_SCU_CLOCK_EnableSystemPll
 .text.XMC_SCU_CLOCK_DisableSystemPll
                0x08000ba8       0x20 ./Libraries/XMCLib/src/xmc4_scu.o
                0x08000ba8                XMC_SCU_CLOCK_DisableSystemPll
 .text.XMC_SCU_CLOCK_StartSystemPll
                0x08000bc8      0x198 ./Libraries/XMCLib/src/xmc4_scu.o
                0x08000bc8                XMC_SCU_CLOCK_StartSystemPll
 .text.XMC_SCU_CLOCK_StepSystemPllFrequency
                0x08000d60       0x2c ./Libraries/XMCLib/src/xmc4_scu.o
                0x08000d60                XMC_SCU_CLOCK_StepSystemPllFrequency
 .text.XMC_USIC_Enable
                0x08000d8c       0x48 ./Libraries/XMCLib/src/xmc4_usic.o
                0x08000d8c                XMC_USIC_Enable
 .text.XMC_CCU4_EnableModule
                0x08000dd4       0x20 ./Libraries/XMCLib/src/xmc_ccu4.o
                0x08000dd4                XMC_CCU4_EnableModule
 .text.XMC_CCU4_Init
                0x08000df4       0x38 ./Libraries/XMCLib/src/xmc_ccu4.o
                0x08000df4                XMC_CCU4_Init
 .text.XMC_CCU4_SLICE_CompareInit
                0x08000e2c       0x6c ./Libraries/XMCLib/src/xmc_ccu4.o
                0x08000e2c                XMC_CCU4_SLICE_CompareInit
 .text.XMC_CCU4_SLICE_CountConfig
                0x08000e98       0x34 ./Libraries/XMCLib/src/xmc_ccu4.o
                0x08000e98                XMC_CCU4_SLICE_CountConfig
 .text.XMC_CCU4_SLICE_GateConfig
                0x08000ecc       0x34 ./Libraries/XMCLib/src/xmc_ccu4.o
                0x08000ecc                XMC_CCU4_SLICE_GateConfig
 .text.XMC_CCU4_SLICE_DirectionConfig
                0x08000f00       0x34 ./Libraries/XMCLib/src/xmc_ccu4.o
                0x08000f00                XMC_CCU4_SLICE_DirectionConfig
 .text.XMC_CCU4_SLICE_ConfigureEvent
                0x08000f34       0xd4 ./Libraries/XMCLib/src/xmc_ccu4.o
                0x08000f34                XMC_CCU4_SLICE_ConfigureEvent
 .text.XMC_CCU4_SLICE_SetTimerCountingMode
                0x08001008       0x38 ./Libraries/XMCLib/src/xmc_ccu4.o
                0x08001008                XMC_CCU4_SLICE_SetTimerCountingMode
 .text.XMC_CCU4_SLICE_SetPrescaler
                0x08001040       0x3c ./Libraries/XMCLib/src/xmc_ccu4.o
                0x08001040                XMC_CCU4_SLICE_SetPrescaler
 .text.XMC_CCU4_EnableShadowTransfer
                0x0800107c       0x20 ./Libraries/XMCLib/src/xmc_ccu4.o
                0x0800107c                XMC_CCU4_EnableShadowTransfer
 .text.XMC_CCU4_SLICE_SetInterruptNode
                0x0800109c       0xb0 ./Libraries/XMCLib/src/xmc_ccu4.o
                0x0800109c                XMC_CCU4_SLICE_SetInterruptNode
 .text.XMC_CCU4_lDeassertReset
                0x0800114c       0x28 ./Libraries/XMCLib/src/xmc_ccu4.o
                0x0800114c                XMC_CCU4_lDeassertReset
 .text.XMC_CCU4_lUngateClock
                0x08001174       0x28 ./Libraries/XMCLib/src/xmc_ccu4.o
                0x08001174                XMC_CCU4_lUngateClock
 .text.XMC_DAC_CH_EnableOutput
                0x0800119c       0x30 ./Libraries/XMCLib/src/xmc_dac.o
 .text.XMC_DAC_CH_EnablePatternSignOutput
                0x080011cc       0x30 ./Libraries/XMCLib/src/xmc_dac.o
 .text.XMC_DAC_CH_DisablePatternSignOutput
                0x080011fc       0x30 ./Libraries/XMCLib/src/xmc_dac.o
 .text.XMC_DAC_CH_SetRampStart
                0x0800122c       0x28 ./Libraries/XMCLib/src/xmc_dac.o
 .text.XMC_DAC_CH_SetRampStop
                0x08001254       0x3c ./Libraries/XMCLib/src/xmc_dac.o
 .text.XMC_DAC_CH_SetTrigger
                0x08001290       0x34 ./Libraries/XMCLib/src/xmc_dac.o
 .text.XMC_DAC_CH_SetMode
                0x080012c4       0x34 ./Libraries/XMCLib/src/xmc_dac.o
 .text.XMC_DAC_Enable
                0x080012f8       0x20 ./Libraries/XMCLib/src/xmc_dac.o
                0x080012f8                XMC_DAC_Enable
 .text.XMC_DAC_CH_Init
                0x08001318       0x48 ./Libraries/XMCLib/src/xmc_dac.o
                0x08001318                XMC_DAC_CH_Init
 .text.XMC_DAC_CH_SetFrequency
                0x08001360       0x60 ./Libraries/XMCLib/src/xmc_dac.o
                0x08001360                XMC_DAC_CH_SetFrequency
 .text.XMC_DAC_CH_SetRampFrequency
                0x080013c0       0x50 ./Libraries/XMCLib/src/xmc_dac.o
                0x080013c0                XMC_DAC_CH_SetRampFrequency
 .text.XMC_DAC_CH_StartSingleValueMode
                0x08001410       0x24 ./Libraries/XMCLib/src/xmc_dac.o
                0x08001410                XMC_DAC_CH_StartSingleValueMode
 .text.XMC_DAC_CH_StartDataMode
                0x08001434       0x60 ./Libraries/XMCLib/src/xmc_dac.o
                0x08001434                XMC_DAC_CH_StartDataMode
 .text.XMC_DAC_CH_StartRampMode
                0x08001494       0x88 ./Libraries/XMCLib/src/xmc_dac.o
                0x08001494                XMC_DAC_CH_StartRampMode
 .text.XMC_DAC_CH_StartPatternMode
                0x0800151c       0x90 ./Libraries/XMCLib/src/xmc_dac.o
                0x0800151c                XMC_DAC_CH_StartPatternMode
 .text.XMC_DAC_CH_StartNoiseMode
                0x080015ac       0x60 ./Libraries/XMCLib/src/xmc_dac.o
                0x080015ac                XMC_DAC_CH_StartNoiseMode
 .text.XMC_DAC_CH_SetPattern
                0x0800160c       0xa0 ./Libraries/XMCLib/src/xmc_dac.o
                0x0800160c                XMC_DAC_CH_SetPattern
 .text.XMC_DMA_GetEventStatus
                0x080016ac       0x1c ./Libraries/XMCLib/src/xmc_dma.o
 .text.XMC_DMA_GetChannelsTransferCompleteStatus
                0x080016c8       0x1c ./Libraries/XMCLib/src/xmc_dma.o
 .text.XMC_DMA_GetChannelsBlockCompleteStatus
                0x080016e4       0x1c ./Libraries/XMCLib/src/xmc_dma.o
 .text.XMC_DMA_GetChannelsSourceTransactionCompleteStatus
                0x08001700       0x1c ./Libraries/XMCLib/src/xmc_dma.o
 .text.XMC_DMA_GetChannelsDestinationTransactionCompleteStatus
                0x0800171c       0x1c ./Libraries/XMCLib/src/xmc_dma.o
 .text.XMC_DMA_GetChannelsErrorStatus
                0x08001738       0x1c ./Libraries/XMCLib/src/xmc_dma.o
 .text.XMC_DMA_Init
                0x08001754       0x14 ./Libraries/XMCLib/src/xmc_dma.o
                0x08001754                XMC_DMA_Init
 .text.XMC_DMA_Enable
                0x08001768       0x28 ./Libraries/XMCLib/src/xmc_dma.o
                0x08001768                XMC_DMA_Enable
 .text.XMC_DMA_IsEnabled
                0x08001790       0x88 ./Libraries/XMCLib/src/xmc_dma.o
                0x08001790                XMC_DMA_IsEnabled
 .text.XMC_DMA_EnableRequestLine
                0x08001818       0x54 ./Libraries/XMCLib/src/xmc_dma.o
                0x08001818                XMC_DMA_EnableRequestLine
 .text.XMC_DMA_CH_Enable
                0x0800186c       0x24 ./Libraries/XMCLib/src/xmc_dma.o
                0x0800186c                XMC_DMA_CH_Enable
 .text.XMC_DMA_CH_Disable
                0x08001890       0x3c ./Libraries/XMCLib/src/xmc_dma.o
                0x08001890                XMC_DMA_CH_Disable
 .text.XMC_DMA_CH_IsEnabled
                0x080018cc       0x34 ./Libraries/XMCLib/src/xmc_dma.o
                0x080018cc                XMC_DMA_CH_IsEnabled
 .text.XMC_DMA_CH_Init
                0x08001900      0x3e0 ./Libraries/XMCLib/src/xmc_dma.o
                0x08001900                XMC_DMA_CH_Init
 .text.XMC_DMA_CH_EnableEvent
                0x08001ce0       0x60 ./Libraries/XMCLib/src/xmc_dma.o
                0x08001ce0                XMC_DMA_CH_EnableEvent
 .text.XMC_DMA_CH_ClearEventStatus
                0x08001d40       0x4c ./Libraries/XMCLib/src/xmc_dma.o
                0x08001d40                XMC_DMA_CH_ClearEventStatus
 .text.XMC_DMA_CH_SetEventHandler
                0x08001d8c       0x28 ./Libraries/XMCLib/src/xmc_dma.o
                0x08001d8c                XMC_DMA_CH_SetEventHandler
 .text.XMC_DMA_IRQHandler
                0x08001db4      0x200 ./Libraries/XMCLib/src/xmc_dma.o
                0x08001db4                XMC_DMA_IRQHandler
 .text.XMC_GPIO_SetHardwareControl
                0x08001fb4       0x44 ./Libraries/XMCLib/src/xmc_gpio.o
                0x08001fb4                XMC_GPIO_SetHardwareControl
 .text.XMC_USIC_CH_GetTransmitBufferStatus
                0x08001ff8       0x20 ./Libraries/XMCLib/src/xmc_spi.o
 .text.XMC_SPI_CH_ClearStatusFlag
                0x08002018       0x20 ./Libraries/XMCLib/src/xmc_spi.o
 .text.XMC_SPI_CH_Init
                0x08002038       0x68 ./Libraries/XMCLib/src/xmc_spi.o
                0x08002038                XMC_SPI_CH_Init
 .text.XMC_SPI_CH_EnableSlaveSelect
                0x080020a0       0x2c ./Libraries/XMCLib/src/xmc_spi.o
                0x080020a0                XMC_SPI_CH_EnableSlaveSelect
 .text.XMC_SPI_CH_Transmit
                0x080020cc       0x70 ./Libraries/XMCLib/src/xmc_spi.o
                0x080020cc                XMC_SPI_CH_Transmit
 .text.XMC_SPI_CH_GetReceivedData
                0x0800213c       0x34 ./Libraries/XMCLib/src/xmc_spi.o
                0x0800213c                XMC_SPI_CH_GetReceivedData
 .text.XMC_USIC_CH_Enable
                0x08002170       0x74 ./Libraries/XMCLib/src/xmc_usic.o
                0x08002170                XMC_USIC_CH_Enable
 .text.XMC_USIC_CH_SetBaudrate
                0x080021e4       0xe0 ./Libraries/XMCLib/src/xmc_usic.o
                0x080021e4                XMC_USIC_CH_SetBaudrate
 .text.XMC_USIC_CH_TXFIFO_Configure
                0x080022c4       0x50 ./Libraries/XMCLib/src/xmc_usic.o
                0x080022c4                XMC_USIC_CH_TXFIFO_Configure
 .text.XMC_USIC_CH_RXFIFO_SetSizeTriggerLimit
                0x08002314       0x44 ./Libraries/XMCLib/src/xmc_usic.o
                0x08002314                XMC_USIC_CH_RXFIFO_SetSizeTriggerLimit
 .text.XMC_USIC_CH_SetInterruptNodePointer
                0x08002358       0x38 ./Libraries/XMCLib/src/xmc_usic.o
                0x08002358                XMC_USIC_CH_SetInterruptNodePointer
 .text.XMC_USIC_CH_TXFIFO_SetInterruptNodePointer
                0x08002390       0x3c ./Libraries/XMCLib/src/xmc_usic.o
                0x08002390                XMC_USIC_CH_TXFIFO_SetInterruptNodePointer
 .text.XMC_VADC_GROUP_ExternalMuxControlInit
                0x080023cc       0x7c ./Libraries/XMCLib/src/xmc_vadc.o
 .text.XMC_VADC_GROUP_BackgroundEnableArbitrationSlot
                0x08002448       0x24 ./Libraries/XMCLib/src/xmc_vadc.o
 .text.XMC_VADC_GROUP_BackgroundDisableArbitrationSlot
                0x0800246c       0x24 ./Libraries/XMCLib/src/xmc_vadc.o
 .text.XMC_VADC_GLOBAL_EnableModule
                0x08002490       0x14 ./Libraries/XMCLib/src/xmc_vadc.o
                0x08002490                XMC_VADC_GLOBAL_EnableModule
 .text.XMC_VADC_GLOBAL_Init
                0x080024a4       0x54 ./Libraries/XMCLib/src/xmc_vadc.o
                0x080024a4                XMC_VADC_GLOBAL_Init
 .text.XMC_VADC_GLOBAL_InputClassInit
                0x080024f8       0x48 ./Libraries/XMCLib/src/xmc_vadc.o
                0x080024f8                XMC_VADC_GLOBAL_InputClassInit
 .text.XMC_VADC_GLOBAL_StartupCalibration
                0x08002540       0x60 ./Libraries/XMCLib/src/xmc_vadc.o
                0x08002540                XMC_VADC_GLOBAL_StartupCalibration
 .text.XMC_VADC_GLOBAL_BackgroundSetReqSrcEventInterruptNode
                0x080025a0       0x48 ./Libraries/XMCLib/src/xmc_vadc.o
                0x080025a0                XMC_VADC_GLOBAL_BackgroundSetReqSrcEventInterruptNode
 .text.XMC_VADC_GROUP_Init
                0x080025e8       0x68 ./Libraries/XMCLib/src/xmc_vadc.o
                0x080025e8                XMC_VADC_GROUP_Init
 .text.XMC_VADC_GROUP_InputClassInit
                0x08002650       0xb8 ./Libraries/XMCLib/src/xmc_vadc.o
                0x08002650                XMC_VADC_GROUP_InputClassInit
 .text.XMC_VADC_GROUP_SetPowerMode
                0x08002708       0x38 ./Libraries/XMCLib/src/xmc_vadc.o
                0x08002708                XMC_VADC_GROUP_SetPowerMode
 .text.XMC_VADC_GLOBAL_BackgroundInit
                0x08002740       0xfc ./Libraries/XMCLib/src/xmc_vadc.o
                0x08002740                XMC_VADC_GLOBAL_BackgroundInit
 .text.XMC_VADC_GROUP_ChannelInit
                0x0800283c       0xdc ./Libraries/XMCLib/src/xmc_vadc.o
                0x0800283c                XMC_VADC_GROUP_ChannelInit
 .text.XMC_VADC_GROUP_SetResultInterruptNode
                0x08002918       0x90 ./Libraries/XMCLib/src/xmc_vadc.o
                0x08002918                XMC_VADC_GROUP_SetResultInterruptNode
 .text._init    0x080029a8        0xc ./Libraries/Newlib/syscalls.o
                0x080029a8                _init
 .text.XMC_CCU4_EnableClock
                0x080029b4       0x28 ./Dave/Generated/TIMER/timer.o
 .text.XMC_CCU4_SLICE_IsTimerRunning
                0x080029dc       0x28 ./Dave/Generated/TIMER/timer.o
 .text.XMC_CCU4_SLICE_StartTimer
                0x08002a04       0x18 ./Dave/Generated/TIMER/timer.o
 .text.XMC_CCU4_SLICE_StopTimer
                0x08002a1c       0x20 ./Dave/Generated/TIMER/timer.o
 .text.XMC_CCU4_SLICE_ClearTimer
                0x08002a3c       0x20 ./Dave/Generated/TIMER/timer.o
 .text.XMC_CCU4_SLICE_SetTimerPeriodMatch
                0x08002a5c       0x1c ./Dave/Generated/TIMER/timer.o
 .text.XMC_CCU4_SLICE_SetTimerCompareMatch
                0x08002a78       0x1c ./Dave/Generated/TIMER/timer.o
 .text.XMC_CCU4_SLICE_EnableEvent
                0x08002a94       0x2c ./Dave/Generated/TIMER/timer.o
 .text.TIMER_Init
                0x08002ac0       0x3c ./Dave/Generated/TIMER/timer.o
                0x08002ac0                TIMER_Init
 .text.TIMER_Start
                0x08002afc       0x3c ./Dave/Generated/TIMER/timer.o
                0x08002afc                TIMER_Start
 .text.TIMER_Stop
                0x08002b38       0x48 ./Dave/Generated/TIMER/timer.o
                0x08002b38                TIMER_Stop
 .text.TIMER_GetTimerStatus
                0x08002b80       0x30 ./Dave/Generated/TIMER/timer.o
                0x08002b80                TIMER_GetTimerStatus
 .text.TIMER_SetTimeInterval
                0x08002bb0      0x128 ./Dave/Generated/TIMER/timer.o
                0x08002bb0                TIMER_SetTimeInterval
 .text.TIMER_CCU4_lInit
                0x08002cd8       0x98 ./Dave/Generated/TIMER/timer.o
                0x08002cd8                TIMER_CCU4_lInit
 .text.TIMER_CCU4_lShadowTransfer
                0x08002d70       0x3c ./Dave/Generated/TIMER/timer.o
                0x08002d70                TIMER_CCU4_lShadowTransfer
 .text.XMC_USIC_CH_EnableEvent
                0x08002dac       0x20 ./Dave/Generated/SPI_MASTER/spi_master.o
 .text.XMC_USIC_CH_DisableEvent
                0x08002dcc       0x24 ./Dave/Generated/SPI_MASTER/spi_master.o
 .text.XMC_USIC_CH_GetTransmitBufferStatus
                0x08002df0       0x20 ./Dave/Generated/SPI_MASTER/spi_master.o
 .text.XMC_USIC_CH_GetReceiveBufferStatus
                0x08002e10       0x1c ./Dave/Generated/SPI_MASTER/spi_master.o
 .text.XMC_USIC_CH_TriggerServiceRequest
                0x08002e2c       0x28 ./Dave/Generated/SPI_MASTER/spi_master.o
 .text.XMC_USIC_CH_TXFIFO_EnableEvent
                0x08002e54       0x24 ./Dave/Generated/SPI_MASTER/spi_master.o
 .text.XMC_USIC_CH_TXFIFO_DisableEvent
                0x08002e78       0x28 ./Dave/Generated/SPI_MASTER/spi_master.o
 .text.XMC_USIC_CH_TXFIFO_Flush
                0x08002ea0       0x24 ./Dave/Generated/SPI_MASTER/spi_master.o
 .text.XMC_USIC_CH_TXFIFO_IsFull
                0x08002ec4       0x28 ./Dave/Generated/SPI_MASTER/spi_master.o
 .text.XMC_USIC_CH_TXFIFO_IsEmpty
                0x08002eec       0x28 ./Dave/Generated/SPI_MASTER/spi_master.o
 .text.XMC_USIC_CH_RXFIFO_DisableEvent
                0x08002f14       0x28 ./Dave/Generated/SPI_MASTER/spi_master.o
 .text.XMC_USIC_CH_RXFIFO_IsEmpty
                0x08002f3c       0x28 ./Dave/Generated/SPI_MASTER/spi_master.o
 .text.XMC_SPI_CH_Receive
                0x08002f64       0x28 ./Dave/Generated/SPI_MASTER/spi_master.o
 .text.SPI_MASTER_Init
                0x08002f8c       0x34 ./Dave/Generated/SPI_MASTER/spi_master.o
                0x08002f8c                SPI_MASTER_Init
 .text.SPI_MASTER_Transmit
                0x08002fc0       0xc4 ./Dave/Generated/SPI_MASTER/spi_master.o
                0x08002fc0                SPI_MASTER_Transmit
 .text.SPI_MASTER_lFIFORead
                0x08003084       0xb0 ./Dave/Generated/SPI_MASTER/spi_master.o
 .text.SPI_MASTER_lTransmitHandler
                0x08003134      0x1ac ./Dave/Generated/SPI_MASTER/spi_master.o
                0x08003134                SPI_MASTER_lTransmitHandler
 .text.SPI_MASTER_lReceiveHandler
                0x080032e0      0x144 ./Dave/Generated/SPI_MASTER/spi_master.o
                0x080032e0                SPI_MASTER_lReceiveHandler
 .text.SPI_MASTER_lReconfigureRxFIFO
                0x08003424       0x70 ./Dave/Generated/SPI_MASTER/spi_master.o
 .text.NVIC_GetPriorityGrouping
                0x08003494       0x1c ./Dave/Generated/SPI_MASTER/spi_master_conf.o
 .text.NVIC_EnableIRQ
                0x080034b0       0x30 ./Dave/Generated/SPI_MASTER/spi_master_conf.o
 .text.NVIC_SetPriority
                0x080034e0       0x54 ./Dave/Generated/SPI_MASTER/spi_master_conf.o
 .text.NVIC_EncodePriority
                0x08003534       0x68 ./Dave/Generated/SPI_MASTER/spi_master_conf.o
 .text.XMC_USIC_CH_SetInputSource
                0x0800359c       0x3c ./Dave/Generated/SPI_MASTER/spi_master_conf.o
 .text.XMC_USIC_CH_SetWordLength
                0x080035d8       0x2c ./Dave/Generated/SPI_MASTER/spi_master_conf.o
 .text.XMC_USIC_CH_SetFrameLength
                0x08003604       0x2c ./Dave/Generated/SPI_MASTER/spi_master_conf.o
 .text.XMC_USIC_CH_ConfigureShiftClockOutput
                0x08003630       0x2c ./Dave/Generated/SPI_MASTER/spi_master_conf.o
 .text.XMC_USIC_CH_SetMode
                0x0800365c       0x28 ./Dave/Generated/SPI_MASTER/spi_master_conf.o
 .text.XMC_SPI_CH_Start
                0x08003684       0x18 ./Dave/Generated/SPI_MASTER/spi_master_conf.o
 .text.XMC_SPI_CH_SetBitOrderMsbFirst
                0x0800369c       0x20 ./Dave/Generated/SPI_MASTER/spi_master_conf.o
 .text.XMC_SPI_CH_SetSlaveSelectDelay
                0x080036bc       0x2c ./Dave/Generated/SPI_MASTER/spi_master_conf.o
 .text.XMC_SPI_CH_ConfigureShiftClockOutput
                0x080036e8       0x1c ./Dave/Generated/SPI_MASTER/spi_master_conf.o
 .text.XMC_SPI_CH_SetWordLength
                0x08003704       0x1c ./Dave/Generated/SPI_MASTER/spi_master_conf.o
 .text.XMC_SPI_CH_SetFrameLength
                0x08003720       0x1c ./Dave/Generated/SPI_MASTER/spi_master_conf.o
 .text.XMC_SPI_CH_SetInputSource
                0x0800373c       0x34 ./Dave/Generated/SPI_MASTER/spi_master_conf.o
 .text.SPI_BGT_lInit
                0x08003770       0xfc ./Dave/Generated/SPI_MASTER/spi_master_conf.o
 .text.USIC0_3_IRQHandler
                0x0800386c       0x10 ./Dave/Generated/SPI_MASTER/spi_master_conf.o
                0x0800386c                USIC0_3_IRQHandler
 .text.USIC0_1_IRQHandler
                0x0800387c       0x10 ./Dave/Generated/SPI_MASTER/spi_master_conf.o
                0x0800387c                USIC0_1_IRQHandler
 .text.NVIC_GetPriorityGrouping
                0x0800388c       0x1c ./Dave/Generated/INTERRUPT/interrupt.o
 .text.NVIC_EnableIRQ
                0x080038a8       0x30 ./Dave/Generated/INTERRUPT/interrupt.o
 .text.NVIC_SetPriority
                0x080038d8       0x54 ./Dave/Generated/INTERRUPT/interrupt.o
 .text.NVIC_EncodePriority
                0x0800392c       0x68 ./Dave/Generated/INTERRUPT/interrupt.o
 .text.INTERRUPT_Enable
                0x08003994       0x1c ./Dave/Generated/INTERRUPT/interrupt.o
 .text.INTERRUPT_Init
                0x080039b0       0x68 ./Dave/Generated/INTERRUPT/interrupt.o
                0x080039b0                INTERRUPT_Init
 .text.NVIC_GetPriorityGrouping
                0x08003a18       0x1c ./Dave/Generated/GLOBAL_DMA/global_dma.o
 .text.NVIC_EnableIRQ
                0x08003a34       0x30 ./Dave/Generated/GLOBAL_DMA/global_dma.o
 .text.NVIC_SetPriority
                0x08003a64       0x54 ./Dave/Generated/GLOBAL_DMA/global_dma.o
 .text.NVIC_EncodePriority
                0x08003ab8       0x68 ./Dave/Generated/GLOBAL_DMA/global_dma.o
 .text.GLOBAL_DMA_Init
                0x08003b20       0x74 ./Dave/Generated/GLOBAL_DMA/global_dma.o
                0x08003b20                GLOBAL_DMA_Init
 .text.GPDMA0_0_IRQHandler
                0x08003b94       0x10 ./Dave/Generated/GLOBAL_DMA/global_dma_conf.o
                0x08003b94                GPDMA0_0_IRQHandler
 .text.XMC_CCU4_StartPrescaler
                0x08003ba4       0x20 ./Dave/Generated/GLOBAL_CCU4/global_ccu4.o
 .text.GLOBAL_CCU4_Init
                0x08003bc4       0x40 ./Dave/Generated/GLOBAL_CCU4/global_ccu4.o
                0x08003bc4                GLOBAL_CCU4_Init
 .text.XMC_VADC_GLOBAL_DisablePostCalibration
                0x08003c04       0x2c ./Dave/Generated/GLOBAL_ADC/global_adc.o
 .text.GLOBAL_ADC_Init
                0x08003c30       0xb0 ./Dave/Generated/GLOBAL_ADC/global_adc.o
                0x08003c30                GLOBAL_ADC_Init
 .text.DMA_CH_Init
                0x08003ce0       0x4c ./Dave/Generated/DMA_CH/dma_ch.o
                0x08003ce0                DMA_CH_Init
 .text.XMC_DMA_CH_SetSourceAddress
                0x08003d2c       0x28 ./Dave/Generated/DMA_CH/dma_ch_conf.o
 .text.XMC_DMA_CH_SetDestinationAddress
                0x08003d54       0x2c ./Dave/Generated/DMA_CH/dma_ch_conf.o
 .text.XMC_DMA_CH_SetBlockSize
                0x08003d80       0x2c ./Dave/Generated/DMA_CH/dma_ch_conf.o
 .text.DMA_CH_IFQ_reload
                0x08003dac       0x90 ./Dave/Generated/DMA_CH/dma_ch_conf.o
                0x08003dac                DMA_CH_IFQ_reload
 .text.DMA_CH_IFI_reload
                0x08003e3c       0x5c ./Dave/Generated/DMA_CH/dma_ch_conf.o
                0x08003e3c                DMA_CH_IFI_reload
 .text.DIGITAL_IO_Init
                0x08003e98       0x28 ./Dave/Generated/DIGITAL_IO/digital_io.o
                0x08003e98                DIGITAL_IO_Init
 .text.XMC_DAC_EnableSimultaneousDataMode
                0x08003ec0       0x20 ./Dave/Generated/DAC/dac.o
 .text.XMC_DAC_CH_Write
                0x08003ee0       0x28 ./Dave/Generated/DAC/dac.o
 .text.XMC_DAC_CH_SetMode
                0x08003f08       0x34 ./Dave/Generated/DAC/dac.o
 .text.XMC_DAC_CH_EnableEvent
                0x08003f3c       0x30 ./Dave/Generated/DAC/dac.o
 .text.XMC_DAC_CH_SetOutputScale
                0x08003f6c       0x38 ./Dave/Generated/DAC/dac.o
 .text.DAC_ModeConfig
                0x08003fa4      0x158 ./Dave/Generated/DAC/dac.o
                0x08003fa4                DAC_ModeConfig
 .text.DAC_Init
                0x080040fc       0x74 ./Dave/Generated/DAC/dac.o
                0x080040fc                DAC_Init
 .text.DAC_SingleValue_SetValue_s16
                0x08004170       0x68 ./Dave/Generated/DAC/dac.o
                0x08004170                DAC_SingleValue_SetValue_s16
 .text.NVIC_SetPriorityGrouping
                0x080041d8       0x48 ./Dave/Generated/CPU_CTRL_XMC4/cpu_ctrl_xmc4.o
 .text.CPU_CTRL_XMC4_Init
                0x08004220       0x3c ./Dave/Generated/CPU_CTRL_XMC4/cpu_ctrl_xmc4.o
                0x08004220                CPU_CTRL_XMC4_Init
 .text.XMC_CCU4_EnableClock
                0x0800425c       0x28 ./Dave/Generated/COUNTER/counter.o
 .text.XMC_CCU4_SLICE_IsTimerRunning
                0x08004284       0x28 ./Dave/Generated/COUNTER/counter.o
 .text.XMC_CCU4_SLICE_StartTimer
                0x080042ac       0x18 ./Dave/Generated/COUNTER/counter.o
 .text.XMC_CCU4_SLICE_ClearTimer
                0x080042c4       0x20 ./Dave/Generated/COUNTER/counter.o
 .text.XMC_CCU4_SLICE_SetTimerPeriodMatch
                0x080042e4       0x1c ./Dave/Generated/COUNTER/counter.o
 .text.XMC_CCU4_SLICE_SetTimerCompareMatch
                0x08004300       0x1c ./Dave/Generated/COUNTER/counter.o
 .text.XMC_CCU4_SLICE_GetTimerValue
                0x0800431c       0x1c ./Dave/Generated/COUNTER/counter.o
 .text.XMC_CCU4_SLICE_EnableEvent
                0x08004338       0x2c ./Dave/Generated/COUNTER/counter.o
 .text.COUNTER_CCU4_lInit
                0x08004364      0x18c ./Dave/Generated/COUNTER/counter.o
                0x08004364                COUNTER_CCU4_lInit
 .text.COUNTER_CC4_lStart
                0x080044f0       0x4c ./Dave/Generated/COUNTER/counter.o
                0x080044f0                COUNTER_CC4_lStart
 .text.COUNTER_CC4_lEvtConfig
                0x0800453c       0x30 ./Dave/Generated/COUNTER/counter.o
                0x0800453c                COUNTER_CC4_lEvtConfig
 .text.COUNTER_Init
                0x0800456c       0x2c ./Dave/Generated/COUNTER/counter.o
                0x0800456c                COUNTER_Init
 .text.COUNTER_GetCurrentCount
                0x08004598       0x30 ./Dave/Generated/COUNTER/counter.o
                0x08004598                COUNTER_GetCurrentCount
 .text.COUNTER_ResetCounter
                0x080045c8       0x24 ./Dave/Generated/COUNTER/counter.o
                0x080045c8                COUNTER_ResetCounter
 .text          0x080045ec       0xc0 ./Dave/Generated/CMSIS_DSP/TransformFunctions/arm_bitreversal2.o
                0x080045ec                arm_bitreversal_32
                0x08004656                arm_bitreversal_16
 .text.arm_cfft_radix8by2_f32
                0x080046ac      0x3b0 ./Dave/Generated/CMSIS_DSP/TransformFunctions/arm_cfft_f32.o
                0x080046ac                arm_cfft_radix8by2_f32
 .text.arm_cfft_radix8by4_f32
                0x08004a5c      0xc58 ./Dave/Generated/CMSIS_DSP/TransformFunctions/arm_cfft_f32.o
                0x08004a5c                arm_cfft_radix8by4_f32
 .text.arm_cfft_f32
                0x080056b4      0x144 ./Dave/Generated/CMSIS_DSP/TransformFunctions/arm_cfft_f32.o
                0x080056b4                arm_cfft_f32
 .text.arm_radix8_butterfly_f32
                0x080057f8     0x1028 ./Dave/Generated/CMSIS_DSP/TransformFunctions/arm_cfft_radix8_f32.o
                0x080057f8                arm_radix8_butterfly_f32
 .text.stage_rfft_f32
                0x08006820      0x1a8 ./Dave/Generated/CMSIS_DSP/TransformFunctions/arm_rfft_fast_f32.o
                0x08006820                stage_rfft_f32
 .text.merge_rfft_f32
                0x080069c8      0x178 ./Dave/Generated/CMSIS_DSP/TransformFunctions/arm_rfft_fast_f32.o
                0x080069c8                merge_rfft_f32
 .text.arm_rfft_fast_f32
                0x08006b40       0x5c ./Dave/Generated/CMSIS_DSP/TransformFunctions/arm_rfft_fast_f32.o
                0x08006b40                arm_rfft_fast_f32
 .text.arm_rfft_fast_init_f32
                0x08006b9c      0x1ac ./Dave/Generated/CMSIS_DSP/TransformFunctions/arm_rfft_fast_init_f32.o
                0x08006b9c                arm_rfft_fast_init_f32
 .text.arm_max_f32
                0x08006d48      0x114 ./Dave/Generated/CMSIS_DSP/StatisticsFunctions/arm_max_f32.o
                0x08006d48                arm_max_f32
 .text.arm_mean_f32
                0x08006e5c       0xc8 ./Dave/Generated/CMSIS_DSP/StatisticsFunctions/arm_mean_f32.o
                0x08006e5c                arm_mean_f32
 .text.arm_cos_f32
                0x08006f24       0xe0 ./Dave/Generated/CMSIS_DSP/FastMathFunctions/arm_cos_f32.o
                0x08006f24                arm_cos_f32
 .text.arm_sqrt_f32
                0x08007004       0x40 ./Dave/Generated/CMSIS_DSP/ComplexMathFunctions/arm_cmplx_mag_f32.o
 .text.arm_cmplx_mag_f32
                0x08007044      0x194 ./Dave/Generated/CMSIS_DSP/ComplexMathFunctions/arm_cmplx_mag_f32.o
                0x08007044                arm_cmplx_mag_f32
 .text.arm_mult_f32
                0x080071d8       0xf0 ./Dave/Generated/CMSIS_DSP/BasicMathFunctions/arm_mult_f32.o
                0x080071d8                arm_mult_f32
 .text.arm_offset_f32
                0x080072c8       0xcc ./Dave/Generated/CMSIS_DSP/BasicMathFunctions/arm_offset_f32.o
                0x080072c8                arm_offset_f32
 .text.OSCHP_GetFrequency
                0x08007394       0x14 ./Dave/Generated/CLOCK_XMC4/clock_xmc4.o
                0x08007394                OSCHP_GetFrequency
 .text.SystemCoreClockSetup
                0x080073a8       0x38 ./Dave/Generated/CLOCK_XMC4/clock_xmc4_conf.o
                0x080073a8                SystemCoreClockSetup
 .text.NVIC_GetPriorityGrouping
                0x080073e0       0x1c ./Dave/Generated/ADC_MEASUREMENT/adc_measurement.o
 .text.NVIC_EnableIRQ
                0x080073fc       0x30 ./Dave/Generated/ADC_MEASUREMENT/adc_measurement.o
 .text.NVIC_SetPriority
                0x0800742c       0x54 ./Dave/Generated/ADC_MEASUREMENT/adc_measurement.o
 .text.NVIC_EncodePriority
                0x08007480       0x68 ./Dave/Generated/ADC_MEASUREMENT/adc_measurement.o
 .text.XMC_VADC_GLOBAL_BackgroundTriggerConversion
                0x080074e8       0x24 ./Dave/Generated/ADC_MEASUREMENT/adc_measurement.o
 .text.XMC_VADC_GLOBAL_BackgroundAddChannelToSequence
                0x0800750c       0x38 ./Dave/Generated/ADC_MEASUREMENT/adc_measurement.o
 .text.XMC_VADC_GROUP_ResultInit
                0x08007544       0x24 ./Dave/Generated/ADC_MEASUREMENT/adc_measurement.o
 .text.ADC_MEASUREMENT_Init
                0x08007568      0x150 ./Dave/Generated/ADC_MEASUREMENT/adc_measurement.o
                0x08007568                ADC_MEASUREMENT_Init
 .text.ADC_IN_mux_config
                0x080076b8       0x20 ./Dave/Generated/ADC_MEASUREMENT/adc_measurement_conf.o
                0x080076b8                ADC_IN_mux_config
 .text.DAVE_Init
                0x080076d8      0x140 ./Dave/Generated/DAVE.o
                0x080076d8                DAVE_Init
 .text.BGTSetTxPower
                0x08007818       0x60 ./BGT24MTR11.o
                0x08007818                BGTSetTxPower
 .text.BGT_LO_Adjust
                0x08007878       0xe8 ./BGT24MTR11.o
                0x08007878                BGT_LO_Adjust
 .text.XMC_GPIO_SetOutputHigh
                0x08007960       0x20 ./main.o
 .text.XMC_GPIO_SetOutputLow
                0x08007980       0x24 ./main.o
 .text.DIGITAL_IO_SetOutputHigh
                0x080079a4       0x20 ./main.o
 .text.DIGITAL_IO_SetOutputLow
                0x080079c4       0x20 ./main.o
 .text.DMA_CH_Enable
                0x080079e4       0x20 ./main.o
 .text.DMA_CH_Disable
                0x08007a04       0x20 ./main.o
 .text.DMA_CH_Reload
                0x08007a24       0x18 ./main.o
 .text.main     0x08007a3c      0x160 ./main.o
                0x08007a3c                main
 .text.checkTargetDetection
                0x08007b9c      0x174 ./main.o
                0x08007b9c                checkTargetDetection
 .text.DMA_IFQ_event_handler
                0x08007d10       0x78 ./main.o
                0x08007d10                DMA_IFQ_event_handler
 .text.CCU41_3_IRQHandler
                0x08007d88       0x2c ./main.o
                0x08007d88                CCU41_3_IRQHandler
 .text.genHanningData
                0x08007db4       0xac ./main.o
                0x08007db4                genHanningData
 .text.spectrum_peak
                0x08007e60       0x80 ./main.o
                0x08007e60                spectrum_peak
 .text.xcorr_left_max
                0x08007ee0       0xa4 ./main.o
                0x08007ee0                xcorr_left_max
 .text.xcorr_right_max
                0x08007f84       0xa4 ./main.o
                0x08007f84                xcorr_right_max
 .text.sqrtf    0x08008028       0x9c c:/davev4-64bit/dave-4.2.6/eclipse/arm-gcc-49/bin/../lib/gcc/arm-none-eabi/4.9.3/../../../../arm-none-eabi/lib/armv7e-m\libm.a(lib_a-wf_sqrt.o)
                0x08008028                sqrtf
 .text.__ieee754_sqrtf
                0x080080c4       0xa8 c:/davev4-64bit/dave-4.2.6/eclipse/arm-gcc-49/bin/../lib/gcc/arm-none-eabi/4.9.3/../../../../arm-none-eabi/lib/armv7e-m\libm.a(lib_a-ef_sqrt.o)
                0x080080c4                __ieee754_sqrtf
 .text.matherr  0x0800816c        0x4 c:/davev4-64bit/dave-4.2.6/eclipse/arm-gcc-49/bin/../lib/gcc/arm-none-eabi/4.9.3/../../../../arm-none-eabi/lib/armv7e-m\libm.a(lib_a-s_matherr.o)
                0x0800816c                matherr
 .text.__fpclassifyf
                0x08008170       0x34 c:/davev4-64bit/dave-4.2.6/eclipse/arm-gcc-49/bin/../lib/gcc/arm-none-eabi/4.9.3/../../../../arm-none-eabi/lib/armv7e-m\libm.a(lib_a-sf_fpclassify.o)
                0x08008170                __fpclassifyf
 .text          0x080081a4      0x370 c:/davev4-64bit/dave-4.2.6/eclipse/arm-gcc-49/bin/../lib/gcc/arm-none-eabi/4.9.3/armv7e-m\libgcc.a(_arm_addsubdf3.o)
                0x080081a4                __aeabi_drsub
                0x080081ac                __aeabi_dsub
                0x080081ac                __subdf3
                0x080081b0                __aeabi_dadd
                0x080081b0                __adddf3
                0x08008428                __floatunsidf
                0x08008428                __aeabi_ui2d
                0x08008448                __floatsidf
                0x08008448                __aeabi_i2d
                0x0800846c                __aeabi_f2d
                0x0800846c                __extendsfdf2
                0x080084a8                __floatundidf
                0x080084a8                __aeabi_ul2d
                0x080084b8                __floatdidf
                0x080084b8                __aeabi_l2d
 .text          0x08008514      0x424 c:/davev4-64bit/dave-4.2.6/eclipse/arm-gcc-49/bin/../lib/gcc/arm-none-eabi/4.9.3/armv7e-m\libgcc.a(_arm_muldivdf3.o)
                0x08008514                __aeabi_dmul
                0x08008514                __muldf3
                0x08008768                __divdf3
                0x08008768                __aeabi_ddiv
 .text          0x08008938      0x110 c:/davev4-64bit/dave-4.2.6/eclipse/arm-gcc-49/bin/../lib/gcc/arm-none-eabi/4.9.3/armv7e-m\libgcc.a(_arm_cmpdf2.o)
                0x08008938                __gtdf2
                0x08008938                __gedf2
                0x08008940                __ltdf2
                0x08008940                __ledf2
                0x08008948                __nedf2
                0x08008948                __eqdf2
                0x08008948                __cmpdf2
                0x080089c4                __aeabi_cdrcmple
                0x080089d4                __aeabi_cdcmpeq
                0x080089d4                __aeabi_cdcmple
                0x080089e4                __aeabi_dcmpeq
                0x080089f8                __aeabi_dcmplt
                0x08008a0c                __aeabi_dcmple
                0x08008a20                __aeabi_dcmpge
                0x08008a34                __aeabi_dcmpgt
 .text          0x08008a48       0xa0 c:/davev4-64bit/dave-4.2.6/eclipse/arm-gcc-49/bin/../lib/gcc/arm-none-eabi/4.9.3/armv7e-m\libgcc.a(_arm_truncdfsf2.o)
                0x08008a48                __truncdfsf2
                0x08008a48                __aeabi_d2f
 .text          0x08008ae8      0x21c c:/davev4-64bit/dave-4.2.6/eclipse/arm-gcc-49/bin/../lib/gcc/arm-none-eabi/4.9.3/armv7e-m\libgcc.a(_arm_addsubsf3.o)
                0x08008ae8                __aeabi_frsub
                0x08008af0                __subsf3
                0x08008af0                __aeabi_fsub
                0x08008af4                __aeabi_fadd
                0x08008af4                __addsf3
                0x08008c54                __aeabi_ui2f
                0x08008c54                __floatunsisf
                0x08008c5c                __aeabi_i2f
                0x08008c5c                __floatsisf
                0x08008c78                __aeabi_ul2f
                0x08008c78                __floatundisf
                0x08008c88                __aeabi_l2f
                0x08008c88                __floatdisf
 .text          0x08008d04      0x2a0 c:/davev4-64bit/dave-4.2.6/eclipse/arm-gcc-49/bin/../lib/gcc/arm-none-eabi/4.9.3/armv7e-m\libgcc.a(_arm_muldivsf3.o)
                0x08008d04                __mulsf3
                0x08008d04                __aeabi_fmul
                0x08008e6c                __aeabi_fdiv
                0x08008e6c                __divsf3
 .text          0x08008fa4       0xec c:/davev4-64bit/dave-4.2.6/eclipse/arm-gcc-49/bin/../lib/gcc/arm-none-eabi/4.9.3/armv7e-m\libgcc.a(_arm_cmpsf2.o)
                0x08008fa4                __gesf2
                0x08008fa4                __gtsf2
                0x08008fac                __lesf2
                0x08008fac                __ltsf2
                0x08008fb4                __nesf2
                0x08008fb4                __eqsf2
                0x08008fb4                __cmpsf2
                0x08009014                __aeabi_cfrcmple
                0x0800901c                __aeabi_cfcmpeq
                0x0800901c                __aeabi_cfcmple
                0x0800902c                __aeabi_fcmpeq
                0x08009040                __aeabi_fcmplt
                0x08009054                __aeabi_fcmple
                0x08009068                __aeabi_fcmpge
                0x0800907c                __aeabi_fcmpgt
 .text          0x08009090       0x4c c:/davev4-64bit/dave-4.2.6/eclipse/arm-gcc-49/bin/../lib/gcc/arm-none-eabi/4.9.3/armv7e-m\libgcc.a(_arm_fixsfsi.o)
                0x08009090                __aeabi_f2iz
                0x08009090                __fixsfsi
 .text          0x080090dc       0x40 c:/davev4-64bit/dave-4.2.6/eclipse/arm-gcc-49/bin/../lib/gcc/arm-none-eabi/4.9.3/armv7e-m\libgcc.a(_arm_fixunssfsi.o)
                0x080090dc                __fixunssfsi
                0x080090dc                __aeabi_f2uiz
 .text          0x0800911c       0x2c c:/davev4-64bit/dave-4.2.6/eclipse/arm-gcc-49/bin/../lib/gcc/arm-none-eabi/4.9.3/armv7e-m\libgcc.a(_aeabi_uldivmod.o)
                0x0800911c                __aeabi_uldivmod
 .text          0x08009148       0x60 c:/davev4-64bit/dave-4.2.6/eclipse/arm-gcc-49/bin/../lib/gcc/arm-none-eabi/4.9.3/armv7e-m\libgcc.a(bpabi.o)
                0x08009148                __gnu_ldivmod_helper
                0x08009178                __gnu_uldivmod_helper
 .text          0x080091a8        0x4 c:/davev4-64bit/dave-4.2.6/eclipse/arm-gcc-49/bin/../lib/gcc/arm-none-eabi/4.9.3/armv7e-m\libgcc.a(_dvmd_tls.o)
                0x080091a8                __aeabi_idiv0
                0x080091a8                __aeabi_ldiv0
 .text          0x080091ac      0x29c c:/davev4-64bit/dave-4.2.6/eclipse/arm-gcc-49/bin/../lib/gcc/arm-none-eabi/4.9.3/armv7e-m\libgcc.a(_divdi3.o)
                0x080091ac                __divdi3
 .text          0x08009448      0x26c c:/davev4-64bit/dave-4.2.6/eclipse/arm-gcc-49/bin/../lib/gcc/arm-none-eabi/4.9.3/armv7e-m\libgcc.a(_udivdi3.o)
                0x08009448                __udivdi3
 .text.__errno  0x080096b4        0xc c:/davev4-64bit/dave-4.2.6/eclipse/arm-gcc-49/bin/../lib/gcc/arm-none-eabi/4.9.3/../../../../arm-none-eabi/lib/armv7e-m\libg_nano.a(lib_a-errno.o)
                0x080096b4                __errno
 .text.__libc_init_array
                0x080096c0       0x4c c:/davev4-64bit/dave-4.2.6/eclipse/arm-gcc-49/bin/../lib/gcc/arm-none-eabi/4.9.3/../../../../arm-none-eabi/lib/armv7e-m\libg_nano.a(lib_a-init.o)
                0x080096c0                __libc_init_array
 .text.memcpy   0x0800970c       0x16 c:/davev4-64bit/dave-4.2.6/eclipse/arm-gcc-49/bin/../lib/gcc/arm-none-eabi/4.9.3/../../../../arm-none-eabi/lib/armv7e-m\libg_nano.a(lib_a-memcpy.o)
                0x0800970c                memcpy
 *fill*         0x08009722        0x6 
 .text.memcpy.__stub
                0x08009728       0x20 linker stubs
 *(.glue*)
 .glue_7        0x00000000        0x0 linker stubs
 .glue_7t       0x00000000        0x0 linker stubs
 *(.v4*)
 .v4_bx         0x00000000        0x0 linker stubs
 *(.vfp11_veneer)
 .vfp11_veneer  0x00000000        0x0 linker stubs
 *(.init)
                0x08009748                __preinit_array_start = .
 *(.preinit_array)
                0x08009748                __preinit_array_end = .
                0x08009748                __init_array_start = .
 *(SORT(.init_array.*))
 *(.init_array)
                0x08009748                __init_array_end = .
 *crtbegin.o(.ctors)
 *(EXCLUDE_FILE(*crtend.o) .ctors)
 *(SORT(.ctors.*))
 *crtend.o(.ctors)
 *(.fini)
                0x08009748                __fini_array_start = .
 *(.fini_array)
 *(SORT(.fini_array.*))
                0x08009748                __fini_array_end = .
 *crtbegin.o(.dtors)
 *(EXCLUDE_FILE(*crtend.o) .dtors)
 *(SORT(.dtors.*))
 *crtend.o(.dtors)
                0x08009748                __extab_start = .
 *(.ARM.extab* .gnu.linkonce.armextab.*)
                0x08009748                . = ALIGN (0x4)
 *fill*         0x08009748        0x0 
                0x08009748                __extab_end = ABSOLUTE (.)

.iplt           0x08009748        0x0 load address 0x0c009748
 .iplt          0x00000000        0x0 ./Startup/startup_XMC4200.o

.ARM.exidx      0x08009748        0x8 load address 0x0c009748
                0x08009748                __exidx_start = .
 *(.ARM.exidx* .gnu.linkonce.armexidx.*)
 .ARM.exidx     0x08009748        0x8 c:/davev4-64bit/dave-4.2.6/eclipse/arm-gcc-49/bin/../lib/gcc/arm-none-eabi/4.9.3/armv7e-m\libgcc.a(_divdi3.o)
 .ARM.exidx     0x08009750        0x0 c:/davev4-64bit/dave-4.2.6/eclipse/arm-gcc-49/bin/../lib/gcc/arm-none-eabi/4.9.3/armv7e-m\libgcc.a(_udivdi3.o)
                                  0x8 (size before relaxing)
                0x08009750                . = ALIGN (0x4)
                0x08009750                __exidx_end = ABSOLUTE (.)

.rodata         0x08009750    0x13dd6 load address 0x0c009750
 *(.rodata .rodata.*)
 .rodata.clear_peripheral_reset.6912
                0x08009750        0xc ./Libraries/XMCLib/src/xmc4_scu.o
 .rodata.clear_peripheral_reset.6918
                0x0800975c        0xc ./Libraries/XMCLib/src/xmc4_scu.o
 .rodata.clear_peripheral_gate.7026
                0x08009768        0xc ./Libraries/XMCLib/src/xmc4_scu.o
 .rodata.clear_peripheral_gate.7032
                0x08009774        0xc ./Libraries/XMCLib/src/xmc4_scu.o
 .rodata.g_xmc_vadc_group_array
                0x08009780        0x8 ./Libraries/XMCLib/src/xmc_vadc.o
 .rodata.SPI_BGT_MOSI0
                0x08009788        0x8 ./Dave/Generated/SPI_MASTER/spi_master_conf.o
                0x08009788                SPI_BGT_MOSI0
 .rodata.SPI_BGT_SCLKOUT
                0x08009790        0x8 ./Dave/Generated/SPI_MASTER/spi_master_conf.o
                0x08009790                SPI_BGT_SCLKOUT
 .rodata.SPI_BGT_SCLKOUT_Config
                0x08009798       0x14 ./Dave/Generated/SPI_MASTER/spi_master_conf.o
                0x08009798                SPI_BGT_SCLKOUT_Config
 .rodata.SPI_BGT_SS_0
                0x080097ac        0x8 ./Dave/Generated/SPI_MASTER/spi_master_conf.o
                0x080097ac                SPI_BGT_SS_0
 .rodata.SPI_BGT_SS_0_Config
                0x080097b4       0x14 ./Dave/Generated/SPI_MASTER/spi_master_conf.o
                0x080097b4                SPI_BGT_SS_0_Config
 .rodata.SPI_BGT_Config
                0x080097c8       0x8c ./Dave/Generated/SPI_MASTER/spi_master_conf.o
                0x080097c8                SPI_BGT_Config
 .rodata.ONE_HZ_INT
                0x08009854        0x4 ./Dave/Generated/INTERRUPT/interrupt_conf.o
                0x08009854                ONE_HZ_INT
 .rodata.group_init_handle0
                0x08009858       0x14 ./Dave/Generated/GLOBAL_ADC/global_adc_conf.o
                0x08009858                group_init_handle0
 .rodata.group_init_handle1
                0x0800986c       0x14 ./Dave/Generated/GLOBAL_ADC/global_adc_conf.o
                0x0800986c                group_init_handle1
 .rodata.global_config
                0x08009880       0x18 ./Dave/Generated/GLOBAL_ADC/global_adc_conf.o
                0x08009880                global_config
 .rodata.CPU_CTRL_XMC4_0_config
                0x08009898        0x4 ./Dave/Generated/CPU_CTRL_XMC4/cpu_ctrl_xmc4_conf.o
                0x08009898                CPU_CTRL_XMC4_0_config
 .rodata.twiddleCoef_16
                0x0800989c       0x80 ./Dave/Generated/CMSIS_DSP/CommonTables/arm_common_tables.o
                0x0800989c                twiddleCoef_16
 .rodata.twiddleCoef_32
                0x0800991c      0x100 ./Dave/Generated/CMSIS_DSP/CommonTables/arm_common_tables.o
                0x0800991c                twiddleCoef_32
 .rodata.twiddleCoef_64
                0x08009a1c      0x200 ./Dave/Generated/CMSIS_DSP/CommonTables/arm_common_tables.o
                0x08009a1c                twiddleCoef_64
 .rodata.twiddleCoef_128
                0x08009c1c      0x400 ./Dave/Generated/CMSIS_DSP/CommonTables/arm_common_tables.o
                0x08009c1c                twiddleCoef_128
 .rodata.twiddleCoef_256
                0x0800a01c      0x800 ./Dave/Generated/CMSIS_DSP/CommonTables/arm_common_tables.o
                0x0800a01c                twiddleCoef_256
 .rodata.twiddleCoef_512
                0x0800a81c     0x1000 ./Dave/Generated/CMSIS_DSP/CommonTables/arm_common_tables.o
                0x0800a81c                twiddleCoef_512
 .rodata.twiddleCoef_1024
                0x0800b81c     0x2000 ./Dave/Generated/CMSIS_DSP/CommonTables/arm_common_tables.o
                0x0800b81c                twiddleCoef_1024
 .rodata.twiddleCoef_2048
                0x0800d81c     0x4000 ./Dave/Generated/CMSIS_DSP/CommonTables/arm_common_tables.o
                0x0800d81c                twiddleCoef_2048
 .rodata.armBitRevIndexTable16
                0x0801181c       0x28 ./Dave/Generated/CMSIS_DSP/CommonTables/arm_common_tables.o
                0x0801181c                armBitRevIndexTable16
 .rodata.armBitRevIndexTable32
                0x08011844       0x60 ./Dave/Generated/CMSIS_DSP/CommonTables/arm_common_tables.o
                0x08011844                armBitRevIndexTable32
 .rodata.armBitRevIndexTable64
                0x080118a4       0x70 ./Dave/Generated/CMSIS_DSP/CommonTables/arm_common_tables.o
                0x080118a4                armBitRevIndexTable64
 .rodata.armBitRevIndexTable128
                0x08011914      0x1a0 ./Dave/Generated/CMSIS_DSP/CommonTables/arm_common_tables.o
                0x08011914                armBitRevIndexTable128
 .rodata.armBitRevIndexTable256
                0x08011ab4      0x370 ./Dave/Generated/CMSIS_DSP/CommonTables/arm_common_tables.o
                0x08011ab4                armBitRevIndexTable256
 .rodata.armBitRevIndexTable512
                0x08011e24      0x380 ./Dave/Generated/CMSIS_DSP/CommonTables/arm_common_tables.o
                0x08011e24                armBitRevIndexTable512
 .rodata.armBitRevIndexTable1024
                0x080121a4      0xe10 ./Dave/Generated/CMSIS_DSP/CommonTables/arm_common_tables.o
                0x080121a4                armBitRevIndexTable1024
 .rodata.armBitRevIndexTable2048
                0x08012fb4     0x1dc0 ./Dave/Generated/CMSIS_DSP/CommonTables/arm_common_tables.o
                0x08012fb4                armBitRevIndexTable2048
 .rodata.twiddleCoef_rfft_32
                0x08014d74       0x80 ./Dave/Generated/CMSIS_DSP/CommonTables/arm_common_tables.o
                0x08014d74                twiddleCoef_rfft_32
 .rodata.twiddleCoef_rfft_64
                0x08014df4      0x100 ./Dave/Generated/CMSIS_DSP/CommonTables/arm_common_tables.o
                0x08014df4                twiddleCoef_rfft_64
 .rodata.twiddleCoef_rfft_128
                0x08014ef4      0x200 ./Dave/Generated/CMSIS_DSP/CommonTables/arm_common_tables.o
                0x08014ef4                twiddleCoef_rfft_128
 .rodata.twiddleCoef_rfft_256
                0x080150f4      0x400 ./Dave/Generated/CMSIS_DSP/CommonTables/arm_common_tables.o
                0x080150f4                twiddleCoef_rfft_256
 .rodata.twiddleCoef_rfft_512
                0x080154f4      0x800 ./Dave/Generated/CMSIS_DSP/CommonTables/arm_common_tables.o
                0x080154f4                twiddleCoef_rfft_512
 .rodata.twiddleCoef_rfft_1024
                0x08015cf4     0x1000 ./Dave/Generated/CMSIS_DSP/CommonTables/arm_common_tables.o
                0x08015cf4                twiddleCoef_rfft_1024
 .rodata.twiddleCoef_rfft_2048
                0x08016cf4     0x2000 ./Dave/Generated/CMSIS_DSP/CommonTables/arm_common_tables.o
                0x08016cf4                twiddleCoef_rfft_2048
 .rodata.twiddleCoef_rfft_4096
                0x08018cf4     0x4000 ./Dave/Generated/CMSIS_DSP/CommonTables/arm_common_tables.o
                0x08018cf4                twiddleCoef_rfft_4096
 .rodata.sinTable_f32
                0x0801ccf4      0x804 ./Dave/Generated/CMSIS_DSP/CommonTables/arm_common_tables.o
                0x0801ccf4                sinTable_f32
 .rodata.CLOCK_XMC4_0_CONFIG
                0x0801d4f8       0x14 ./Dave/Generated/CLOCK_XMC4/clock_xmc4_conf.o
                0x0801d4f8                CLOCK_XMC4_0_CONFIG
 .rodata.global_iclass_config
                0x0801d50c        0x4 ./Dave/Generated/ADC_MEASUREMENT/adc_measurement_conf.o
                0x0801d50c                global_iclass_config
 .rodata.backgnd_config
                0x0801d510        0xc ./Dave/Generated/ADC_MEASUREMENT/adc_measurement_conf.o
                0x0801d510                backgnd_config
 .rodata.str1.4
                0x0801d51c        0x8 c:/davev4-64bit/dave-4.2.6/eclipse/arm-gcc-49/bin/../lib/gcc/arm-none-eabi/4.9.3/../../../../arm-none-eabi/lib/armv7e-m\libm.a(lib_a-wf_sqrt.o)
 .rodata.str1.1
                0x0801d524        0x2 c:/davev4-64bit/dave-4.2.6/eclipse/arm-gcc-49/bin/../lib/gcc/arm-none-eabi/4.9.3/../../../../arm-none-eabi/lib/armv7e-m\libg_nano.a(lib_a-impure.o)
 *(.gnu.linkonce.r*)
                0x0801d530                . = ALIGN (0x10)
                0x0c01d530                __ram_load = (. | 0x4000000)

Stack           0x1fffc000      0x800
                0x1fffc800                . = (. + stack_size)
 *fill*         0x1fffc000      0x800 
                0x1fffc800                __initial_sp = .

.ram_code       0x1fffc800      0x210 load address 0x0c01d530
                0x1fffc800                __ram_code_start = .
 *(.ram_code)
 .ram_code      0x1fffc800      0x190 ./main.o
                0x1fffc800                do_rfft_i
                0x1fffc8c4                do_rfft_q
 .ram_code.__stub
                0x1fffc990       0x80 linker stubs
                0x1fffca10                . = ALIGN (0x4)
                0x1fffca10                __ram_code_end = .
                0x0c01d530                __ram_code_load = LOADADDR (.ram_code)
                0x00000210                __ram_code_size = (__ram_code_end - __ram_code_start)

.rel.dyn        0x1fffca10        0x0 load address 0x0c01d740
 .rel.iplt      0x00000000        0x0 ./Startup/startup_XMC4200.o

.data           0x1fffca10      0x388 load address 0x0c01d740
                0x1fffca10                __data_start = .
 *(.data)
 *(.data*)
 .data.ONE_HZ_TIMER_config
                0x1fffca10        0x8 ./Dave/Generated/TIMER/timer_conf.o
                0x1fffca10                ONE_HZ_TIMER_config
 .data.ONE_HZ_TIMER
                0x1fffca18       0x28 ./Dave/Generated/TIMER/timer_conf.o
                0x1fffca18                ONE_HZ_TIMER
 .data.FS_ADC   0x1fffca40       0x28 ./Dave/Generated/TIMER/timer_conf.o
                0x1fffca40                FS_ADC
 .data.SPI_BGT_MOSI0_Config
                0x1fffca68       0x14 ./Dave/Generated/SPI_MASTER/spi_master_conf.o
                0x1fffca68                SPI_BGT_MOSI0_Config
 .data.SPI_BGT_Channel_Config
                0x1fffca7c        0x8 ./Dave/Generated/SPI_MASTER/spi_master_conf.o
                0x1fffca7c                SPI_BGT_Channel_Config
 .data.SPI_BGT_runtime
                0x1fffca84       0x24 ./Dave/Generated/SPI_MASTER/spi_master_conf.o
                0x1fffca84                SPI_BGT_runtime
 .data.SPI_BGT  0x1fffcaa8        0xc ./Dave/Generated/SPI_MASTER/spi_master_conf.o
                0x1fffcaa8                SPI_BGT
 .data.GLOBAL_DMA_0_CONFIG
                0x1fffcab4        0x4 ./Dave/Generated/GLOBAL_DMA/global_dma_conf.o
                0x1fffcab4                GLOBAL_DMA_0_CONFIG
 .data.GLOBAL_DMA_0
                0x1fffcab8        0xc ./Dave/Generated/GLOBAL_DMA/global_dma_conf.o
                0x1fffcab8                GLOBAL_DMA_0
 .data.GLOBAL_CCU4_0
                0x1fffcac4       0x10 ./Dave/Generated/GLOBAL_CCU4/global_ccu4_conf.o
                0x1fffcac4                GLOBAL_CCU4_0
 .data.group_0_config
                0x1fffcad4        0xc ./Dave/Generated/GLOBAL_ADC/global_adc_conf.o
                0x1fffcad4                group_0_config
 .data.group_1_config
                0x1fffcae0        0xc ./Dave/Generated/GLOBAL_ADC/global_adc_conf.o
                0x1fffcae0                group_1_config
 .data.GLOBAL_ADC_0
                0x1fffcaec       0x14 ./Dave/Generated/GLOBAL_ADC/global_adc_conf.o
                0x1fffcaec                GLOBAL_ADC_0
 .data.DMA_CH_IFQ_CONFIG
                0x1fffcb00       0x2c ./Dave/Generated/DMA_CH/dma_ch_conf.o
                0x1fffcb00                DMA_CH_IFQ_CONFIG
 .data.DMA_CH_IFQ
                0x1fffcb2c       0x10 ./Dave/Generated/DMA_CH/dma_ch_conf.o
                0x1fffcb2c                DMA_CH_IFQ
 .data.DMA_CH_IFI_CONFIG
                0x1fffcb3c       0x2c ./Dave/Generated/DMA_CH/dma_ch_conf.o
                0x1fffcb3c                DMA_CH_IFI_CONFIG
 .data.DMA_CH_IFI
                0x1fffcb68       0x10 ./Dave/Generated/DMA_CH/dma_ch_conf.o
                0x1fffcb68                DMA_CH_IFI
 .data.LED_RED_config
                0x1fffcb78        0xc ./Dave/Generated/DIGITAL_IO/digital_io_conf.o
                0x1fffcb78                LED_RED_config
 .data.LED_RED  0x1fffcb84        0xc ./Dave/Generated/DIGITAL_IO/digital_io_conf.o
                0x1fffcb84                LED_RED
 .data.LED_YELLOW_config
                0x1fffcb90        0xc ./Dave/Generated/DIGITAL_IO/digital_io_conf.o
                0x1fffcb90                LED_YELLOW_config
 .data.LED_YELLOW
                0x1fffcb9c        0xc ./Dave/Generated/DIGITAL_IO/digital_io_conf.o
                0x1fffcb9c                LED_YELLOW
 .data.LED_GREEN_config
                0x1fffcba8        0xc ./Dave/Generated/DIGITAL_IO/digital_io_conf.o
                0x1fffcba8                LED_GREEN_config
 .data.LED_GREEN
                0x1fffcbb4        0xc ./Dave/Generated/DIGITAL_IO/digital_io_conf.o
                0x1fffcbb4                LED_GREEN
 .data.LDO_BGT_EN_config
                0x1fffcbc0        0xc ./Dave/Generated/DIGITAL_IO/digital_io_conf.o
                0x1fffcbc0                LDO_BGT_EN_config
 .data.LDO_BGT_EN
                0x1fffcbcc        0xc ./Dave/Generated/DIGITAL_IO/digital_io_conf.o
                0x1fffcbcc                LDO_BGT_EN
 .data.Q2ONP22  0x1fffcbd8        0xc ./Dave/Generated/DIGITAL_IO/digital_io_conf.o
                0x1fffcbd8                Q2ONP22
 .data.VCOARSE_Channel_Config
                0x1fffcbe4        0x8 ./Dave/Generated/DAC/dac_conf.o
                0x1fffcbe4                VCOARSE_Channel_Config
 .data.VCOARSE  0x1fffcbec       0x2c ./Dave/Generated/DAC/dac_conf.o
                0x1fffcbec                VCOARSE
 .data.VFINE_Channel_Config
                0x1fffcc18        0x8 ./Dave/Generated/DAC/dac_conf.o
                0x1fffcc18                VFINE_Channel_Config
 .data.VFINE    0x1fffcc20       0x2c ./Dave/Generated/DAC/dac_conf.o
                0x1fffcc20                VFINE
 .data.CPU_CTRL_XMC4_0
                0x1fffcc4c        0x8 ./Dave/Generated/CPU_CTRL_XMC4/cpu_ctrl_xmc4_conf.o
                0x1fffcc4c                CPU_CTRL_XMC4_0
 .data.Q2_FREQ_P22_event0_config
                0x1fffcc54        0x4 ./Dave/Generated/COUNTER/counter_conf.o
                0x1fffcc54                Q2_FREQ_P22_event0_config
 .data.Q2_FREQ_P22_ccu4_config
                0x1fffcc58       0x30 ./Dave/Generated/COUNTER/counter_conf.o
                0x1fffcc58                Q2_FREQ_P22_ccu4_config
 .data.Q2_FREQ_P22
                0x1fffcc88        0x8 ./Dave/Generated/COUNTER/counter_conf.o
                0x1fffcc88                Q2_FREQ_P22
 .data.Channel_A_ch_config
                0x1fffcc90       0x10 ./Dave/Generated/ADC_MEASUREMENT/adc_measurement_conf.o
                0x1fffcc90                Channel_A_ch_config
 .data.Channel_A_res_config
                0x1fffcca0        0x4 ./Dave/Generated/ADC_MEASUREMENT/adc_measurement_conf.o
                0x1fffcca0                Channel_A_res_config
 .data.ADC_MEASUREMENT_Channel_A_handle
                0x1fffcca4       0x10 ./Dave/Generated/ADC_MEASUREMENT/adc_measurement_conf.o
                0x1fffcca4                ADC_MEASUREMENT_Channel_A_handle
 .data.Channel_B_ch_config
                0x1fffccb4       0x10 ./Dave/Generated/ADC_MEASUREMENT/adc_measurement_conf.o
                0x1fffccb4                Channel_B_ch_config
 .data.Channel_B_res_config
                0x1fffccc4        0x4 ./Dave/Generated/ADC_MEASUREMENT/adc_measurement_conf.o
                0x1fffccc4                Channel_B_res_config
 .data.ADC_MEASUREMENT_Channel_B_handle
                0x1fffccc8       0x10 ./Dave/Generated/ADC_MEASUREMENT/adc_measurement_conf.o
                0x1fffccc8                ADC_MEASUREMENT_Channel_B_handle
 .data.ADC_MEASUREMENT_channel_array
                0x1fffccd8        0x8 ./Dave/Generated/ADC_MEASUREMENT/adc_measurement_conf.o
                0x1fffccd8                ADC_MEASUREMENT_channel_array
 .data.ADC_IN   0x1fffcce0       0x1c ./Dave/Generated/ADC_MEASUREMENT/adc_measurement_conf.o
                0x1fffcce0                ADC_IN
 .data.gDetectionThreshold
                0x1fffccfc        0x2 ./main.o
                0x1fffccfc                gDetectionThreshold
 .data.gTxPowerLvl
                0x1fffccfe        0x1 ./main.o
                0x1fffccfe                gTxPowerLvl
 *fill*         0x1fffccff        0x1 
 .data.gHzPerBin
                0x1fffcd00        0x4 ./main.o
                0x1fffcd00                gHzPerBin
 .data.ifq_adc_measurements
                0x1fffcd04        0x4 ./main.o
                0x1fffcd04                ifq_adc_measurements
 .data.pDMA_dst_IFI
                0x1fffcd08        0x4 ./main.o
                0x1fffcd08                pDMA_dst_IFI
 .data.pDMA_dst_IFQ
                0x1fffcd0c        0x4 ./main.o
                0x1fffcd0c                pDMA_dst_IFQ
 .data.pifi_raw_buf1
                0x1fffcd10        0x4 ./main.o
                0x1fffcd10                pifi_raw_buf1
 .data.pifq_raw_buf1
                0x1fffcd14        0x4 ./main.o
                0x1fffcd14                pifq_raw_buf1
 .data.PIN1_5_config
                0x1fffcd18        0xc ./main.o
                0x1fffcd18                PIN1_5_config
 .data.PIN1_5   0x1fffcd24        0xc ./main.o
                0x1fffcd24                PIN1_5
 .data.__fdlib_version
                0x1fffcd30        0x1 c:/davev4-64bit/dave-4.2.6/eclipse/arm-gcc-49/bin/../lib/gcc/arm-none-eabi/4.9.3/../../../../arm-none-eabi/lib/armv7e-m\libm.a(lib_a-s_lib_ver.o)
                0x1fffcd30                __fdlib_version
 *fill*         0x1fffcd31        0x3 
 .data.impure_data
                0x1fffcd34       0x60 c:/davev4-64bit/dave-4.2.6/eclipse/arm-gcc-49/bin/../lib/gcc/arm-none-eabi/4.9.3/../../../../arm-none-eabi/lib/armv7e-m\libg_nano.a(lib_a-impure.o)
 .data._impure_ptr
                0x1fffcd94        0x4 c:/davev4-64bit/dave-4.2.6/eclipse/arm-gcc-49/bin/../lib/gcc/arm-none-eabi/4.9.3/../../../../arm-none-eabi/lib/armv7e-m\libg_nano.a(lib_a-impure.o)
                0x1fffcd94                _impure_ptr
 *(*.data)
 *(.gnu.linkonce.d*)
                0x1fffcd98                . = ALIGN (0x4)
                0x1fffcd98                __data_end = .
                0x0c01d740                __data_load = LOADADDR (.data)
                0x00000388                __data_size = (__data_end - __data_start)

.igot.plt       0x1fffcd98        0x0 load address 0x0c01dac8
 .igot.plt      0x00000000        0x0 ./Startup/startup_XMC4200.o

.bss            0x1fffcd98     0x4c78 load address 0x0c01dac8
                0x1fffcd98                __bss_start = .
 *(.bss)
 *(.bss*)
 .bss.FS_ADC_config
                0x1fffcd98        0x8 ./Dave/Generated/TIMER/timer_conf.o
                0x1fffcd98                FS_ADC_config
 .bss.Q2ONP22_config
                0x1fffcda0        0xc ./Dave/Generated/DIGITAL_IO/digital_io_conf.o
                0x1fffcda0                Q2ONP22_config
 .bss.coarseDACVal.12771
                0x1fffcdac        0x4 ./BGT24MTR11.o
 .bss.fineDACVal.12770
                0x1fffcdb0        0x4 ./BGT24MTR11.o
 .bss.gIFQDataReadyFlag
                0x1fffcdb4        0x1 ./main.o
                0x1fffcdb4                gIFQDataReadyFlag
 *fill*         0x1fffcdb5        0x3 