Archive member included because of file (symbol)

C:\Workspaces\DAVE-4.3-64Bit\WS_2016_09_02\Radar_sense2Go_exe\Libraries\RadarSense2Go\bin\libRadar_Sense2Go_V3.0_Lib.a(radarsense2go_library.o)
                              ./main.o (radarsense2go_init)
C:\Workspaces\DAVE-4.3-64Bit\WS_2016_09_02\Radar_sense2Go_exe\Libraries\RadarSense2Go\bin\libRadar_Sense2Go_V3.0_Lib.a(radarsense2go_calc.o)
                              C:\Workspaces\DAVE-4.3-64Bit\WS_2016_09_02\Radar_sense2Go_exe\Libraries\RadarSense2Go\bin\libRadar_Sense2Go_V3.0_Lib.a(radarsense2go_library.o) (lradarsense2go_remove_mean)
c:/davev4-64bit/dave-4.3.2/eclipse/arm-gcc-49/bin/../lib/gcc/arm-none-eabi/4.9.3/armv6-m\libgcc.a(_aeabi_uldivmod.o)
                              ./Dave/Generated/TIMER/timer.o (__aeabi_uldivmod)
c:/davev4-64bit/dave-4.3.2/eclipse/arm-gcc-49/bin/../lib/gcc/arm-none-eabi/4.9.3/armv6-m\libgcc.a(_muldi3.o)
                              ./Dave/Generated/TIMER/timer.o (__aeabi_lmul)
c:/davev4-64bit/dave-4.3.2/eclipse/arm-gcc-49/bin/../lib/gcc/arm-none-eabi/4.9.3/armv6-m\libgcc.a(bpabi.o)
                              c:/davev4-64bit/dave-4.3.2/eclipse/arm-gcc-49/bin/../lib/gcc/arm-none-eabi/4.9.3/armv6-m\libgcc.a(_aeabi_uldivmod.o) (__gnu_uldivmod_helper)
c:/davev4-64bit/dave-4.3.2/eclipse/arm-gcc-49/bin/../lib/gcc/arm-none-eabi/4.9.3/armv6-m\libgcc.a(mulsf3.o)
                              ./main.o (__aeabi_fmul)
c:/davev4-64bit/dave-4.3.2/eclipse/arm-gcc-49/bin/../lib/gcc/arm-none-eabi/4.9.3/armv6-m\libgcc.a(floatunsisf.o)
                              ./main.o (__aeabi_ui2f)
c:/davev4-64bit/dave-4.3.2/eclipse/arm-gcc-49/bin/../lib/gcc/arm-none-eabi/4.9.3/armv6-m\libgcc.a(_dvmd_tls.o)
                              c:/davev4-64bit/dave-4.3.2/eclipse/arm-gcc-49/bin/../lib/gcc/arm-none-eabi/4.9.3/armv6-m\libgcc.a(_aeabi_uldivmod.o) (__aeabi_ldiv0)
c:/davev4-64bit/dave-4.3.2/eclipse/arm-gcc-49/bin/../lib/gcc/arm-none-eabi/4.9.3/armv6-m\libgcc.a(_clzsi2.o)
                              c:/davev4-64bit/dave-4.3.2/eclipse/arm-gcc-49/bin/../lib/gcc/arm-none-eabi/4.9.3/armv6-m\libgcc.a(mulsf3.o) (__clzsi2)
c:/davev4-64bit/dave-4.3.2/eclipse/arm-gcc-49/bin/../lib/gcc/arm-none-eabi/4.9.3/armv6-m\libgcc.a(_divdi3.o)
                              c:/davev4-64bit/dave-4.3.2/eclipse/arm-gcc-49/bin/../lib/gcc/arm-none-eabi/4.9.3/armv6-m\libgcc.a(bpabi.o) (__divdi3)
c:/davev4-64bit/dave-4.3.2/eclipse/arm-gcc-49/bin/../lib/gcc/arm-none-eabi/4.9.3/armv6-m\libgcc.a(_udivdi3.o)
                              c:/davev4-64bit/dave-4.3.2/eclipse/arm-gcc-49/bin/../lib/gcc/arm-none-eabi/4.9.3/armv6-m\libgcc.a(bpabi.o) (__udivdi3)
c:/davev4-64bit/dave-4.3.2/eclipse/arm-gcc-49/bin/../lib/gcc/arm-none-eabi/4.9.3/armv6-m\libgcc.a(_clzdi2.o)
                              c:/davev4-64bit/dave-4.3.2/eclipse/arm-gcc-49/bin/../lib/gcc/arm-none-eabi/4.9.3/armv6-m\libgcc.a(_divdi3.o) (__clzdi2)
c:/davev4-64bit/dave-4.3.2/eclipse/arm-gcc-49/bin/../lib/gcc/arm-none-eabi/4.9.3/../../../../arm-none-eabi/lib/armv6-m\libg_nano.a(lib_a-errno.o)
                              ./Libraries/Newlib/syscalls.o (__errno)
c:/davev4-64bit/dave-4.3.2/eclipse/arm-gcc-49/bin/../lib/gcc/arm-none-eabi/4.9.3/../../../../arm-none-eabi/lib/armv6-m\libg_nano.a(lib_a-impure.o)
                              c:/davev4-64bit/dave-4.3.2/eclipse/arm-gcc-49/bin/../lib/gcc/arm-none-eabi/4.9.3/../../../../arm-none-eabi/lib/armv6-m\libg_nano.a(lib_a-errno.o) (_impure_ptr)
c:/davev4-64bit/dave-4.3.2/eclipse/arm-gcc-49/bin/../lib/gcc/arm-none-eabi/4.9.3/../../../../arm-none-eabi/lib/armv6-m\libg_nano.a(lib_a-init.o)
                              ./Startup/startup_XMC1300.o (__libc_init_array)
c:/davev4-64bit/dave-4.3.2/eclipse/arm-gcc-49/bin/../lib/gcc/arm-none-eabi/4.9.3/../../../../arm-none-eabi/lib/armv6-m\libg_nano.a(lib_a-memcpy.o)
                              ./main.o (memcpy)

Allocating common symbols
Common symbol       size              file

imag_IQ             0x200             C:\Workspaces\DAVE-4.3-64Bit\WS_2016_09_02\Radar_sense2Go_exe\Libraries\RadarSense2Go\bin\libRadar_Sense2Go_V3.0_Lib.a(radarsense2go_library.o)
real_I              0x200             C:\Workspaces\DAVE-4.3-64Bit\WS_2016_09_02\Radar_sense2Go_exe\Libraries\RadarSense2Go\bin\libRadar_Sense2Go_V3.0_Lib.a(radarsense2go_library.o)
iq_mag              0x400             C:\Workspaces\DAVE-4.3-64Bit\WS_2016_09_02\Radar_sense2Go_exe\Libraries\RadarSense2Go\bin\libRadar_Sense2Go_V3.0_Lib.a(radarsense2go_library.o)
real_acq_I          0x200             C:\Workspaces\DAVE-4.3-64Bit\WS_2016_09_02\Radar_sense2Go_exe\Libraries\RadarSense2Go\bin\libRadar_Sense2Go_V3.0_Lib.a(radarsense2go_library.o)
g_max_frq_index     0x4               ./main.o
imag_I              0x200             C:\Workspaces\DAVE-4.3-64Bit\WS_2016_09_02\Radar_sense2Go_exe\Libraries\RadarSense2Go\bin\libRadar_Sense2Go_V3.0_Lib.a(radarsense2go_library.o)
[...]
Memory Configuration

Name             Origin             Length             Attributes
FLASH            0x10001000         0x00004000         xr
SRAM             0x20000000         0x00004000         !xr
*default*        0x00000000         0xffffffff

Linker script and memory map

LOAD ./Startup/startup_XMC1300.o
LOAD ./Startup/system_XMC1300.o
LOAD ./Libraries/XMCLib/src/xmc1_eru.o
LOAD ./Libraries/XMCLib/src/xmc1_flash.o
LOAD ./Libraries/XMCLib/src/xmc1_gpio.o
LOAD ./Libraries/XMCLib/src/xmc1_rtc.o
LOAD ./Libraries/XMCLib/src/xmc1_scu.o
LOAD ./Libraries/XMCLib/src/xmc_acmp.o
LOAD ./Libraries/XMCLib/src/xmc_bccu.o
LOAD ./Libraries/XMCLib/src/xmc_can.o
LOAD ./Libraries/XMCLib/src/xmc_ccu4.o
LOAD ./Libraries/XMCLib/src/xmc_ccu8.o
LOAD ./Libraries/XMCLib/src/xmc_common.o
LOAD ./Libraries/XMCLib/src/xmc_eru.o
LOAD ./Libraries/XMCLib/src/xmc_gpio.o
LOAD ./Libraries/XMCLib/src/xmc_i2c.o
LOAD ./Libraries/XMCLib/src/xmc_i2s.o
LOAD ./Libraries/XMCLib/src/xmc_ledts.o
LOAD ./Libraries/XMCLib/src/xmc_math.o
LOAD ./Libraries/XMCLib/src/xmc_pau.o
LOAD ./Libraries/XMCLib/src/xmc_posif.o
LOAD ./Libraries/XMCLib/src/xmc_prng.o
LOAD ./Libraries/XMCLib/src/xmc_rtc.o
LOAD ./Libraries/XMCLib/src/xmc_spi.o
LOAD ./Libraries/XMCLib/src/xmc_uart.o
LOAD ./Libraries/XMCLib/src/xmc_usic.o
LOAD ./Libraries/XMCLib/src/xmc_vadc.o
LOAD ./Libraries/XMCLib/src/xmc_wdt.o
LOAD ./Libraries/Newlib/syscalls.o
LOAD ./Dave/Generated/TIMER/timer.o
LOAD ./Dave/Generated/TIMER/timer_conf.o
LOAD ./Dave/Generated/RTC/rtc.o
LOAD ./Dave/Generated/RTC/rtc_conf.o
LOAD ./Dave/Generated/INTERRUPT/interrupt.o
LOAD ./Dave/Generated/INTERRUPT/interrupt_conf.o
LOAD ./Dave/Generated/GLOBAL_SCU_XMC1/global_scu_xmc1.o
LOAD ./Dave/Generated/GLOBAL_SCU_XMC1/global_scu_xmc1_conf.o
LOAD ./Dave/Generated/GLOBAL_CCU4/global_ccu4.o
LOAD ./Dave/Generated/GLOBAL_CCU4/global_ccu4_conf.o
LOAD ./Dave/Generated/GLOBAL_ADC/global_adc.o
LOAD ./Dave/Generated/GLOBAL_ADC/global_adc_conf.o
LOAD ./Dave/Generated/DIGITAL_IO/digital_io.o
LOAD ./Dave/Generated/DIGITAL_IO/digital_io_conf.o
LOAD ./Dave/Generated/CPU_CTRL_XMC1/cpu_ctrl_xmc1.o
LOAD ./Dave/Generated/CPU_CTRL_XMC1/cpu_ctrl_xmc1_conf.o
LOAD ./Dave/Generated/CLOCK_XMC1/clock_xmc1.o
LOAD ./Dave/Generated/CLOCK_XMC1/clock_xmc1_conf.o
LOAD ./Dave/Generated/ADC_MEASUREMENT/adc_measurement.o
LOAD ./Dave/Generated/ADC_MEASUREMENT/adc_measurement_conf.o
LOAD ./Dave/Generated/DAVE.o
LOAD ./main.o
LOAD c:/davev4-64bit/dave-4.3.2/eclipse/arm-gcc-49/bin/../lib/gcc/arm-none-eabi/4.9.3/../../../../arm-none-eabi/lib/armv6-m\libm.a
LOAD C:\Workspaces\DAVE-4.3-64Bit\WS_2016_09_02\Radar_sense2Go_exe\Libraries\RadarSense2Go\bin\libRadar_Sense2Go_V3.0_Lib.a
START GROUP
LOAD c:/davev4-64bit/dave-4.3.2/eclipse/arm-gcc-49/bin/../lib/gcc/arm-none-eabi/4.9.3/armv6-m\libgcc.a
LOAD c:/davev4-64bit/dave-4.3.2/eclipse/arm-gcc-49/bin/../lib/gcc/arm-none-eabi/4.9.3/../../../../arm-none-eabi/lib/armv6-m\libg_nano.a
LOAD c:/davev4-64bit/dave-4.3.2/eclipse/arm-gcc-49/bin/../lib/gcc/arm-none-eabi/4.9.3/../../../../arm-none-eabi/lib/armv6-m\libc_nano.a
END GROUP
START GROUP
LOAD c:/davev4-64bit/dave-4.3.2/eclipse/arm-gcc-49/bin/../lib/gcc/arm-none-eabi/4.9.3/armv6-m\libgcc.a
LOAD c:/davev4-64bit/dave-4.3.2/eclipse/arm-gcc-49/bin/../lib/gcc/arm-none-eabi/4.9.3/../../../../arm-none-eabi/lib/armv6-m\libc_nano.a
LOAD c:/davev4-64bit/dave-4.3.2/eclipse/arm-gcc-49/bin/../lib/gcc/arm-none-eabi/4.9.3/../../../../arm-none-eabi/lib/armv6-m\libnosys.a
END GROUP
START GROUP
LOAD c:/davev4-64bit/dave-4.3.2/eclipse/arm-gcc-49/bin/../lib/gcc/arm-none-eabi/4.9.3/armv6-m\libgcc.a
LOAD c:/davev4-64bit/dave-4.3.2/eclipse/arm-gcc-49/bin/../lib/gcc/arm-none-eabi/4.9.3/../../../../arm-none-eabi/lib/armv6-m\libc_nano.a
LOAD c:/davev4-64bit/dave-4.3.2/eclipse/arm-gcc-49/bin/../lib/gcc/arm-none-eabi/4.9.3/../../../../arm-none-eabi/lib/armv6-m\libnosys.a
END GROUP
                0x00000400                stack_size = DEFINED (stack_size)?stack_size:0x400
                0x00000004                no_init_size = 0x4

.text           0x10001000     0x23e8
                0x10001000                sText = .
 *(.reset)
 .reset         0x10001000       0x9c ./Startup/startup_XMC1300.o
                0x10001000                __Vectors
                0x10001018                Reset_Handler
                0x10001098                POSIF0_0_IRQHandler
                0x10001098                HardFault_Handler
                0x10001098                VADC0_G1_1_IRQHandler
                0x10001098                SysTick_Handler
                0x10001098                PendSV_Handler
                0x10001098                USIC0_5_IRQHandler
                0x10001098                CCU80_1_IRQHandler
                0x10001098                USIC0_0_IRQHandler
                0x10001098                ERU0_2_IRQHandler
                0x10001098                BCCU0_0_IRQHandler
                0x10001098                ERU0_3_IRQHandler
                0x10001098                ERU0_0_IRQHandler
                0x10001098                VADC0_G0_1_IRQHandler
                0x10001098                CCU40_0_IRQHandler
                0x10001098                POSIF0_1_IRQHandler
                0x10001098                VADC0_G0_0_IRQHandler
                0x10001098                MATH0_0_IRQHandler
                0x10001098                VADC0_C0_1_IRQHandler
                0x10001098                SVC_Handler
                0x10001098                USIC0_3_IRQHandler
                0x10001098                VADC0_G1_0_IRQHandler
                0x10001098                CCU80_0_IRQHandler
                0x10001098                CCU40_1_IRQHandler
                0x10001098                USIC0_1_IRQHandler
                0x10001098                CCU40_3_IRQHandler
                0x10001098                USIC0_4_IRQHandler
                0x10001098                ERU0_1_IRQHandler
                0x10001098                USIC0_2_IRQHandler
                0x10001098                Default_handler
 *(.text .text.* .gnu.linkonce.t.*)
 .text.SystemCoreClockUpdate
                0x1000109c       0x50 ./Startup/system_XMC1300.o
                0x1000109c                SystemCoreClockUpdate
 .text.SystemInit
                0x100010ec        0xc ./Startup/system_XMC1300.o
                0x100010ec                SystemInit
 .text.XMC_GPIO_Init
                0x100010f8       0x7c ./Libraries/XMCLib/src/xmc1_gpio.o
                0x100010f8                XMC_GPIO_Init
 .text.XMC_RTC_Init
                0x10001174       0x60 ./Libraries/XMCLib/src/xmc1_rtc.o
                0x10001174                XMC_RTC_Init
 .text.XMC_RTC_EnableEvent
                0x100011d4       0x10 ./Libraries/XMCLib/src/xmc1_rtc.o
                0x100011d4                XMC_RTC_EnableEvent
 .text.XMC_SCU_CLOCK_GatePeripheralClock
                0x100011e4       0x28 ./Libraries/XMCLib/src/xmc1_scu.o
                0x100011e4                XMC_SCU_CLOCK_GatePeripheralClock
 .text.XMC_SCU_CLOCK_UngatePeripheralClock
                0x1000120c       0x30 ./Libraries/XMCLib/src/xmc1_scu.o
                0x1000120c                XMC_SCU_CLOCK_UngatePeripheralClock
 .text.XMC_SCU_CLOCK_IsPeripheralClockGated
                0x1000123c       0x14 ./Libraries/XMCLib/src/xmc1_scu.o
                0x1000123c                XMC_SCU_CLOCK_IsPeripheralClockGated
 .text.XMC_SCU_CLOCK_ScaleMCLKFrequency
                0x10001250       0xd0 ./Libraries/XMCLib/src/xmc1_scu.o
                0x10001250                XMC_SCU_CLOCK_ScaleMCLKFrequency
 .text.XMC_SCU_CLOCK_Init
                0x10001320       0x40 ./Libraries/XMCLib/src/xmc1_scu.o
                0x10001320                XMC_SCU_CLOCK_Init
 .text.XMC_SCU_INTERRUPT_SetEventHandler
                0x10001360       0x38 ./Libraries/XMCLib/src/xmc1_scu.o
                0x10001360                XMC_SCU_INTERRUPT_SetEventHandler
 .text.XMC_SCU_IRQHandler
                0x10001398       0x50 ./Libraries/XMCLib/src/xmc1_scu.o
                0x10001398                XMC_SCU_IRQHandler
 .text.XMC_CCU4_Init
                0x100013e8       0x34 ./Libraries/XMCLib/src/xmc_ccu4.o
                0x100013e8                XMC_CCU4_Init
 .text.XMC_CCU4_SLICE_CompareInit
                0x1000141c       0x30 ./Libraries/XMCLib/src/xmc_ccu4.o
                0x1000141c                XMC_CCU4_SLICE_CompareInit
 .text.XMC_CCU4_SLICE_SetPrescaler
                0x1000144c       0x14 ./Libraries/XMCLib/src/xmc_ccu4.o
                0x1000144c                XMC_CCU4_SLICE_SetPrescaler
 .text.XMC_CCU4_SLICE_SetInterruptNode
                0x10001460       0x34 ./Libraries/XMCLib/src/xmc_ccu4.o
                0x10001460                XMC_CCU4_SLICE_SetInterruptNode
 .text.XMC_GPIO_SetHardwareControl
                0x10001494       0x1c ./Libraries/XMCLib/src/xmc_gpio.o
                0x10001494                XMC_GPIO_SetHardwareControl
 .text.__aeabi_uidiv
                0x100014b0       0x14 ./Libraries/XMCLib/src/xmc_math.o
                0x100014b0                __aeabi_uidiv
 .text.__aeabi_idiv
                0x100014c4       0x14 ./Libraries/XMCLib/src/xmc_math.o
                0x100014c4                __aeabi_idiv
 .text.XMC_RTC_Start
                0x100014d8       0x20 ./Libraries/XMCLib/src/xmc_rtc.o
                0x100014d8                XMC_RTC_Start
 .text.XMC_RTC_Stop
                0x100014f8       0x20 ./Libraries/XMCLib/src/xmc_rtc.o
                0x100014f8                XMC_RTC_Stop
 .text.XMC_RTC_SetPrescaler
                0x10001518       0x24 ./Libraries/XMCLib/src/xmc_rtc.o
                0x10001518                XMC_RTC_SetPrescaler
 .text.XMC_VADC_GLOBAL_Init
                0x1000153c       0x44 ./Libraries/XMCLib/src/xmc_vadc.o
                0x1000153c                XMC_VADC_GLOBAL_Init
 .text.XMC_VADC_GLOBAL_InputClassInit
                0x10001580       0x24 ./Libraries/XMCLib/src/xmc_vadc.o
                0x10001580                XMC_VADC_GLOBAL_InputClassInit
 .text.XMC_VADC_GLOBAL_StartupCalibration
                0x100015a4       0x48 ./Libraries/XMCLib/src/xmc_vadc.o
                0x100015a4                XMC_VADC_GLOBAL_StartupCalibration
 .text.XMC_VADC_GLOBAL_BackgroundSetReqSrcEventInterruptNode
                0x100015ec       0x1c ./Libraries/XMCLib/src/xmc_vadc.o
                0x100015ec                XMC_VADC_GLOBAL_BackgroundSetReqSrcEventInterruptNode
 .text.XMC_VADC_GROUP_Init
                0x10001608       0xd4 ./Libraries/XMCLib/src/xmc_vadc.o
                0x10001608                XMC_VADC_GROUP_Init
 .text.XMC_VADC_GROUP_SetPowerMode
                0x100016dc       0x10 ./Libraries/XMCLib/src/xmc_vadc.o
                0x100016dc                XMC_VADC_GROUP_SetPowerMode
 .text.XMC_VADC_GLOBAL_SHS_EnableAcceleratedMode
                0x100016ec       0x20 ./Libraries/XMCLib/src/xmc_vadc.o
                0x100016ec                XMC_VADC_GLOBAL_SHS_EnableAcceleratedMode
 .text.XMC_VADC_GLOBAL_BackgroundInit
                0x1000170c       0xb4 ./Libraries/XMCLib/src/xmc_vadc.o
                0x1000170c                XMC_VADC_GLOBAL_BackgroundInit
 .text.XMC_VADC_GROUP_ChannelInit
                0x100017c0       0x78 ./Libraries/XMCLib/src/xmc_vadc.o
                0x100017c0                XMC_VADC_GROUP_ChannelInit
 .text._init    0x10001838        0x4 ./Libraries/Newlib/syscalls.o
                0x10001838                _init
 .text.TIMER_Start
                0x1000183c       0x20 ./Dave/Generated/TIMER/timer.o
                0x1000183c                TIMER_Start
 .text.TIMER_Stop
                0x1000185c       0x28 ./Dave/Generated/TIMER/timer.o
                0x1000185c                TIMER_Stop
 .text.TIMER_SetTimeInterval
                0x10001884       0xbc ./Dave/Generated/TIMER/timer.o
                0x10001884                TIMER_SetTimeInterval
 .text.TIMER_CCU4_lInit
                0x10001940       0x74 ./Dave/Generated/TIMER/timer.o
                0x10001940                TIMER_CCU4_lInit
 .text.TIMER_Init
                0x100019b4       0x20 ./Dave/Generated/TIMER/timer.o
                0x100019b4                TIMER_Init
 .text.RTC_lConfigureInterrupts
                0x100019d4       0x4c ./Dave/Generated/RTC/rtc.o
                0x100019d4                RTC_lConfigureInterrupts
 .text.RTC_lRegister_Callbacks
                0x10001a20       0x2c ./Dave/Generated/RTC/rtc.o
                0x10001a20                RTC_lRegister_Callbacks
 .text.RTC_Init
                0x10001a4c       0x54 ./Dave/Generated/RTC/rtc.o
                0x10001a4c                RTC_Init
 .text.INTERRUPT_Init
                0x10001aa0       0x88 ./Dave/Generated/INTERRUPT/interrupt.o
                0x10001aa0                INTERRUPT_Init
 .text.GLOBAL_SCU_XMC1_Init
                0x10001b28       0x90 ./Dave/Generated/GLOBAL_SCU_XMC1/global_scu_xmc1.o
                0x10001b28                GLOBAL_SCU_XMC1_Init
 .text.SCU_0_IRQHandler
                0x10001bb8        0xc ./Dave/Generated/GLOBAL_SCU_XMC1/global_scu_xmc1.o
                0x10001bb8                SCU_0_IRQHandler
 .text.SCU_1_IRQHandler
                0x10001bc4        0xc ./Dave/Generated/GLOBAL_SCU_XMC1/global_scu_xmc1.o
                0x10001bc4                SCU_1_IRQHandler
 .text.SCU_2_IRQHandler
                0x10001bd0        0xc ./Dave/Generated/GLOBAL_SCU_XMC1/global_scu_xmc1.o
                0x10001bd0                SCU_2_IRQHandler
 .text.GLOBAL_SCU_XMC1_RegisterCallback
                0x10001bdc        0x8 ./Dave/Generated/GLOBAL_SCU_XMC1/global_scu_xmc1.o
                0x10001bdc                GLOBAL_SCU_XMC1_RegisterCallback
 .text.GLOBAL_CCU4_Init
                0x10001be4       0x28 ./Dave/Generated/GLOBAL_CCU4/global_ccu4.o
                0x10001be4                GLOBAL_CCU4_Init
 .text.GLOBAL_ADC_Init
                0x10001c0c       0x88 ./Dave/Generated/GLOBAL_ADC/global_adc.o
                0x10001c0c                GLOBAL_ADC_Init
 .text.DIGITAL_IO_Init
                0x10001c94       0x1c ./Dave/Generated/DIGITAL_IO/digital_io.o
                0x10001c94                DIGITAL_IO_Init
 .text.SystemCoreSetup
                0x10001cb0        0x4 ./Dave/Generated/CPU_CTRL_XMC1/cpu_ctrl_xmc1_conf.o
                0x10001cb0                SystemCoreSetup
 .text.CLOCK_XMC1_Init
                0x10001cb4       0x10 ./Dave/Generated/CLOCK_XMC1/clock_xmc1.o
                0x10001cb4                CLOCK_XMC1_Init
 .text.SystemCoreClockSetup
                0x10001cc4       0x1c ./Dave/Generated/CLOCK_XMC1/clock_xmc1_conf.o
                0x10001cc4                SystemCoreClockSetup
 .text.ADC_MEASUREMENT_Init
                0x10001ce0      0x158 ./Dave/Generated/ADC_MEASUREMENT/adc_measurement.o
                0x10001ce0                ADC_MEASUREMENT_Init
 .text.ADC_MEASUREMENT_StartConversion
                0x10001e38       0x14 ./Dave/Generated/ADC_MEASUREMENT/adc_measurement.o
                0x10001e38                ADC_MEASUREMENT_StartConversion
 .text.ADC_MEASUREMENT_GetResult
                0x10001e4c       0x18 ./Dave/Generated/ADC_MEASUREMENT/adc_measurement.o
                0x10001e4c                ADC_MEASUREMENT_GetResult
 .text.DAVE_Init
                0x10001e64       0x64 ./Dave/Generated/DAVE.o
                0x10001e64                DAVE_Init
 .text.radarsense2go_startacq
                0x10001ec8       0x2c ./main.o
                0x10001ec8                radarsense2go_startacq
 .text.radarsense2go_endacq
                0x10001ef4       0x14 ./main.o
                0x10001ef4                radarsense2go_endacq
 .text.radarsense2go_result
                0x10001f08       0x74 ./main.o
                0x10001f08                radarsense2go_result
 .text.radarsense2go_trigger
                0x10001f7c       0x50 ./main.o
                0x10001f7c                radarsense2go_trigger
 .text.startup.main
                0x10001fcc       0xcc ./main.o
                0x10001fcc                main
 .text.radarsense2go_init
                0x10002098       0xd8 C:\Workspaces\DAVE-4.3-64Bit\WS_2016_09_02\Radar_sense2Go_exe\Libraries\RadarSense2Go\bin\libRadar_Sense2Go_V3.0_Lib.a(radarsense2go_library.o)
                0x10002098                radarsense2go_init
 .text.radarsense2go_start
                0x10002170       0x18 C:\Workspaces\DAVE-4.3-64Bit\WS_2016_09_02\Radar_sense2Go_exe\Libraries\RadarSense2Go\bin\libRadar_Sense2Go_V3.0_Lib.a(radarsense2go_library.o)
                0x10002170                radarsense2go_start
 .text.radarsense2go_stop
                0x10002188       0x18 C:\Workspaces\DAVE-4.3-64Bit\WS_2016_09_02\Radar_sense2Go_exe\Libraries\RadarSense2Go\bin\libRadar_Sense2Go_V3.0_Lib.a(radarsense2go_library.o)
                0x10002188                radarsense2go_stop
 .text.radarsense2go_set_detection_threshold
                0x100021a0       0x14 C:\Workspaces\DAVE-4.3-64Bit\WS_2016_09_02\Radar_sense2Go_exe\Libraries\RadarSense2Go\bin\libRadar_Sense2Go_V3.0_Lib.a(radarsense2go_library.o)
                0x100021a0                radarsense2go_set_detection_threshold
 .text.radarsense2go_exitmain
                0x100021b4       0x30 C:\Workspaces\DAVE-4.3-64Bit\WS_2016_09_02\Radar_sense2Go_exe\Libraries\RadarSense2Go\bin\libRadar_Sense2Go_V3.0_Lib.a(radarsense2go_library.o)
                0x100021b4                radarsense2go_exitmain
 .text.radarsense2go_regcb_result
                0x100021e4       0x1c C:\Workspaces\DAVE-4.3-64Bit\WS_2016_09_02\Radar_sense2Go_exe\Libraries\RadarSense2Go\bin\libRadar_Sense2Go_V3.0_Lib.a(radarsense2go_library.o)
                0x100021e4                radarsense2go_regcb_result
 .text.radarsense2go_regcb_startacq
                0x10002200       0x1c C:\Workspaces\DAVE-4.3-64Bit\WS_2016_09_02\Radar_sense2Go_exe\Libraries\RadarSense2Go\bin\libRadar_Sense2Go_V3.0_Lib.a(radarsense2go_library.o)
                0x10002200                radarsense2go_regcb_startacq
 .text.radarsense2go_regcb_endacq
                0x1000221c       0x1c C:\Workspaces\DAVE-4.3-64Bit\WS_2016_09_02\Radar_sense2Go_exe\Libraries\RadarSense2Go\bin\libRadar_Sense2Go_V3.0_Lib.a(radarsense2go_library.o)
                0x1000221c                radarsense2go_regcb_endacq
 .text.radarsense2go_regcb_trigger
                0x10002238       0x1c C:\Workspaces\DAVE-4.3-64Bit\WS_2016_09_02\Radar_sense2Go_exe\Libraries\RadarSense2Go\bin\libRadar_Sense2Go_V3.0_Lib.a(radarsense2go_library.o)
                0x10002238                radarsense2go_regcb_trigger
 .text.CCU40_2_IRQHandler
                0x10002254      0x374 C:\Workspaces\DAVE-4.3-64Bit\WS_2016_09_02\Radar_sense2Go_exe\Libraries\RadarSense2Go\bin\libRadar_Sense2Go_V3.0_Lib.a(radarsense2go_library.o)
                0x10002254                CCU40_2_IRQHandler
 .text.RTC_ISR  0x100025c8       0x14 C:\Workspaces\DAVE-4.3-64Bit\WS_2016_09_02\Radar_sense2Go_exe\Libraries\RadarSense2Go\bin\libRadar_Sense2Go_V3.0_Lib.a(radarsense2go_library.o)
                0x100025c8                RTC_ISR
 .text.VADC0_C0_0_IRQHandler
                0x100025dc       0x28 C:\Workspaces\DAVE-4.3-64Bit\WS_2016_09_02\Radar_sense2Go_exe\Libraries\RadarSense2Go\bin\libRadar_Sense2Go_V3.0_Lib.a(radarsense2go_library.o)
                0x100025dc                VADC0_C0_0_IRQHandler
 .text.lradarsense2go_remove_mean
                0x10002604      0x124 C:\Workspaces\DAVE-4.3-64Bit\WS_2016_09_02\Radar_sense2Go_exe\Libraries\RadarSense2Go\bin\libRadar_Sense2Go_V3.0_Lib.a(radarsense2go_calc.o)
                0x10002604                lradarsense2go_remove_mean
 .text.lradarsense2go_window_hanning
                0x10002728       0xa8 C:\Workspaces\DAVE-4.3-64Bit\WS_2016_09_02\Radar_sense2Go_exe\Libraries\RadarSense2Go\bin\libRadar_Sense2Go_V3.0_Lib.a(radarsense2go_calc.o)
                0x10002728                lradarsense2go_window_hanning
 .text.lradarsense2go_fft
                0x100027d0      0x168 C:\Workspaces\DAVE-4.3-64Bit\WS_2016_09_02\Radar_sense2Go_exe\Libraries\RadarSense2Go\bin\libRadar_Sense2Go_V3.0_Lib.a(radarsense2go_calc.o)
                0x100027d0                lradarsense2go_fft
 .text.lradarsense2go_calc_mag
                0x10002938      0x114 C:\Workspaces\DAVE-4.3-64Bit\WS_2016_09_02\Radar_sense2Go_exe\Libraries\RadarSense2Go\bin\libRadar_Sense2Go_V3.0_Lib.a(radarsense2go_calc.o)
                0x10002938                lradarsense2go_calc_mag
 .text.lradarsense2go_calc_direction
                0x10002a4c       0x48 C:\Workspaces\DAVE-4.3-64Bit\WS_2016_09_02\Radar_sense2Go_exe\Libraries\RadarSense2Go\bin\libRadar_Sense2Go_V3.0_Lib.a(radarsense2go_calc.o)
                0x10002a4c                lradarsense2go_calc_direction
 .text          0x10002a94       0x40 c:/davev4-64bit/dave-4.3.2/eclipse/arm-gcc-49/bin/../lib/gcc/arm-none-eabi/4.9.3/armv6-m\libgcc.a(_aeabi_uldivmod.o)
                0x10002a94                __aeabi_uldivmod
 .text          0x10002ad4       0x54 c:/davev4-64bit/dave-4.3.2/eclipse/arm-gcc-49/bin/../lib/gcc/arm-none-eabi/4.9.3/armv6-m\libgcc.a(_muldi3.o)
                0x10002ad4                __muldi3
                0x10002ad4                __aeabi_lmul
 .text          0x10002b28       0x6c c:/davev4-64bit/dave-4.3.2/eclipse/arm-gcc-49/bin/../lib/gcc/arm-none-eabi/4.9.3/armv6-m\libgcc.a(bpabi.o)
                0x10002b28                __gnu_ldivmod_helper
                0x10002b60                __gnu_uldivmod_helper
 .text          0x10002b94      0x264 c:/davev4-64bit/dave-4.3.2/eclipse/arm-gcc-49/bin/../lib/gcc/arm-none-eabi/4.9.3/armv6-m\libgcc.a(mulsf3.o)
                0x10002b94                __aeabi_fmul
 .text          0x10002df8       0x90 c:/davev4-64bit/dave-4.3.2/eclipse/arm-gcc-49/bin/../lib/gcc/arm-none-eabi/4.9.3/armv6-m\libgcc.a(floatunsisf.o)
                0x10002df8                __aeabi_ui2f
 .text          0x10002e88        0x4 c:/davev4-64bit/dave-4.3.2/eclipse/arm-gcc-49/bin/../lib/gcc/arm-none-eabi/4.9.3/armv6-m\libgcc.a(_dvmd_tls.o)
                0x10002e88                __aeabi_idiv0
                0x10002e88                __aeabi_ldiv0
 .text          0x10002e8c       0x3c c:/davev4-64bit/dave-4.3.2/eclipse/arm-gcc-49/bin/../lib/gcc/arm-none-eabi/4.9.3/armv6-m\libgcc.a(_clzsi2.o)
                0x10002e8c                __clzsi2
 .text          0x10002ec8      0x1f0 c:/davev4-64bit/dave-4.3.2/eclipse/arm-gcc-49/bin/../lib/gcc/arm-none-eabi/4.9.3/armv6-m\libgcc.a(_divdi3.o)
                0x10002ec8                __divdi3
 .text          0x100030b8      0x158 c:/davev4-64bit/dave-4.3.2/eclipse/arm-gcc-49/bin/../lib/gcc/arm-none-eabi/4.9.3/armv6-m\libgcc.a(_udivdi3.o)
                0x100030b8                __udivdi3
 .text          0x10003210       0x18 c:/davev4-64bit/dave-4.3.2/eclipse/arm-gcc-49/bin/../lib/gcc/arm-none-eabi/4.9.3/armv6-m\libgcc.a(_clzdi2.o)
                0x10003210                __clzdi2
 .text.__libc_init_array
                0x10003228       0x4c c:/davev4-64bit/dave-4.3.2/eclipse/arm-gcc-49/bin/../lib/gcc/arm-none-eabi/4.9.3/../../../../arm-none-eabi/lib/armv6-m\libg_nano.a(lib_a-init.o)
                0x10003228                __libc_init_array
 .text.memcpy   0x10003274       0x12 c:/davev4-64bit/dave-4.3.2/eclipse/arm-gcc-49/bin/../lib/gcc/arm-none-eabi/4.9.3/../../../../arm-none-eabi/lib/armv6-m\libg_nano.a(lib_a-memcpy.o)
                0x10003274                memcpy
 *(.init)
 *(.fini)
 *crtbegin.o(.ctors)
 *crtbegin?.o(.ctors)
 *(EXCLUDE_FILE(*crtend.o *crtend?.o) .ctors)
 *(SORT(.ctors.*))
 *(.ctors)
 *crtbegin.o(.dtors)
 *crtbegin?.o(.dtors)
 *(EXCLUDE_FILE(*crtend.o *crtend?.o) .dtors)
 *(SORT(.dtors.*))
 *(.dtors)
 *(.rodata .rodata.*)
 *fill*         0x10003286        0x2 
 .rodata.event_masks
                0x10003288        0xc ./Libraries/XMCLib/src/xmc1_scu.o
 .rodata.CSWTCH.37
                0x10003294       0x28 ./Libraries/XMCLib/src/xmc_ccu4.o
 .rodata.CSWTCH.38
                0x100032bc       0x28 ./Libraries/XMCLib/src/xmc_ccu4.o
 .rodata.RTC_0_config
                0x100032e4       0x10 ./Dave/Generated/RTC/rtc_conf.o
                0x100032e4                RTC_0_config
 .rodata.RTC_0_time_alarm_config
                0x100032f4       0x14 ./Dave/Generated/RTC/rtc_conf.o
                0x100032f4                RTC_0_time_alarm_config
 .rodata.INTERRUPT_0
                0x10003308        0x4 ./Dave/Generated/INTERRUPT/interrupt_conf.o
                0x10003308                INTERRUPT_0
 .rodata.GLOBAL_SCU_XMC1_0_config
                0x1000330c        0x8 ./Dave/Generated/GLOBAL_SCU_XMC1/global_scu_xmc1_conf.o
                0x1000330c                GLOBAL_SCU_XMC1_0_config
 .rodata.group_init_handle0
                0x10003314       0x14 ./Dave/Generated/GLOBAL_ADC/global_adc_conf.o
                0x10003314                group_init_handle0
 .rodata.group_init_handle1
                0x10003328       0x14 ./Dave/Generated/GLOBAL_ADC/global_adc_conf.o
                0x10003328                group_init_handle1
 .rodata.global_config
                0x1000333c       0x18 ./Dave/Generated/GLOBAL_ADC/global_adc_conf.o
                0x1000333c                global_config
 .rodata.BGT24  0x10003354       0x10 ./Dave/Generated/DIGITAL_IO/digital_io_conf.o
                0x10003354                BGT24
 .rodata.Receding
                0x10003364       0x10 ./Dave/Generated/DIGITAL_IO/digital_io_conf.o
                0x10003364                Receding
 .rodata.Approaching
                0x10003374       0x10 ./Dave/Generated/DIGITAL_IO/digital_io_conf.o
                0x10003374                Approaching
 .rodata        0x10003384        0xc ./Dave/Generated/CLOCK_XMC1/clock_xmc1_conf.o
 .rodata.backgnd_rs_intr_handle
                0x10003390        0x8 ./Dave/Generated/ADC_MEASUREMENT/adc_measurement_conf.o
                0x10003390                backgnd_rs_intr_handle
 .rodata.backgnd_config
                0x10003398        0xc ./Dave/Generated/ADC_MEASUREMENT/adc_measurement_conf.o
                0x10003398                backgnd_config
 .rodata.global_iclass_config
                0x100033a4        0x4 ./Dave/Generated/ADC_MEASUREMENT/adc_measurement_conf.o
                0x100033a4                global_iclass_config
 .rodata        0x100033a8       0x40 c:/davev4-64bit/dave-4.3.2/eclipse/arm-gcc-49/bin/../lib/gcc/arm-none-eabi/4.9.3/armv6-m\libgcc.a(mulsf3.o)
 *(.gnu.linkonce.r*)

.glue_7         0x100033e8        0x0
 .glue_7        0x00000000        0x0 linker stubs

.glue_7t        0x100033e8        0x0
 .glue_7t       0x00000000        0x0 linker stubs

.vfp11_veneer   0x100033e8        0x0
 .vfp11_veneer  0x00000000        0x0 linker stubs

.v4_bx          0x100033e8        0x0
 .v4_bx         0x00000000        0x0 linker stubs

.iplt           0x100033e8        0x0
 .iplt          0x00000000        0x0 ./Startup/startup_XMC1300.o

.eh_frame_hdr
 *(.eh_frame_hdr)

.eh_frame
 *(.eh_frame)

.ARM.extab
 *(.ARM.extab* .gnu.linkonce.armextab.*)
                0x100033e8                . = ALIGN (0x4)
                0x100033e8                __exidx_start = .

.ARM.exidx      0x100033e8        0x8
 *(.ARM.exidx* .gnu.linkonce.armexidx.*)
 .ARM.exidx     0x100033e8        0x8 c:/davev4-64bit/dave-4.3.2/eclipse/arm-gcc-49/bin/../lib/gcc/arm-none-eabi/4.9.3/armv6-m\libgcc.a(_divdi3.o)
 .ARM.exidx     0x100033f0        0x0 c:/davev4-64bit/dave-4.3.2/eclipse/arm-gcc-49/bin/../lib/gcc/arm-none-eabi/4.9.3/armv6-m\libgcc.a(_udivdi3.o)
                                  0x8 (size before relaxing)
                0x100033f0                __exidx_end = .
                0x100033f0                . = ALIGN (0x4)
                0x100033f0                eROData = .

.VENEER_Code    0x2000000c      0x138 load address 0x100033f0
                0x2000000c                . = ALIGN (0x4)
                0x2000000c                VeneerStart = .
 *(.XmcVeneerCode)
 .XmcVeneerCode
                0x2000000c      0x138 ./Startup/startup_XMC1300.o
                0x2000000c                HardFault_Veneer
                0x2000002c                SVC_Veneer
                0x20000038                PendSV_Veneer
                0x2000003c                SysTick_Veneer
                0x20000040                SCU_0_Veneer
                0x20000044                SCU_1_Veneer
                0x20000048                SCU_2_Veneer
                0x2000004c                SCU_3_Veneer
                0x20000050                SCU_4_Veneer
                0x20000054                SCU_5_Veneer
                0x20000058                SCU_6_Veneer
                0x2000005c                MATH_Veneer
                0x20000064                USIC0_0_Veneer
                0x20000068                USIC0_1_Veneer
                0x2000006c                USIC0_2_Veneer
                0x20000070                USIC0_3_Veneer
                0x20000074                USIC0_4_Veneer
                0x20000078                USIC0_5_Veneer
                0x2000007c                VADC0_C0_0_Veneer
                0x20000080                VADC0_C0_1_Veneer
                0x20000084                VADC0_G0_0_Veneer
                0x20000088                VADC0_G0_1_Veneer
                0x2000008c                VADC0_G1_0_Veneer
                0x20000090                VADC0_G1_1_Veneer
                0x20000094                CCU40_0_Veneer
                0x20000098                CCU40_1_Veneer
                0x2000009c                CCU40_2_Veneer
                0x200000a0                CCU40_3_Veneer
                0x200000a4                CCU80_0_Veneer
                0x200000a8                CCU80_1_Veneer
                0x200000ac                POSIF0_0_Veneer
                0x200000b0                POSIF0_1_Veneer
                0x200000bc                BCCU0_0_Veneer
                0x20000144                . = ALIGN (0x4)
                0x20000144                VeneerEnd = .
                0x00000138                VeneerSize = (ABSOLUTE (VeneerEnd) - ABSOLUTE (VeneerStart))

.rel.dyn        0x20000144        0x0 load address 0x10003528
 .rel.iplt      0x00000000        0x0 ./Startup/startup_XMC1300.o

Stack           0x20000144      0x404 load address 0x00000000
                0x20000148                . = ALIGN (0x8)
 *fill*         0x20000144        0x4 
                0x20000548                . = (. + stack_size)
 *fill*         0x20000148      0x400 
                0x20000548                __initial_sp = .
                0x10003528                DataLoadAddr = (eROData + VeneerSize)

.data           0x20000548      0x310 load address 0x10003528
                0x20000548                . = ALIGN (0x4)
                0x20000548                __data_start = .
 *(vtable)
 *(.data)
 *(.data*)
 .data.TIMER_0  0x20000548       0x28 ./Dave/Generated/TIMER/timer_conf.o
                0x20000548                TIMER_0
 .data.RTC_0    0x20000570        0xc ./Dave/Generated/RTC/rtc_conf.o
                0x20000570                RTC_0
 .data.GLOBAL_SCU_XMC1_0
                0x2000057c        0x8 ./Dave/Generated/GLOBAL_SCU_XMC1/global_scu_xmc1_conf.o
                0x2000057c                GLOBAL_SCU_XMC1_0
 .data.GLOBAL_CCU4_0
                0x20000584       0x10 ./Dave/Generated/GLOBAL_CCU4/global_ccu4_conf.o
                0x20000584                GLOBAL_CCU4_0
 .data.group_0_config
                0x20000594        0xc ./Dave/Generated/GLOBAL_ADC/global_adc_conf.o
                0x20000594                group_0_config
 .data.GLOBAL_ADC_0
                0x200005a0       0x18 ./Dave/Generated/GLOBAL_ADC/global_adc_conf.o
                0x200005a0                GLOBAL_ADC_0
 .data.group_1_config
                0x200005b8        0xc ./Dave/Generated/GLOBAL_ADC/global_adc_conf.o
                0x200005b8                group_1_config
 .data.ADC_MEASUREMENT_Channel_I_handle
                0x200005c4       0x10 ./Dave/Generated/ADC_MEASUREMENT/adc_measurement_conf.o
                0x200005c4                ADC_MEASUREMENT_Channel_I_handle
 .data.ADC_MEASUREMENT_0
                0x200005d4       0x1c ./Dave/Generated/ADC_MEASUREMENT/adc_measurement_conf.o
                0x200005d4                ADC_MEASUREMENT_0
 .data.Channel_I_ch_config
                0x200005f0       0x10 ./Dave/Generated/ADC_MEASUREMENT/adc_measurement_conf.o
                0x200005f0                Channel_I_ch_config
 .data.Channel_Q_ch_config
                0x20000600       0x10 ./Dave/Generated/ADC_MEASUREMENT/adc_measurement_conf.o
                0x20000600                Channel_Q_ch_config
 .data.ADC_MEASUREMENT_Channel_Q_handle
                0x20000610       0x10 ./Dave/Generated/ADC_MEASUREMENT/adc_measurement_conf.o
                0x20000610                ADC_MEASUREMENT_Channel_Q_handle
 .data.ADC_MEASUREMENT_channel_array
                0x20000620        0x8 ./Dave/Generated/ADC_MEASUREMENT/adc_measurement_conf.o
                0x20000620                ADC_MEASUREMENT_channel_array
 .data.motion_last
                0x20000628        0x1 ./main.o
 *fill*         0x20000629        0x3 
 .data.radarsense2go_algorithm
                0x2000062c        0xc ./main.o
                0x2000062c                radarsense2go_algorithm
 .data.radarsense2go_powerdown
                0x20000638        0x4 ./main.o
                0x20000638                radarsense2go_powerdown
 .data.start    0x2000063c        0x1 ./main.o
                0x2000063c                start
 .data.g_motion
                0x2000063d        0x1 ./main.o
                0x2000063d                g_motion
 *fill*         0x2000063e        0x2 
 .data.radarsense2go_timing
                0x20000640        0xc ./main.o
                0x20000640                radarsense2go_timing
 .data.ADC_result_I
                0x2000064c        0x4 C:\Workspaces\DAVE-4.3-64Bit\WS_2016_09_02\Radar_sense2Go_exe\Libraries\RadarSense2Go\bin\libRadar_Sense2Go_V3.0_Lib.a(radarsense2go_library.o)
                0x2000064c                ADC_result_I
 .data.ADC_result_Q
                0x20000650        0x4 C:\Workspaces\DAVE-4.3-64Bit\WS_2016_09_02\Radar_sense2Go_exe\Libraries\RadarSense2Go\bin\libRadar_Sense2Go_V3.0_Lib.a(radarsense2go_library.o)
                0x20000650                ADC_result_Q
 .data.aquired_samples.7866
                0x20000654        0x4 C:\Workspaces\DAVE-4.3-64Bit\WS_2016_09_02\Radar_sense2Go_exe\Libraries\RadarSense2Go\bin\libRadar_Sense2Go_V3.0_Lib.a(radarsense2go_library.o)
 .data.Sine     0x20000658      0x200 C:\Workspaces\DAVE-4.3-64Bit\WS_2016_09_02\Radar_sense2Go_exe\Libraries\RadarSense2Go\bin\libRadar_Sense2Go_V3.0_Lib.a(radarsense2go_calc.o)
                0x20000658                Sine
 *(*.data)
 *(.gnu.linkonce.d*)
                0x20000858                . = ALIGN (0x4)
                0x20000858                PROVIDE (__preinit_array_start, .)
 *(.preinit_array)
                0x20000858                PROVIDE (__preinit_array_end, .)
                0x20000858                . = ALIGN (0x4)
                0x20000858                PROVIDE (__init_array_start, .)
 *(SORT(.init_array.*))
 *(.init_array)
                0x20000858                PROVIDE (__init_array_end, .)
                0x20000858                . = ALIGN (0x4)
                0x20000858                PROVIDE (__fini_array_start, .)
 *(SORT(.fini_array.*))
 *(.fini_array)
                0x20000858                PROVIDE (__fini_array_end, .)
                0x20000858                . = ALIGN (0x4)
                0x20000858                __data_end = .
                0x00000310                __data_size = (__data_end - __data_start)

.igot.plt       0x20000858        0x0 load address 0x10003838
 .igot.plt      0x00000000        0x0 ./Startup/startup_XMC1300.o

.ram_code       0x20000858        0x0 load address 0x10003838
                0x20000858                . = ALIGN (0x4)
                0x20000858                __ram_code_start = .
 *(.ram_code)
                0x20000858                . = ALIGN (0x4)
                0x20000858                __ram_code_end = .
                0x10003838                __ram_code_load = LOADADDR (.ram_code)
                0x00000000                __ram_code_size = (__ram_code_end - __ram_code_start)

.bss            0x20000858     0x1af0 load address 0x10003838
                0x20000858                . = ALIGN (0x4)
                0x20000858                __bss_start = .
 *(.bss)
 *(.bss*)
 .bss.IDIV.4926
                0x20000858        0x4 ./Startup/system_XMC1300.o
 .bss.FDIV.4927
                0x2000085c        0x4 ./Startup/system_XMC1300.o
 .bss.event_handler_list
                0x20000860       0x80 ./Libraries/XMCLib/src/xmc1_scu.o
 .bss.TIMER_0_config
                0x200008e0        0x8 ./Dave/Generated/TIMER/timer_conf.o
                0x200008e0                TIMER_0_config
 .bss.CLOCK_XMC1_0
                0x200008e8        0x4 ./Dave/Generated/CLOCK_XMC1/clock_xmc1_conf.o
                0x200008e8                CLOCK_XMC1_0
 .bss.Channel_Q_res_config
                0x200008ec        0x4 ./Dave/Generated/ADC_MEASUREMENT/adc_measurement_conf.o
                0x200008ec                Channel_Q_res_config
 .bss.Channel_I_res_config
                0x200008f0        0x4 ./Dave/Generated/ADC_MEASUREMENT/adc_measurement_conf.o
                0x200008f0                Channel_I_res_config
 .bss.BGT24_settle.8491
                0x200008f4        0x4 ./main.o
 .bss.g_t_sample_us
                0x200008f8        0x4 C:\Workspaces\DAVE-4.3-64Bit\WS_2016_09_02\Radar_sense2Go_exe\Libraries\RadarSense2Go\bin\libRadar_Sense2Go_V3.0_Lib.a(radarsense2go_library.o)
 .bss.g_timer   0x200008fc        0x4 C:\Workspaces\DAVE-4.3-64Bit\WS_2016_09_02\Radar_sense2Go_exe\Libraries\RadarSense2Go\bin\libRadar_Sense2Go_V3.0_Lib.a(radarsense2go_library.o)
 .bss.g_samples_count
                0x20000900        0x4 C:\Workspaces\DAVE-4.3-64Bit\WS_2016_09_02\Radar_sense2Go_exe\Libraries\RadarSense2Go\bin\libRadar_Sense2Go_V3.0_Lib.a(radarsense2go_library.o)
 .bss.g_endacq_cb
                0x20000904        0x4 C:\Workspaces\DAVE-4.3-64Bit\WS_2016_09_02\Radar_sense2Go_exe\Libraries\RadarSense2Go\bin\libRadar_Sense2Go_V3.0_Lib.a(radarsense2go_library.o)
 .bss.gate_RTC_ISR
                0x20000908        0x1 C:\Workspaces\DAVE-4.3-64Bit\WS_2016_09_02\Radar_sense2Go_exe\Libraries\RadarSense2Go\bin\libRadar_Sense2Go_V3.0_Lib.a(radarsense2go_library.o)
                0x20000908                gate_RTC_ISR
 *fill*         0x20000909        0x3 
 .bss.g_t_cycle_ms
                0x2000090c        0x4 C:\Workspaces\DAVE-4.3-64Bit\WS_2016_09_02\Radar_sense2Go_exe\Libraries\RadarSense2Go\bin\libRadar_Sense2Go_V3.0_Lib.a(radarsense2go_library.o)
 .bss.g_trigger_cb
                0x20000910        0x4 C:\Workspaces\DAVE-4.3-64Bit\WS_2016_09_02\Radar_sense2Go_exe\Libraries\RadarSense2Go\bin\libRadar_Sense2Go_V3.0_Lib.a(radarsense2go_library.o)
 .bss.g_rootcalc_enable
                0x20000914        0x1 C:\Workspaces\DAVE-4.3-64Bit\WS_2016_09_02\Radar_sense2Go_exe\Libraries\RadarSense2Go\bin\libRadar_Sense2Go_V3.0_Lib.a(radarsense2go_library.o)
 .bss.g_mainexec_enable
                0x20000915        0x1 C:\Workspaces\DAVE-4.3-64Bit\WS_2016_09_02\Radar_sense2Go_exe\Libraries\RadarSense2Go\bin\libRadar_Sense2Go_V3.0_Lib.a(radarsense2go_library.o)
 *fill*         0x20000916        0x2 
 .bss.samples_sum_Q.7868
                0x20000918        0x4 C:\Workspaces\DAVE-4.3-64Bit\WS_2016_09_02\Radar_sense2Go_exe\Libraries\RadarSense2Go\bin\libRadar_Sense2Go_V3.0_Lib.a(radarsense2go_library.o)
 .bss.g_vadcCLKgating_enable
                0x2000091c        0x1 C:\Workspaces\DAVE-4.3-64Bit\WS_2016_09_02\Radar_sense2Go_exe\Libraries\RadarSense2Go\bin\libRadar_Sense2Go_V3.0_Lib.a(radarsense2go_library.o)
 *fill*         0x2000091d        0x3 
 .bss.g_intialized
                0x20000920        0x4 C:\Workspaces\DAVE-4.3-64Bit\WS_2016_09_02\Radar_sense2Go_exe\Libraries\RadarSense2Go\bin\libRadar_Sense2Go_V3.0_Lib.a(radarsense2go_library.o)
 .bss.max.7869  0x20000924        0x8 C:\Workspaces\DAVE-4.3-64Bit\WS_2016_09_02\Radar_sense2Go_exe\Libraries\RadarSense2Go\bin\libRadar_Sense2Go_V3.0_Lib.a(radarsense2go_library.o)
 .bss.samples_sum_I.7867
                0x2000092c        0x4 C:\Workspaces\DAVE-4.3-64Bit\WS_2016_09_02\Radar_sense2Go_exe\Libraries\RadarSense2Go\bin\libRadar_Sense2Go_V3.0_Lib.a(radarsense2go_library.o)
 .bss.g_trigger_det_level
                0x20000930        0x4 C:\Workspaces\DAVE-4.3-64Bit\WS_2016_09_02\Radar_sense2Go_exe\Libraries\RadarSense2Go\bin\libRadar_Sense2Go_V3.0_Lib.a(radarsense2go_library.o)
 .bss.hold_on.7870
                0x20000934        0x1 C:\Workspaces\DAVE-4.3-64Bit\WS_2016_09_02\Radar_sense2Go_exe\Libraries\RadarSense2Go\bin\libRadar_Sense2Go_V3.0_Lib.a(radarsense2go_library.o)
 *fill*         0x20000935        0x3 
 .bss.g_startacq_cb
                0x20000938        0x4 C:\Workspaces\DAVE-4.3-64Bit\WS_2016_09_02\Radar_sense2Go_exe\Libraries\RadarSense2Go\bin\libRadar_Sense2Go_V3.0_Lib.a(radarsense2go_library.o)
 .bss.g_result_cb
                0x2000093c        0x4 C:\Workspaces\DAVE-4.3-64Bit\WS_2016_09_02\Radar_sense2Go_exe\Libraries\RadarSense2Go\bin\libRadar_Sense2Go_V3.0_Lib.a(radarsense2go_library.o)
 .bss.g_N_exponent_samples
                0x20000940        0x1 C:\Workspaces\DAVE-4.3-64Bit\WS_2016_09_02\Radar_sense2Go_exe\Libraries\RadarSense2Go\bin\libRadar_Sense2Go_V3.0_Lib.a(radarsense2go_library.o)
 .bss.g_hold_on_cycles
                0x20000941        0x1 C:\Workspaces\DAVE-4.3-64Bit\WS_2016_09_02\Radar_sense2Go_exe\Libraries\RadarSense2Go\bin\libRadar_Sense2Go_V3.0_Lib.a(radarsense2go_library.o)
 *(COMMON)
 *fill*         0x20000942        0x2 
 COMMON         0x20000944      0x604 ./main.o
                0x20000944                g_max_frq_index
                0x20000948                g_sampling_data_I
                0x20000b48                g_sampling_data_Q
                0x20000d48                g_fft_data
 COMMON         0x20000f48     0x1400 C:\Workspaces\DAVE-4.3-64Bit\WS_2016_09_02\Radar_sense2Go_exe\Libraries\RadarSense2Go\bin\libRadar_Sense2Go_V3.0_Lib.a(radarsense2go_library.o)
                0x20000f48                imag_IQ
                0x20001148                real_I
                0x20001348                iq_mag
                0x20001748                real_acq_I
                0x20001948                imag_I
                0x20001b48                real_acq_Q
                0x20001d48                fft_mag
                0x20001f48                real_Q
                0x20002148                real_IQ
 *(.gnu.linkonce.b*)
                0x20002348                . = ALIGN (0x4)
                0x20002348                __bss_end = .
                0x20002348                . = ALIGN (0x8)
                0x20002348                Heap_Bank1_Start = .
                0x00001af0                __bss_size = (__bss_end - __bss_start)

.no_init        0x20003ffc        0x4 load address 0x10006fdc
                0x20003ffc                Heap_Bank1_End = .
 *(.no_init)
 .no_init       0x20003ffc        0x4 ./Startup/system_XMC1300.o
                0x20003ffc                SystemCoreClock
                0x00001cb4                Heap_Bank1_Size = (Heap_Bank1_End - Heap_Bank1_Start)
                0x00000001                ASSERT ((Heap_Bank1_Start <= Heap_Bank1_End), region SRAM overflowed no_init section)

/DISCARD/
 *(.comment)

.stab
 *(.stab)

.stabstr
 *(.stabstr)

.debug
 *(.debug)

.line
 *(.line)

.debug_srcinfo
 *(.debug_srcinfo)

.debug_sfnames
 *(.debug_sfnames)

.debug_aranges  0x00000000      0xb88
 *(.debug_aranges)
 .debug_aranges
                0x00000000       0x28 ./Startup/startup_XMC1300.o
 .debug_aranges
                0x00000028       0x38 ./Startup/system_XMC1300.o
 .debug_aranges
                0x00000060       0x28 ./Libraries/XMCLib/src/xmc1_gpio.o
 .debug_aranges
                0x00000088       0x58 ./Libraries/XMCLib/src/xmc1_rtc.o
 .debug_aranges
                0x000000e0      0x110 ./Libraries/XMCLib/src/xmc1_scu.o
 .debug_aranges
                0x000001f0      0x108 ./Libraries/XMCLib/src/xmc_ccu4.o
 .debug_aranges
                0x000002f8       0x28 ./Libraries/XMCLib/src/xmc_gpio.o
 .debug_aranges
                0x00000320       0xf0 ./Libraries/XMCLib/src/xmc_math.o
 .debug_aranges
                0x00000410       0x68 ./Libraries/XMCLib/src/xmc_rtc.o
 .debug_aranges
                0x00000478      0x290 ./Libraries/XMCLib/src/xmc_vadc.o
 .debug_aranges
                0x00000708       0x28 ./Libraries/Newlib/syscalls.o
 .debug_aranges
                0x00000730       0x78 ./Dave/Generated/TIMER/timer.o
 .debug_aranges
                0x000007a8       0x18 ./Dave/Generated/TIMER/timer_conf.o
 .debug_aranges
                0x000007c0       0x70 ./Dave/Generated/RTC/rtc.o
 .debug_aranges
                0x00000830       0x18 ./Dave/Generated/RTC/rtc_conf.o
 .debug_aranges
                0x00000848       0x28 ./Dave/Generated/INTERRUPT/interrupt.o
 .debug_aranges
                0x00000870       0x18 ./Dave/Generated/INTERRUPT/interrupt_conf.o
 .debug_aranges
                0x00000888       0x48 ./Dave/Generated/GLOBAL_SCU_XMC1/global_scu_xmc1.o
 .debug_aranges
                0x000008d0       0x18 ./Dave/Generated/GLOBAL_SCU_XMC1/global_scu_xmc1_conf.o
 .debug_aranges
                0x000008e8       0x28 ./Dave/Generated/GLOBAL_CCU4/global_ccu4.o
 .debug_aranges
                0x00000910       0x18 ./Dave/Generated/GLOBAL_CCU4/global_ccu4_conf.o
 .debug_aranges
                0x00000928       0x28 ./Dave/Generated/GLOBAL_ADC/global_adc.o
 .debug_aranges
                0x00000950       0x18 ./Dave/Generated/GLOBAL_ADC/global_adc_conf.o
 .debug_aranges
                0x00000968       0x28 ./Dave/Generated/DIGITAL_IO/digital_io.o
 .debug_aranges
                0x00000990       0x18 ./Dave/Generated/DIGITAL_IO/digital_io_conf.o
 .debug_aranges
                0x000009a8       0x20 ./Dave/Generated/CPU_CTRL_XMC1/cpu_ctrl_xmc1_conf.o
 .debug_aranges
                0x000009c8       0x30 ./Dave/Generated/CLOCK_XMC1/clock_xmc1.o
 .debug_aranges
                0x000009f8       0x20 ./Dave/Generated/CLOCK_XMC1/clock_xmc1_conf.o
 .debug_aranges
                0x00000a18       0x40 ./Dave/Generated/ADC_MEASUREMENT/adc_measurement.o
 .debug_aranges
                0x00000a58       0x18 ./Dave/Generated/ADC_MEASUREMENT/adc_measurement_conf.o
 .debug_aranges
                0x00000a70       0x20 ./Dave/Generated/DAVE.o
 .debug_aranges
                0x00000a90       0x40 ./main.o
 .debug_aranges
                0x00000ad0       0x78 C:\Workspaces\DAVE-4.3-64Bit\WS_2016_09_02\Radar_sense2Go_exe\Libraries\RadarSense2Go\bin\libRadar_Sense2Go_V3.0_Lib.a(radarsense2go_library.o)
 .debug_aranges
                0x00000b48       0x40 C:\Workspaces\DAVE-4.3-64Bit\WS_2016_09_02\Radar_sense2Go_exe\Libraries\RadarSense2Go\bin\libRadar_Sense2Go_V3.0_Lib.a(radarsense2go_calc.o)

.debug_pubnames
 *(.debug_pubnames)

.debug_pubtypes
 *(.debug_pubtypes)

.debug_info     0x00000000    0x19ea3
 *(.debug_info .gnu.linkonce.wi.*)
 .debug_info    0x00000000       0x85 ./Startup/startup_XMC1300.o
 .debug_info    0x00000085      0x377 ./Startup/system_XMC1300.o
 .debug_info    0x000003fc      0x416 ./Libraries/XMCLib/src/xmc1_gpio.o
 .debug_info    0x00000812      0x7cb ./Libraries/XMCLib/src/xmc1_rtc.o
 .debug_info    0x00000fdd      0xf05 ./Libraries/XMCLib/src/xmc1_scu.o
 .debug_info    0x00001ee2     0x150a ./Libraries/XMCLib/src/xmc_ccu4.o
 .debug_info    0x000033ec      0x3a7 ./Libraries/XMCLib/src/xmc_gpio.o
 .debug_info    0x00003793      0x98f ./Libraries/XMCLib/src/xmc_math.o
 .debug_info    0x00004122      0x730 ./Libraries/XMCLib/src/xmc_rtc.o
 .debug_info    0x00004852     0x3b22 ./Libraries/XMCLib/src/xmc_vadc.o
 .debug_info    0x00008374      0x13d ./Libraries/Newlib/syscalls.o
 .debug_info    0x000084b1     0x1160 ./Dave/Generated/TIMER/timer.o
 .debug_info    0x00009611      0x7f3 ./Dave/Generated/TIMER/timer_conf.o
 .debug_info    0x00009e04      0xce9 ./Dave/Generated/RTC/rtc.o
 .debug_info    0x0000aaed      0x524 ./Dave/Generated/RTC/rtc_conf.o
 .debug_info    0x0000b011      0x551 ./Dave/Generated/INTERRUPT/interrupt.o
 .debug_info    0x0000b562      0x1dd ./Dave/Generated/INTERRUPT/interrupt_conf.o
 .debug_info    0x0000b73f      0x77e ./Dave/Generated/GLOBAL_SCU_XMC1/global_scu_xmc1.o
 .debug_info    0x0000bebd      0x169 ./Dave/Generated/GLOBAL_SCU_XMC1/global_scu_xmc1_conf.o
 .debug_info    0x0000c026      0x37e ./Dave/Generated/GLOBAL_CCU4/global_ccu4.o
 .debug_info    0x0000c3a4      0x246 ./Dave/Generated/GLOBAL_CCU4/global_ccu4_conf.o
 .debug_info    0x0000c5ea     0x1302 ./Dave/Generated/GLOBAL_ADC/global_adc.o
 .debug_info    0x0000d8ec     0x11a6 ./Dave/Generated/GLOBAL_ADC/global_adc_conf.o
 .debug_info    0x0000ea92      0x531 ./Dave/Generated/DIGITAL_IO/digital_io.o
 .debug_info    0x0000efc3      0x424 ./Dave/Generated/DIGITAL_IO/digital_io_conf.o
 .debug_info    0x0000f3e7       0xd2 ./Dave/Generated/CPU_CTRL_XMC1/cpu_ctrl_xmc1_conf.o
 .debug_info    0x0000f4b9      0x23c ./Dave/Generated/CLOCK_XMC1/clock_xmc1.o
 .debug_info    0x0000f6f5      0x20e ./Dave/Generated/CLOCK_XMC1/clock_xmc1_conf.o
 .debug_info    0x0000f903     0x1eef ./Dave/Generated/ADC_MEASUREMENT/adc_measurement.o
 .debug_info    0x000117f2     0x1ac2 ./Dave/Generated/ADC_MEASUREMENT/adc_measurement_conf.o
 .debug_info    0x000132b4     0x2818 ./Dave/Generated/DAVE.o
 .debug_info    0x00015acc     0x133f ./main.o
 .debug_info    0x00016e0b     0x2b3c C:\Workspaces\DAVE-4.3-64Bit\WS_2016_09_02\Radar_sense2Go_exe\Libraries\RadarSense2Go\bin\libRadar_Sense2Go_V3.0_Lib.a(radarsense2go_library.o)
 .debug_info    0x00019947      0x55c C:\Workspaces\DAVE-4.3-64Bit\WS_2016_09_02\Radar_sense2Go_exe\Libraries\RadarSense2Go\bin\libRadar_Sense2Go_V3.0_Lib.a(radarsense2go_calc.o)

.debug_abbrev   0x00000000     0x3d21
 *(.debug_abbrev)
 .debug_abbrev  0x00000000       0x12 ./Startup/startup_XMC1300.o
 .debug_abbrev  0x00000012      0x108 ./Startup/system_XMC1300.o
 .debug_abbrev  0x0000011a       0xdf ./Libraries/XMCLib/src/xmc1_gpio.o
 .debug_abbrev  0x000001f9      0x291 ./Libraries/XMCLib/src/xmc1_rtc.o
 .debug_abbrev  0x0000048a      0x3c4 ./Libraries/XMCLib/src/xmc1_scu.o
 .debug_abbrev  0x0000084e      0x2f3 ./Libraries/XMCLib/src/xmc_ccu4.o
 .debug_abbrev  0x00000b41       0xee ./Libraries/XMCLib/src/xmc_gpio.o
 .debug_abbrev  0x00000c2f      0x1d6 ./Libraries/XMCLib/src/xmc_math.o
 .debug_abbrev  0x00000e05      0x1bf ./Libraries/XMCLib/src/xmc_rtc.o
 .debug_abbrev  0x00000fc4      0x3fe ./Libraries/XMCLib/src/xmc_vadc.o
 .debug_abbrev  0x000013c2       0xea ./Libraries/Newlib/syscalls.o
 .debug_abbrev  0x000014ac      0x3dc ./Dave/Generated/TIMER/timer.o
 .debug_abbrev  0x00001888      0x149 ./Dave/Generated/TIMER/timer_conf.o
 .debug_abbrev  0x000019d1      0x367 ./Dave/Generated/RTC/rtc.o
 .debug_abbrev  0x00001d38      0x119 ./Dave/Generated/RTC/rtc_conf.o
 .debug_abbrev  0x00001e51      0x1a3 ./Dave/Generated/INTERRUPT/interrupt.o
 .debug_abbrev  0x00001ff4       0x7f ./Dave/Generated/INTERRUPT/interrupt_conf.o
 .debug_abbrev  0x00002073      0x20c ./Dave/Generated/GLOBAL_SCU_XMC1/global_scu_xmc1.o
 .debug_abbrev  0x0000227f       0x95 ./Dave/Generated/GLOBAL_SCU_XMC1/global_scu_xmc1_conf.o
 .debug_abbrev  0x00002314      0x176 ./Dave/Generated/GLOBAL_CCU4/global_ccu4.o
 .debug_abbrev  0x0000248a       0xdd ./Dave/Generated/GLOBAL_CCU4/global_ccu4_conf.o
 .debug_abbrev  0x00002567      0x228 ./Dave/Generated/GLOBAL_ADC/global_adc.o
 .debug_abbrev  0x0000278f      0x163 ./Dave/Generated/GLOBAL_ADC/global_adc_conf.o
 .debug_abbrev  0x000028f2      0x130 ./Dave/Generated/DIGITAL_IO/digital_io.o
 .debug_abbrev  0x00002a22       0xb2 ./Dave/Generated/DIGITAL_IO/digital_io_conf.o
 .debug_abbrev  0x00002ad4       0x80 ./Dave/Generated/CPU_CTRL_XMC1/cpu_ctrl_xmc1_conf.o
 .debug_abbrev  0x00002b54      0x137 ./Dave/Generated/CLOCK_XMC1/clock_xmc1.o
 .debug_abbrev  0x00002c8b      0x126 ./Dave/Generated/CLOCK_XMC1/clock_xmc1_conf.o
 .debug_abbrev  0x00002db1      0x2f9 ./Dave/Generated/ADC_MEASUREMENT/adc_measurement.o
 .debug_abbrev  0x000030aa      0x16a ./Dave/Generated/ADC_MEASUREMENT/adc_measurement_conf.o
 .debug_abbrev  0x00003214      0x21e ./Dave/Generated/DAVE.o
 .debug_abbrev  0x00003432      0x383 ./main.o
 .debug_abbrev  0x000037b5      0x386 C:\Workspaces\DAVE-4.3-64Bit\WS_2016_09_02\Radar_sense2Go_exe\Libraries\RadarSense2Go\bin\libRadar_Sense2Go_V3.0_Lib.a(radarsense2go_library.o)
 .debug_abbrev  0x00003b3b      0x1e6 C:\Workspaces\DAVE-4.3-64Bit\WS_2016_09_02\Radar_sense2Go_exe\Libraries\RadarSense2Go\bin\libRadar_Sense2Go_V3.0_Lib.a(radarsense2go_calc.o)

.debug_line     0x00000000     0x6fe7
 *(.debug_line)
 .debug_line    0x00000000      0x102 ./Startup/startup_XMC1300.o
 .debug_line    0x00000102      0x1cd ./Startup/system_XMC1300.o
 .debug_line    0x000002cf      0x1a8 ./Libraries/XMCLib/src/xmc1_gpio.o
 .debug_line    0x00000477      0x30b ./Libraries/XMCLib/src/xmc1_rtc.o
 .debug_line    0x00000782      0x5e0 ./Libraries/XMCLib/src/xmc1_scu.o
 .debug_line    0x00000d62      0x58d ./Libraries/XMCLib/src/xmc_ccu4.o
 .debug_line    0x000012ef      0x195 ./Libraries/XMCLib/src/xmc_gpio.o
 .debug_line    0x00001484      0x4c0 ./Libraries/XMCLib/src/xmc_math.o
 .debug_line    0x00001944      0x35c ./Libraries/XMCLib/src/xmc_rtc.o
 .debug_line    0x00001ca0      0xced ./Libraries/XMCLib/src/xmc_vadc.o
 .debug_line    0x0000298d       0xcd ./Libraries/Newlib/syscalls.o
 .debug_line    0x00002a5a      0x56f ./Dave/Generated/TIMER/timer.o
 .debug_line    0x00002fc9      0x280 ./Dave/Generated/TIMER/timer_conf.o
 .debug_line    0x00003249      0x553 ./Dave/Generated/RTC/rtc.o
 .debug_line    0x0000379c      0x25b ./Dave/Generated/RTC/rtc_conf.o
 .debug_line    0x000039f7      0x291 ./Dave/Generated/INTERRUPT/interrupt.o
 .debug_line    0x00003c88      0x187 ./Dave/Generated/INTERRUPT/interrupt_conf.o
 .debug_line    0x00003e0f      0x3ba ./Dave/Generated/GLOBAL_SCU_XMC1/global_scu_xmc1.o
 .debug_line    0x000041c9      0x1a0 ./Dave/Generated/GLOBAL_SCU_XMC1/global_scu_xmc1_conf.o
 .debug_line    0x00004369      0x2a9 ./Dave/Generated/GLOBAL_CCU4/global_ccu4.o
 .debug_line    0x00004612      0x210 ./Dave/Generated/GLOBAL_CCU4/global_ccu4_conf.o
 .debug_line    0x00004822      0x2ce ./Dave/Generated/GLOBAL_ADC/global_adc.o
 .debug_line    0x00004af0      0x1ff ./Dave/Generated/GLOBAL_ADC/global_adc_conf.o
 .debug_line    0x00004cef      0x201 ./Dave/Generated/DIGITAL_IO/digital_io.o
 .debug_line    0x00004ef0      0x17f ./Dave/Generated/DIGITAL_IO/digital_io_conf.o
 .debug_line    0x0000506f       0x78 ./Dave/Generated/CPU_CTRL_XMC1/cpu_ctrl_xmc1_conf.o
 .debug_line    0x000050e7      0x287 ./Dave/Generated/CLOCK_XMC1/clock_xmc1.o
 .debug_line    0x0000536e      0x214 ./Dave/Generated/CLOCK_XMC1/clock_xmc1_conf.o
 .debug_line    0x00005582      0x4eb ./Dave/Generated/ADC_MEASUREMENT/adc_measurement.o
 .debug_line    0x00005a6d      0x28d ./Dave/Generated/ADC_MEASUREMENT/adc_measurement_conf.o
 .debug_line    0x00005cfa      0x46a ./Dave/Generated/DAVE.o
 .debug_line    0x00006164      0x543 ./main.o
 .debug_line    0x000066a7      0x646 C:\Workspaces\DAVE-4.3-64Bit\WS_2016_09_02\Radar_sense2Go_exe\Libraries\RadarSense2Go\bin\libRadar_Sense2Go_V3.0_Lib.a(radarsense2go_library.o)
 .debug_line    0x00006ced      0x2fa C:\Workspaces\DAVE-4.3-64Bit\WS_2016_09_02\Radar_sense2Go_exe\Libraries\RadarSense2Go\bin\libRadar_Sense2Go_V3.0_Lib.a(radarsense2go_calc.o)

.debug_frame    0x00000000     0x1bc0
 *(.debug_frame)
 .debug_frame   0x00000000       0x74 ./Startup/system_XMC1300.o
 .debug_frame   0x00000074       0x54 ./Libraries/XMCLib/src/xmc1_gpio.o
 .debug_frame   0x000000c8       0xc0 ./Libraries/XMCLib/src/xmc1_rtc.o
 .debug_frame   0x00000188      0x294 ./Libraries/XMCLib/src/xmc1_scu.o
 .debug_frame   0x0000041c      0x2a4 ./Libraries/XMCLib/src/xmc_ccu4.o
 .debug_frame   0x000006c0       0x48 ./Libraries/XMCLib/src/xmc_gpio.o
 .debug_frame   0x00000708      0x1d8 ./Libraries/XMCLib/src/xmc_math.o
 .debug_frame   0x000008e0       0xb8 ./Libraries/XMCLib/src/xmc_rtc.o
 .debug_frame   0x00000998      0x7b8 ./Libraries/XMCLib/src/xmc_vadc.o
 .debug_frame   0x00001150       0x3c ./Libraries/Newlib/syscalls.o
 .debug_frame   0x0000118c      0x114 ./Dave/Generated/TIMER/timer.o
 .debug_frame   0x000012a0      0x174 ./Dave/Generated/RTC/rtc.o
 .debug_frame   0x00001414       0x48 ./Dave/Generated/INTERRUPT/interrupt.o
 .debug_frame   0x0000145c       0xbc ./Dave/Generated/GLOBAL_SCU_XMC1/global_scu_xmc1.o
 .debug_frame   0x00001518       0x40 ./Dave/Generated/GLOBAL_CCU4/global_ccu4.o
 .debug_frame   0x00001558       0x54 ./Dave/Generated/GLOBAL_ADC/global_adc.o
 .debug_frame   0x000015ac       0x40 ./Dave/Generated/DIGITAL_IO/digital_io.o
 .debug_frame   0x000015ec       0x20 ./Dave/Generated/CPU_CTRL_XMC1/cpu_ctrl_xmc1_conf.o
 .debug_frame   0x0000160c       0x50 ./Dave/Generated/CLOCK_XMC1/clock_xmc1.o
 .debug_frame   0x0000165c       0x30 ./Dave/Generated/CLOCK_XMC1/clock_xmc1_conf.o
 .debug_frame   0x0000168c       0x84 ./Dave/Generated/ADC_MEASUREMENT/adc_measurement.o
 .debug_frame   0x00001710       0x2c ./Dave/Generated/DAVE.o
 .debug_frame   0x0000173c       0x8c ./main.o
 .debug_frame   0x000017c8      0x13c C:\Workspaces\DAVE-4.3-64Bit\WS_2016_09_02\Radar_sense2Go_exe\Libraries\RadarSense2Go\bin\libRadar_Sense2Go_V3.0_Lib.a(radarsense2go_library.o)
 .debug_frame   0x00001904      0x108 C:\Workspaces\DAVE-4.3-64Bit\WS_2016_09_02\Radar_sense2Go_exe\Libraries\RadarSense2Go\bin\libRadar_Sense2Go_V3.0_Lib.a(radarsense2go_calc.o)
 .debug_frame   0x00001a0c       0x34 c:/davev4-64bit/dave-4.3.2/eclipse/arm-gcc-49/bin/../lib/gcc/arm-none-eabi/4.9.3/armv6-m\libgcc.a(_muldi3.o)
 .debug_frame   0x00001a40       0x50 c:/davev4-64bit/dave-4.3.2/eclipse/arm-gcc-49/bin/../lib/gcc/arm-none-eabi/4.9.3/armv6-m\libgcc.a(bpabi.o)
 .debug_frame   0x00001a90       0x3c c:/davev4-64bit/dave-4.3.2/eclipse/arm-gcc-49/bin/../lib/gcc/arm-none-eabi/4.9.3/armv6-m\libgcc.a(mulsf3.o)
 .debug_frame   0x00001acc       0x28 c:/davev4-64bit/dave-4.3.2/eclipse/arm-gcc-49/bin/../lib/gcc/arm-none-eabi/4.9.3/armv6-m\libgcc.a(floatunsisf.o)
 .debug_frame   0x00001af4       0x3c c:/davev4-64bit/dave-4.3.2/eclipse/arm-gcc-49/bin/../lib/gcc/arm-none-eabi/4.9.3/armv6-m\libgcc.a(_divdi3.o)
 .debug_frame   0x00001b30       0x3c c:/davev4-64bit/dave-4.3.2/eclipse/arm-gcc-49/bin/../lib/gcc/arm-none-eabi/4.9.3/armv6-m\libgcc.a(_udivdi3.o)
 .debug_frame   0x00001b6c       0x2c c:/davev4-64bit/dave-4.3.2/eclipse/arm-gcc-49/bin/../lib/gcc/arm-none-eabi/4.9.3/../../../../arm-none-eabi/lib/armv6-m\libg_nano.a(lib_a-init.o)
 .debug_frame   0x00001b98       0x28 c:/davev4-64bit/dave-4.3.2/eclipse/arm-gcc-49/bin/../lib/gcc/arm-none-eabi/4.9.3/../../../../arm-none-eabi/lib/armv6-m\libg_nano.a(lib_a-memcpy.o)

.debug_str      0x00000000     0x8505
 *(.debug_str)
 .debug_str     0x00000000      0x2a6 ./Startup/system_XMC1300.o
                                0x300 (size before relaxing)
 .debug_str     0x000002a6      0x5d0 ./Libraries/XMCLib/src/xmc1_gpio.o
                                0x7ba (size before relaxing)
 .debug_str     0x00000876      0x42e ./Libraries/XMCLib/src/xmc1_rtc.o
                                0x6a1 (size before relaxing)
 .debug_str     0x00000ca4      0x7a8 ./Libraries/XMCLib/src/xmc1_scu.o
                                0xc32 (size before relaxing)
 .debug_str     0x0000144c     0x12ce ./Libraries/XMCLib/src/xmc_ccu4.o
                               0x1692 (size before relaxing)
 .debug_str     0x0000271a       0xca ./Libraries/XMCLib/src/xmc_gpio.o
                                0x708 (size before relaxing)
 .debug_str     0x000027e4      0x6ab ./Libraries/XMCLib/src/xmc_math.o
                                0x8c0 (size before relaxing)
 .debug_str     0x00002e8f      0x120 ./Libraries/XMCLib/src/xmc_rtc.o
                                0x46e (size before relaxing)
 .debug_str     0x00002faf     0x285f ./Libraries/XMCLib/src/xmc_vadc.o
                               0x2cc0 (size before relaxing)
 .debug_str     0x0000580e       0x77 ./Libraries/Newlib/syscalls.o
                                0x207 (size before relaxing)
 .debug_str     0x00005885      0x576 ./Dave/Generated/TIMER/timer.o
                                0xc45 (size before relaxing)
 .debug_str     0x00005dfb      0x29a ./Dave/Generated/TIMER/timer_conf.o
                                0xac4 (size before relaxing)
 .debug_str     0x00006095      0x616 ./Dave/Generated/RTC/rtc.o
                                0xb16 (size before relaxing)
 .debug_str     0x000066ab      0x211 ./Dave/Generated/RTC/rtc_conf.o
                                0x783 (size before relaxing)
 .debug_str     0x000068bc      0x2ff ./Dave/Generated/INTERRUPT/interrupt.o
                                0x575 (size before relaxing)
 .debug_str     0x00006bbb       0x39 ./Dave/Generated/INTERRUPT/interrupt_conf.o
                                0x3ee (size before relaxing)
 .debug_str     0x00006bf4       0x85 ./Dave/Generated/GLOBAL_SCU_XMC1/global_scu_xmc1.o
                                0x765 (size before relaxing)
 .debug_str     0x00006c79       0x52 ./Dave/Generated/GLOBAL_SCU_XMC1/global_scu_xmc1_conf.o
                                0x2a7 (size before relaxing)
 .debug_str     0x00006ccb       0x46 ./Dave/Generated/GLOBAL_CCU4/global_ccu4.o
                                0x4d0 (size before relaxing)
 .debug_str     0x00006d11       0x31 ./Dave/Generated/GLOBAL_CCU4/global_ccu4_conf.o
                                0x3d6 (size before relaxing)
 .debug_str     0x00006d42      0x1c1 ./Dave/Generated/GLOBAL_ADC/global_adc.o
                                0xba2 (size before relaxing)
 .debug_str     0x00006f03      0x1d9 ./Dave/Generated/GLOBAL_ADC/global_adc_conf.o
                                0xb56 (size before relaxing)
 .debug_str     0x000070dc       0xdf ./Dave/Generated/DIGITAL_IO/digital_io.o
                                0x91e (size before relaxing)
 .debug_str     0x000071bb       0x4a ./Dave/Generated/DIGITAL_IO/digital_io_conf.o
                                0x850 (size before relaxing)
 .debug_str     0x00007205       0x63 ./Dave/Generated/CPU_CTRL_XMC1/cpu_ctrl_xmc1_conf.o
                                0x20f (size before relaxing)
 .debug_str     0x00007268      0x144 ./Dave/Generated/CLOCK_XMC1/clock_xmc1.o
                                0x37e (size before relaxing)
 .debug_str     0x000073ac       0x50 ./Dave/Generated/CLOCK_XMC1/clock_xmc1_conf.o
                                0x3eb (size before relaxing)
 .debug_str     0x000073fc      0x3da ./Dave/Generated/ADC_MEASUREMENT/adc_measurement.o
                               0x1568 (size before relaxing)
 .debug_str     0x000077d6      0x312 ./Dave/Generated/ADC_MEASUREMENT/adc_measurement_conf.o
                               0x1939 (size before relaxing)
 .debug_str     0x00007ae8       0x85 ./Dave/Generated/DAVE.o
                               0x2362 (size before relaxing)
 .debug_str     0x00007b6d      0x4ba ./main.o
                               0x132a (size before relaxing)
 .debug_str     0x00008027      0x460 C:\Workspaces\DAVE-4.3-64Bit\WS_2016_09_02\Radar_sense2Go_exe\Libraries\RadarSense2Go\bin\libRadar_Sense2Go_V3.0_Lib.a(radarsense2go_library.o)
                               0x1eaf (size before relaxing)
 .debug_str     0x00008487       0x7e C:\Workspaces\DAVE-4.3-64Bit\WS_2016_09_02\Radar_sense2Go_exe\Libraries\RadarSense2Go\bin\libRadar_Sense2Go_V3.0_Lib.a(radarsense2go_calc.o)
                                0x3de (size before relaxing)

.debug_loc      0x00000000     0x7217
 *(.debug_loc)
 .debug_loc     0x00000000       0x60 ./Startup/system_XMC1300.o
 .debug_loc     0x00000060      0x133 ./Libraries/XMCLib/src/xmc1_gpio.o
 .debug_loc     0x00000193      0x111 ./Libraries/XMCLib/src/xmc1_rtc.o
 .debug_loc     0x000002a4      0x6fb ./Libraries/XMCLib/src/xmc1_scu.o
 .debug_loc     0x0000099f      0xbd0 ./Libraries/XMCLib/src/xmc_ccu4.o
 .debug_loc     0x0000156f       0xe5 ./Libraries/XMCLib/src/xmc_gpio.o
 .debug_loc     0x00001654      0x452 ./Libraries/XMCLib/src/xmc_math.o
 .debug_loc     0x00001aa6       0x61 ./Libraries/XMCLib/src/xmc_rtc.o
 .debug_loc     0x00001b07     0x2d41 ./Libraries/XMCLib/src/xmc_vadc.o
 .debug_loc     0x00004848       0x8a ./Libraries/Newlib/syscalls.o
 .debug_loc     0x000048d2      0x88d ./Dave/Generated/TIMER/timer.o
 .debug_loc     0x0000515f      0x64c ./Dave/Generated/RTC/rtc.o
 .debug_loc     0x000057ab       0xf2 ./Dave/Generated/INTERRUPT/interrupt.o
 .debug_loc     0x0000589d      0x23a ./Dave/Generated/GLOBAL_SCU_XMC1/global_scu_xmc1.o
 .debug_loc     0x00005ad7       0x7f ./Dave/Generated/GLOBAL_CCU4/global_ccu4.o
 .debug_loc     0x00005b56       0xe2 ./Dave/Generated/GLOBAL_ADC/global_adc.o
 .debug_loc     0x00005c38       0x6c ./Dave/Generated/DIGITAL_IO/digital_io.o
 .debug_loc     0x00005ca4       0x82 ./Dave/Generated/CLOCK_XMC1/clock_xmc1.o
 .debug_loc     0x00005d26       0x2c ./Dave/Generated/CLOCK_XMC1/clock_xmc1_conf.o
 .debug_loc     0x00005d52      0x365 ./Dave/Generated/ADC_MEASUREMENT/adc_measurement.o
 .debug_loc     0x000060b7       0x81 ./Dave/Generated/DAVE.o
 .debug_loc     0x00006138      0x2fd ./main.o
 .debug_loc     0x00006435      0x257 C:\Workspaces\DAVE-4.3-64Bit\WS_2016_09_02\Radar_sense2Go_exe\Libraries\RadarSense2Go\bin\libRadar_Sense2Go_V3.0_Lib.a(radarsense2go_library.o)
 .debug_loc     0x0000668c      0xb8b C:\Workspaces\DAVE-4.3-64Bit\WS_2016_09_02\Radar_sense2Go_exe\Libraries\RadarSense2Go\bin\libRadar_Sense2Go_V3.0_Lib.a(radarsense2go_calc.o)

.debug_macinfo
 *(.debug_macinfo)

.debug_ranges   0x00000000      0xf38
 *(.debug_ranges)
 .debug_ranges  0x00000000       0x20 ./Startup/startup_XMC1300.o
 .debug_ranges  0x00000020       0x28 ./Startup/system_XMC1300.o
 .debug_ranges  0x00000048       0x18 ./Libraries/XMCLib/src/xmc1_gpio.o
 .debug_ranges  0x00000060       0x78 ./Libraries/XMCLib/src/xmc1_rtc.o
 .debug_ranges  0x000000d8      0x1b0 ./Libraries/XMCLib/src/xmc1_scu.o
 .debug_ranges  0x00000288      0x110 ./Libraries/XMCLib/src/xmc_ccu4.o
 .debug_ranges  0x00000398       0x18 ./Libraries/XMCLib/src/xmc_gpio.o
 .debug_ranges  0x000003b0       0xe0 ./Libraries/XMCLib/src/xmc_math.o
 .debug_ranges  0x00000490       0x58 ./Libraries/XMCLib/src/xmc_rtc.o
 .debug_ranges  0x000004e8      0x450 ./Libraries/XMCLib/src/xmc_vadc.o
 .debug_ranges  0x00000938       0x18 ./Libraries/Newlib/syscalls.o
 .debug_ranges  0x00000950      0x138 ./Dave/Generated/TIMER/timer.o
 .debug_ranges  0x00000a88       0xb0 ./Dave/Generated/RTC/rtc.o
 .debug_ranges  0x00000b38       0x30 ./Dave/Generated/INTERRUPT/interrupt.o
 .debug_ranges  0x00000b68       0x70 ./Dave/Generated/GLOBAL_SCU_XMC1/global_scu_xmc1.o
 .debug_ranges  0x00000bd8       0x30 ./Dave/Generated/GLOBAL_CCU4/global_ccu4.o
 .debug_ranges  0x00000c08       0x40 ./Dave/Generated/GLOBAL_ADC/global_adc.o
 .debug_ranges  0x00000c48       0x18 ./Dave/Generated/DIGITAL_IO/digital_io.o
 .debug_ranges  0x00000c60       0x10 ./Dave/Generated/CPU_CTRL_XMC1/cpu_ctrl_xmc1_conf.o
 .debug_ranges  0x00000c70       0x20 ./Dave/Generated/CLOCK_XMC1/clock_xmc1.o
 .debug_ranges  0x00000c90       0x10 ./Dave/Generated/CLOCK_XMC1/clock_xmc1_conf.o
 .debug_ranges  0x00000ca0      0x128 ./Dave/Generated/ADC_MEASUREMENT/adc_measurement.o
 .debug_ranges  0x00000dc8       0x10 ./Dave/Generated/DAVE.o
 .debug_ranges  0x00000dd8       0x48 ./main.o
 .debug_ranges  0x00000e20       0x88 C:\Workspaces\DAVE-4.3-64Bit\WS_2016_09_02\Radar_sense2Go_exe\Libraries\RadarSense2Go\bin\libRadar_Sense2Go_V3.0_Lib.a(radarsense2go_library.o)
 .debug_ranges  0x00000ea8       0x90 C:\Workspaces\DAVE-4.3-64Bit\WS_2016_09_02\Radar_sense2Go_exe\Libraries\RadarSense2Go\bin\libRadar_Sense2Go_V3.0_Lib.a(radarsense2go_calc.o)

.debug_weaknames
 *(.debug_weaknames)

.debug_funcnames
 *(.debug_funcnames)

.debug_typenames
 *(.debug_typenames)

.debug_varnames
 *(.debug_varnames)

.build_attributes
                0x00000000      0x84a
 *(.ARM.attributes)
 .ARM.attributes
                0x00000000       0x21 ./Startup/startup_XMC1300.o
 .ARM.attributes
                0x00000021       0x31 ./Startup/system_XMC1300.o
 .ARM.attributes
                0x00000052       0x31 ./Libraries/XMCLib/src/xmc1_gpio.o
 .ARM.attributes
                0x00000083       0x31 ./Libraries/XMCLib/src/xmc1_rtc.o
 .ARM.attributes
                0x000000b4       0x31 ./Libraries/XMCLib/src/xmc1_scu.o
 .ARM.attributes
                0x000000e5       0x31 ./Libraries/XMCLib/src/xmc_ccu4.o
 .ARM.attributes
                0x00000116       0x31 ./Libraries/XMCLib/src/xmc_gpio.o
 .ARM.attributes
                0x00000147       0x31 ./Libraries/XMCLib/src/xmc_math.o
 .ARM.attributes
                0x00000178       0x31 ./Libraries/XMCLib/src/xmc_rtc.o
 .ARM.attributes
                0x000001a9       0x31 ./Libraries/XMCLib/src/xmc_vadc.o
 .ARM.attributes
                0x000001da       0x31 ./Libraries/Newlib/syscalls.o
 .ARM.attributes
                0x0000020b       0x31 ./Dave/Generated/TIMER/timer.o
 .ARM.attributes
                0x0000023c       0x31 ./Dave/Generated/TIMER/timer_conf.o
 .ARM.attributes
                0x0000026d       0x31 ./Dave/Generated/RTC/rtc.o
 .ARM.attributes
                0x0000029e       0x31 ./Dave/Generated/RTC/rtc_conf.o
 .ARM.attributes
                0x000002cf       0x31 ./Dave/Generated/INTERRUPT/interrupt.o
 .ARM.attributes
                0x00000300       0x31 ./Dave/Generated/INTERRUPT/interrupt_conf.o
 .ARM.attributes
                0x00000331       0x31 ./Dave/Generated/GLOBAL_SCU_XMC1/global_scu_xmc1.o
 .ARM.attributes
                0x00000362       0x31 ./Dave/Generated/GLOBAL_SCU_XMC1/global_scu_xmc1_conf.o
 .ARM.attributes
                0x00000393       0x31 ./Dave/Generated/GLOBAL_CCU4/global_ccu4.o
 .ARM.attributes
                0x000003c4       0x31 ./Dave/Generated/GLOBAL_CCU4/global_ccu4_conf.o
 .ARM.attributes
                0x000003f5       0x31 ./Dave/Generated/GLOBAL_ADC/global_adc.o
 .ARM.attributes
                0x00000426       0x31 ./Dave/Generated/GLOBAL_ADC/global_adc_conf.o
 .ARM.attributes
                0x00000457       0x31 ./Dave/Generated/DIGITAL_IO/digital_io.o
 .ARM.attributes
                0x00000488       0x31 ./Dave/Generated/DIGITAL_IO/digital_io_conf.o
 .ARM.attributes
                0x000004b9       0x31 ./Dave/Generated/CPU_CTRL_XMC1/cpu_ctrl_xmc1_conf.o
 .ARM.attributes
                0x000004ea       0x31 ./Dave/Generated/CLOCK_XMC1/clock_xmc1.o
 .ARM.attributes
                0x0000051b       0x31 ./Dave/Generated/CLOCK_XMC1/clock_xmc1_conf.o
 .ARM.attributes
                0x0000054c       0x31 ./Dave/Generated/ADC_MEASUREMENT/adc_measurement.o
 .ARM.attributes
                0x0000057d       0x31 ./Dave/Generated/ADC_MEASUREMENT/adc_measurement_conf.o
 .ARM.attributes
                0x000005ae       0x31 ./Dave/Generated/DAVE.o
 .ARM.attributes
                0x000005df       0x31 ./main.o
 .ARM.attributes
                0x00000610       0x31 C:\Workspaces\DAVE-4.3-64Bit\WS_2016_09_02\Radar_sense2Go_exe\Libraries\RadarSense2Go\bin\libRadar_Sense2Go_V3.0_Lib.a(radarsense2go_library.o)
 .ARM.attributes
                0x00000641       0x31 C:\Workspaces\DAVE-4.3-64Bit\WS_2016_09_02\Radar_sense2Go_exe\Libraries\RadarSense2Go\bin\libRadar_Sense2Go_V3.0_Lib.a(radarsense2go_calc.o)
 .ARM.attributes
                0x00000672       0x1e c:/davev4-64bit/dave-4.3.2/eclipse/arm-gcc-49/bin/../lib/gcc/arm-none-eabi/4.9.3/armv6-m\libgcc.a(_aeabi_uldivmod.o)
 .ARM.attributes
                0x00000690       0x2c c:/davev4-64bit/dave-4.3.2/eclipse/arm-gcc-49/bin/../lib/gcc/arm-none-eabi/4.9.3/armv6-m\libgcc.a(_muldi3.o)
 .ARM.attributes
                0x000006bc       0x2c c:/davev4-64bit/dave-4.3.2/eclipse/arm-gcc-49/bin/../lib/gcc/arm-none-eabi/4.9.3/armv6-m\libgcc.a(bpabi.o)
 .ARM.attributes
                0x000006e8       0x2c c:/davev4-64bit/dave-4.3.2/eclipse/arm-gcc-49/bin/../lib/gcc/arm-none-eabi/4.9.3/armv6-m\libgcc.a(mulsf3.o)
 .ARM.attributes
                0x00000714       0x2c c:/davev4-64bit/dave-4.3.2/eclipse/arm-gcc-49/bin/../lib/gcc/arm-none-eabi/4.9.3/armv6-m\libgcc.a(floatunsisf.o)
 .ARM.attributes
                0x00000740       0x1e c:/davev4-64bit/dave-4.3.2/eclipse/arm-gcc-49/bin/../lib/gcc/arm-none-eabi/4.9.3/armv6-m\libgcc.a(_dvmd_tls.o)
 .ARM.attributes
                0x0000075e       0x1e c:/davev4-64bit/dave-4.3.2/eclipse/arm-gcc-49/bin/../lib/gcc/arm-none-eabi/4.9.3/armv6-m\libgcc.a(_clzsi2.o)
 .ARM.attributes
                0x0000077c       0x2c c:/davev4-64bit/dave-4.3.2/eclipse/arm-gcc-49/bin/../lib/gcc/arm-none-eabi/4.9.3/armv6-m\libgcc.a(_divdi3.o)
 .ARM.attributes
                0x000007a8       0x2c c:/davev4-64bit/dave-4.3.2/eclipse/arm-gcc-49/bin/../lib/gcc/arm-none-eabi/4.9.3/armv6-m\libgcc.a(_udivdi3.o)
 .ARM.attributes
                0x000007d4       0x1e c:/davev4-64bit/dave-4.3.2/eclipse/arm-gcc-49/bin/../lib/gcc/arm-none-eabi/4.9.3/armv6-m\libgcc.a(_clzdi2.o)
 .ARM.attributes
                0x000007f2       0x2c c:/davev4-64bit/dave-4.3.2/eclipse/arm-gcc-49/bin/../lib/gcc/arm-none-eabi/4.9.3/../../../../arm-none-eabi/lib/armv6-m\libg_nano.a(lib_a-init.o)
 .ARM.attributes
                0x0000081e       0x2c c:/davev4-64bit/dave-4.3.2/eclipse/arm-gcc-49/bin/../lib/gcc/arm-none-eabi/4.9.3/../../../../arm-none-eabi/lib/armv6-m\libg_nano.a(lib_a-memcpy.o)
OUTPUT(Radar_sense2Go_exe.elf elf32-littlearm)
